Archive member included because of file (symbol)

/usr/local/xenon/usr/lib/libxenon.a(argv.o)
                              /usr/local/xenon/lib/gcc/xenon/4.7.1/../../../../xenon/lib/../lib/crt1.o (__check_argv)
/usr/local/xenon/usr/lib/libxenon.a(startup_from_xell.o)
                              (_start)
/usr/local/xenon/usr/lib/libxenon.a(console.o)
                              kbootconf.o (console_color)
/usr/local/xenon/usr/lib/libxenon.a(ata.o)
                              main.o (xenon_ata_init)
/usr/local/xenon/usr/lib/libxenon.a(iso9660.o)
                              mount.o (ISO9660_Mount)
/usr/local/xenon/usr/lib/libxenon.a(input.o)
                              kbootconf.o (get_controller_data)
/usr/local/xenon/usr/lib/libxenon.a(newlib.o)
                              /usr/local/xenon/usr/lib/libxenon.a(console.o) (stdout_hook)
/usr/local/xenon/usr/lib/libxenon.a(xenon_syscalls.o)
                              /usr/local/xenon/usr/lib/libxenon.a(newlib.o) (__syscalls)
/usr/local/xenon/usr/lib/libxenon.a(atomic.o)
                              /usr/local/xenon/usr/lib/libxenon.a(startup_from_xell.o) (atomic_clearset)
/usr/local/xenon/usr/lib/libxenon.a(cache.o)
                              /usr/local/xenon/usr/lib/libxenon.a(ata.o) (memdcbt)
/usr/local/xenon/usr/lib/libxenon.a(except.o)
                              /usr/local/xenon/usr/lib/libxenon.a(startup_from_xell.o) (secondary_lock)
/usr/local/xenon/usr/lib/libxenon.a(c_except.o)
                              /usr/local/xenon/usr/lib/libxenon.a(except.o) (crashdump)
/usr/local/xenon/usr/lib/libxenon.a(vm.o)
                              /usr/local/xenon/usr/lib/libxenon.a(except.o) (vm_segfault_handler)
/usr/local/xenon/usr/lib/libxenon.a(time.o)
                              /usr/local/xenon/usr/lib/libxenon.a(ata.o) (mdelay)
/usr/local/xenon/usr/lib/libxenon.a(usbctrl.o)
                              /usr/local/xenon/usr/lib/libxenon.a(input.o) (usbctrl_set_rumble)
/usr/local/xenon/usr/lib/libxenon.a(usbd.o)
                              /usr/local/xenon/usr/lib/libxenon.a(usbctrl.o) (usb_open_pipe)
/usr/local/xenon/usr/lib/libxenon.a(usbdevs.o)
                              /usr/local/xenon/usr/lib/libxenon.a(usbd.o) (usb_find_driver)
/usr/local/xenon/usr/lib/libxenon.a(usbhid.o)
                              /usr/local/xenon/usr/lib/libxenon.a(usbdevs.o) (usbhid_driver)
/usr/local/xenon/usr/lib/libxenon.a(usbhub.o)
                              /usr/local/xenon/usr/lib/libxenon.a(usbd.o) (usb_scan)
/usr/local/xenon/usr/lib/libxenon.a(usbmain.o)
                              /usr/local/xenon/usr/lib/libxenon.a(xenon_syscalls.o) (usb_shutdown)
/usr/local/xenon/usr/lib/libxenon.a(tinyehci.o)
                              /usr/local/xenon/usr/lib/libxenon.a(usbmain.o) (USBStorage_Init)
/usr/local/xenon/usr/lib/libxenon.a(debug.o)
                              /usr/local/xenon/usr/lib/libxenon.a(xenon_syscalls.o) (data_breakpoint)
/usr/local/xenon/usr/lib/libxenon.a(xenon_smc.o)
                              /usr/local/xenon/usr/lib/libxenon.a(xenon_syscalls.o) (xenon_smc_send_message)
/usr/local/xenon/usr/lib/libxenon.a(xenon_power.o)
                              main.o (xenon_run_thread_task)
/usr/local/xenon/usr/lib/libxenon.a(xenon_secotp.o)
                              main.o (xenon_secotp_read_line)
/usr/local/xenon/usr/lib/libxenon.a(sound.o)
                              main.o (xenon_sound_init)
/usr/local/xenon/usr/lib/libxenon.a(xenon_uart.o)
                              /usr/local/xenon/usr/lib/libxenon.a(newlib.o) (putch)
/usr/local/xenon/usr/lib/libxenon.a(xenon_sfcx.o)
                              httpd_flash.o (sfcx_read_page)
/usr/local/xenon/usr/lib/libxenon.a(xenon_config.o)
                              main.o (xenon_config_init)
/usr/local/xenon/usr/lib/libxenon.a(xenos.o)
                              main.o (xenos_init)
/usr/local/xenon/usr/lib/libxenon.a(xenos_edid.o)
                              /usr/local/xenon/usr/lib/libxenon.a(xenos.o) (xenos_get_edid)
/usr/local/xenon/usr/lib/libxenon.a(mem.o)
                              httpd.o (mem_free)
/usr/local/xenon/usr/lib/libxenon.a(netif.o)
                              kbootconf.o (netif_set_ipaddr)
/usr/local/xenon/usr/lib/libxenon.a(pbuf.o)
                              tftp.o (pbuf_free)
/usr/local/xenon/usr/lib/libxenon.a(stats.o)
                              /usr/local/xenon/usr/lib/libxenon.a(mem.o) (lwip_stats)
/usr/local/xenon/usr/lib/libxenon.a(tcp.o)
                              httpd.o (tcp_bind)
/usr/local/xenon/usr/lib/libxenon.a(ip_addr.o)
                              tftp.o (ipaddr_aton)
/usr/local/xenon/usr/lib/libxenon.a(ip.o)
                              /usr/local/xenon/usr/lib/libxenon.a(tcp.o) (ip_route)
/usr/local/xenon/usr/lib/libxenon.a(ip_frag.o)
                              /usr/local/xenon/usr/lib/libxenon.a(ip.o) (ip_reass)
/usr/local/xenon/usr/lib/libxenon.a(tcp_out.o)
                              httpd.o (tcp_write)
[...]
Memory Configuration

Name             Origin             Length             Attributes
*default*        0x0000000000000000 0xffffffffffffffff

Linker script and memory map

LOAD /usr/local/xenon/lib/gcc/xenon/4.7.1/../../../../xenon/lib/../lib/crt1.o
LOAD /usr/local/xenon/lib/gcc/xenon/4.7.1/../../../../xenon/lib/../lib/crti.o
LOAD /usr/local/xenon/lib/gcc/xenon/4.7.1/32/crtbegin.o
LOAD file.o
LOAD log.o
LOAD main.o
LOAD mount.o
LOAD tftp.o
LOAD httpd.o
LOAD httpd_flash.o
LOAD httpd_fuse.o
LOAD httpd_index.o
LOAD httpd_keyvault.o
LOAD kbootconf.o
LOAD puff.o
LOAD device_tree_include.o
LOAD /usr/local/xenon/usr/lib/libxenon.a
LOAD /usr/local/xenon/usr/lib/libfat.a
LOAD /usr/local/xenon/usr/lib/libext2fs.a
LOAD /usr/local/xenon/usr/lib/libntfs.a
LOAD /usr/local/xenon/usr/lib/libxtaf.a
LOAD /usr/local/xenon/xenon/lib/32/libm.a
LOAD /usr/local/xenon/lib/gcc/xenon/4.7.1/32/libgcc.a
LOAD /usr/local/xenon/xenon/lib/32/libc.a
LOAD /usr/local/xenon/lib/gcc/xenon/4.7.1/32/libgcc.a
LOAD /usr/local/xenon/lib/gcc/xenon/4.7.1/32/crtend.o
LOAD /usr/local/xenon/lib/gcc/xenon/4.7.1/../../../../xenon/lib/../lib/crtn.o
                0x0000000080000000                . = 0x80000000

.text           0x0000000080000000    0x8ed90
 *(.except*)
 .except        0x0000000080000000     0x1e30 /usr/local/xenon/usr/lib/libxenon.a(except.o)
                0x0000000080000000                secondary_lock
                0x0000000080000000                exc_base
                0x0000000080000004                secondary_alive
 *(.pagetable)
 .pagetable     0x0000000080001e30       0x40 /usr/local/xenon/usr/lib/libxenon.a(vm.o)
                0x0000000080001e30                pagetable
                0x0000000080001e70                pagetable_end = .
 *(.init*)
 *(.fini*)
 *(.text*)
 .text.call_ctors
                0x0000000080001e70       0x48 /usr/local/xenon/lib/gcc/xenon/4.7.1/../../../../xenon/lib/../lib/crt1.o
                0x0000000080001e70                call_ctors
 .text.c_register_frame
                0x0000000080001eb8        0xc /usr/local/xenon/lib/gcc/xenon/4.7.1/../../../../xenon/lib/../lib/crt1.o
                0x0000000080001eb8                c_register_frame
 .text.__crtmain
                0x0000000080001ec4       0x2c /usr/local/xenon/lib/gcc/xenon/4.7.1/../../../../xenon/lib/../lib/crt1.o
                0x0000000080001ec4                __crtmain
 .text.wait_and_cleanup_line
                0x0000000080001ef0       0x74 file.o
                0x0000000080001ef0                wait_and_cleanup_line
 .text.launch_file
                0x0000000080001f64      0x170 file.o
                0x0000000080001f64                launch_file
 .text.try_load_file
                0x00000000800020d4      0x12c file.o
                0x00000000800020d4                try_load_file
 .text.fileloop
                0x0000000080002200       0xf0 file.o
                0x0000000080002200                fileloop
 .text.tftp_loop
                0x00000000800022f0      0x124 file.o
                0x00000000800022f0                tftp_loop
 .text.log_hook
                0x0000000080002414       0x60 log.o
 .text.LogInit  0x0000000080002474       0x7c log.o
                0x0000000080002474                LogInit
 .text.LogDeInit
                0x00000000800024f0       0x10 log.o
                0x00000000800024f0                LogDeInit
 .text.reset_timebase_task
                0x0000000080002500       0x14 main.o
                0x0000000080002500                reset_timebase_task
 .text.do_asciiart
                0x0000000080002514       0x4c main.o
                0x0000000080002514                do_asciiart
 .text.dumpana  0x0000000080002560       0x74 main.o
                0x0000000080002560                dumpana
 .text.synchronize_timebases
                0x00000000800025d4       0xa0 main.o
                0x00000000800025d4                synchronize_timebases
 .text.startup.main
                0x0000000080002674      0x240 main.o
                0x0000000080002674                main
 .text.AddPartition
                0x00000000800028b4      0x330 mount.o
 .text.FindPartitions
                0x0000000080002be4      0x470 mount.o
 .text.mount_usb
                0x0000000080003054       0x30 mount.o
                0x0000000080003054                mount_usb
 .text.mount_all_devices
                0x0000000080003084       0xac mount.o
                0x0000000080003084                mount_all_devices
 .text.mftb     0x0000000080003130       0x1c tftp.o
 .text.send_ack
                0x000000008000314c       0xa4 tftp.o
                0x000000008000314c                send_ack
 .text.tftp_recv
                0x00000000800031f0      0x318 tftp.o
 .text.do_tftp  0x0000000080003508      0x420 tftp.o
                0x0000000080003508                do_tftp
 .text.boot_tftp
                0x0000000080003928       0xf0 tftp.o
                0x0000000080003928                boot_tftp
 .text.boot_server_name
                0x0000000080003a18       0x94 tftp.o
                0x0000000080003a18                boot_server_name
 .text.boot_file_name
                0x0000000080003aac        0xc tftp.o
                0x0000000080003aac                boot_file_name
 .text.response_static_finish
                0x0000000080003ab8        0xc httpd.o
 .text.response_mem_finish
                0x0000000080003ac4        0xc httpd.o
 .text.conn_err
                0x0000000080003ad0        0x4 httpd.o
 .text.close_conn
                0x0000000080003ad4       0x8c httpd.o
 .text.response_static_process_request.isra.1
                0x0000000080003b60       0x54 httpd.o
 .text.response_err404_process_request
                0x0000000080003bb4       0x3c httpd.o
 .text.response_err400_process_request
                0x0000000080003bf0       0x4c httpd.o
 .text.response_log_process_request
                0x0000000080003c3c       0xc8 httpd.o
 .text.response_mem_process_request
                0x0000000080003d04       0xa0 httpd.o
 .text.response_shutdown_process_request
                0x0000000080003da4       0xa4 httpd.o
 .text.response_reboot_process_request
                0x0000000080003e48       0xa4 httpd.o
 .text.httpd_init
                0x0000000080003eec       0x34 httpd.o
                0x0000000080003eec                httpd_init
 .text.http_accept
                0x0000000080003f20       0xec httpd.o
 .text.httpd_available_sendbuffer
                0x000000008000400c       0x30 httpd.o
                0x000000008000400c                httpd_available_sendbuffer
 .text.httpd_put_sendbuffer
                0x000000008000403c       0xa4 httpd.o
                0x000000008000403c                httpd_put_sendbuffer
 .text.response_static_do_data
                0x00000000800040e0       0x9c httpd.o
 .text.response_mem_do_data
                0x000000008000417c       0xa8 httpd.o
 .text.httpd_put_sendbuffer_string
                0x0000000080004224       0x44 httpd.o
                0x0000000080004224                httpd_put_sendbuffer_string
 .text.httpd_get_descr
                0x0000000080004268       0x50 httpd.o
                0x0000000080004268                httpd_get_descr
 .text.httpd_start_response
                0x00000000800042b8       0x2c httpd.o
                0x00000000800042b8                httpd_start_response
 .text.httpd_do_std_header
                0x00000000800042e4       0x90 httpd.o
                0x00000000800042e4                httpd_do_std_header
 .text.response_mem_do_header
                0x0000000080004374      0x110 httpd.o
 .text.httpd_handle_server
                0x0000000080004484      0x1c0 httpd.o
 .text.send_data
                0x0000000080004644       0xec httpd.o
 .text.http_poll
                0x0000000080004730       0x88 httpd.o
 .text.http_sent
                0x00000000800047b8       0x60 httpd.o
 .text.httpd_receive
                0x0000000080004818      0x2e0 httpd.o
                0x0000000080004818                httpd_receive
 .text.http_recv
                0x0000000080004af8       0x94 httpd.o
 .text.httpd_start
                0x0000000080004b8c       0x5c httpd.o
                0x0000000080004b8c                httpd_start
 .text.response_flash_process_request
                0x0000000080004be8       0xd8 httpd_flash.o
                0x0000000080004be8                response_flash_process_request
 .text.response_flash_do_header
                0x0000000080004cc0      0x168 httpd_flash.o
                0x0000000080004cc0                response_flash_do_header
 .text.response_flash_do_data
                0x0000000080004e28      0x160 httpd_flash.o
                0x0000000080004e28                response_flash_do_data
 .text.response_flash_finish
                0x0000000080004f88        0xc httpd_flash.o
                0x0000000080004f88                response_flash_finish
 .text.fuse_strcat
                0x0000000080004f94       0x34 httpd_fuse.o
                0x0000000080004f94                fuse_strcat
 .text.response_fuse_process_request
                0x0000000080004fc8      0x20c httpd_fuse.o
                0x0000000080004fc8                response_fuse_process_request
 .text.response_fuse_do_header
                0x00000000800051d4      0x140 httpd_fuse.o
                0x00000000800051d4                response_fuse_do_header
 .text.response_fuse_do_data
                0x0000000080005314       0xb8 httpd_fuse.o
                0x0000000080005314                response_fuse_do_data
 .text.response_fuse_finish
                0x00000000800053cc       0x3c httpd_fuse.o
                0x00000000800053cc                response_fuse_finish
 .text.response_index_process_request
                0x0000000080005408      0x128 httpd_index.o
                0x0000000080005408                response_index_process_request
 .text.response_index_do_header
                0x0000000080005530       0xf8 httpd_index.o
                0x0000000080005530                response_index_do_header
 .text.response_index_do_data
                0x0000000080005628      0x144 httpd_index.o
                0x0000000080005628                response_index_do_data
 .text.response_index_finish
                0x000000008000576c        0xc httpd_index.o
                0x000000008000576c                response_index_finish
 .text.response_keyvault_process_request
                0x0000000080005778      0x2e0 httpd_keyvault.o
                0x0000000080005778                response_keyvault_process_request
 .text.response_keyvault_do_header
                0x0000000080005a58      0x154 httpd_keyvault.o
                0x0000000080005a58                response_keyvault_do_header
 .text.response_keyvault_do_data
                0x0000000080005bac       0xbc httpd_keyvault.o
                0x0000000080005bac                response_keyvault_do_data
 .text.response_keyvault_finish
                0x0000000080005c68       0x44 httpd_keyvault.o
                0x0000000080005c68                response_keyvault_finish
 .text.strip    0x0000000080005cac       0x6c kbootconf.o
                0x0000000080005cac                strip
 .text.split    0x0000000080005d18       0x6c kbootconf.o
                0x0000000080005d18                split
 .text.kboot_loadfile
                0x0000000080005d84       0x70 kbootconf.o
                0x0000000080005d84                kboot_loadfile
 .text.kboot_set_config
                0x0000000080005df4      0x1d0 kbootconf.o
                0x0000000080005df4                kboot_set_config
 .text.kbootconf_parse
                0x0000000080005fc4      0x690 kbootconf.o
                0x0000000080005fc4                kbootconf_parse
 .text.user_prompt
                0x0000000080006654      0x2d4 kbootconf.o
                0x0000000080006654                user_prompt
 .text.try_kbootconf
                0x0000000080006928      0x2cc kbootconf.o
                0x0000000080006928                try_kbootconf
 .text.construct
                0x0000000080006bf4      0x140 puff.o
 .text.decode   0x0000000080006d34      0x100 puff.o
 .text.bits     0x0000000080006e34       0x80 puff.o
 .text.codes    0x0000000080006eb4      0x17c puff.o
 .text.puff     0x0000000080007030      0x580 puff.o
                0x0000000080007030                puff
 .text.__check_argv
                0x00000000800075b0       0x28 /usr/local/xenon/usr/lib/libxenon.a(argv.o)
                0x00000000800075b0                __check_argv
 *fill*         0x00000000800075d8       0x28 00
 .text          0x0000000080007600      0x2f4 /usr/local/xenon/usr/lib/libxenon.a(startup_from_xell.o)
                0x0000000080007600                _start
                0x00000000800077f8                wait
                0x0000000080007880                return_to_xell
 .text.console_pset32
                0x00000000800078f4       0x54 /usr/local/xenon/usr/lib/libxenon.a(console.o)
 .text.console_clrscr
                0x0000000080007948       0x7c /usr/local/xenon/usr/lib/libxenon.a(console.o)
                0x0000000080007948                console_clrscr
 .text.console_clrline
                0x00000000800079c4       0x70 /usr/local/xenon/usr/lib/libxenon.a(console.o)
                0x00000000800079c4                console_clrline
 .text.console_newline
                0x0000000080007a34       0xe8 /usr/local/xenon/usr/lib/libxenon.a(console.o)
                0x0000000080007a34                console_newline
 .text.console_putch
                0x0000000080007b1c      0x15c /usr/local/xenon/usr/lib/libxenon.a(console.o)
                0x0000000080007b1c                console_putch
 .text.console_stdout_hook
                0x0000000080007c78       0x4c /usr/local/xenon/usr/lib/libxenon.a(console.o)
 .text.console_init
                0x0000000080007cc4      0x14c /usr/local/xenon/usr/lib/libxenon.a(console.o)
                0x0000000080007cc4                console_init
 .text.console_set_colors
                0x0000000080007e10       0x14 /usr/local/xenon/usr/lib/libxenon.a(console.o)
                0x0000000080007e10                console_set_colors
 .text.xenon_ata_wait_ready
                0x0000000080007e24       0x1c /usr/local/xenon/usr/lib/libxenon.a(ata.o)
 .text.xenon_ata_pio_write
                0x0000000080007e40       0x64 /usr/local/xenon/usr/lib/libxenon.a(ata.o)
 .text.xenon_atapi_packet
                0x0000000080007ea4       0x84 /usr/local/xenon/usr/lib/libxenon.a(ata.o)
 .text.atapi_inserted
                0x0000000080007f28       0x18 /usr/local/xenon/usr/lib/libxenon.a(ata.o)
 .text.ata_startup
                0x0000000080007f40        0x8 /usr/local/xenon/usr/lib/libxenon.a(ata.o)
 .text.ata_inserted
                0x0000000080007f48       0x18 /usr/local/xenon/usr/lib/libxenon.a(ata.o)
 .text.ata_clearstatus
                0x0000000080007f60        0x8 /usr/local/xenon/usr/lib/libxenon.a(ata.o)
 .text.ata_shutdown
                0x0000000080007f68        0x8 /usr/local/xenon/usr/lib/libxenon.a(ata.o)
 .text.ata_sectors
                0x0000000080007f70        0xc /usr/local/xenon/usr/lib/libxenon.a(ata.o)
 .text.atapi_sectors
                0x0000000080007f7c        0xc /usr/local/xenon/usr/lib/libxenon.a(ata.o)
 .text.xenon_ata_dma_read
                0x0000000080007f88      0x1a8 /usr/local/xenon/usr/lib/libxenon.a(ata.o)
 .text.xenon_ata_setlba.constprop.9
                0x0000000080008130       0x38 /usr/local/xenon/usr/lib/libxenon.a(ata.o)
 .text.xenon_ata_setaddress.constprop.8
                0x0000000080008168      0x160 /usr/local/xenon/usr/lib/libxenon.a(ata.o)
 .text.ata_readsectors
                0x00000000800082c8       0x84 /usr/local/xenon/usr/lib/libxenon.a(ata.o)
 .text.ata_writesectors
                0x000000008000834c       0x94 /usr/local/xenon/usr/lib/libxenon.a(ata.o)
 .text.xenon_ata_pio_read
                0x00000000800083e0       0xcc /usr/local/xenon/usr/lib/libxenon.a(ata.o)
 .text.xenon_ata_identify
                0x00000000800084ac      0x2a0 /usr/local/xenon/usr/lib/libxenon.a(ata.o)
 .text.xenon_atapi_request_sense
                0x000000008000874c       0xa4 /usr/local/xenon/usr/lib/libxenon.a(ata.o)
                0x000000008000874c                xenon_atapi_request_sense
 .text.atapi_readsectors
                0x00000000800087f0       0xe8 /usr/local/xenon/usr/lib/libxenon.a(ata.o)
 .text.xenon_ata_init1
                0x00000000800088d8      0x108 /usr/local/xenon/usr/lib/libxenon.a(ata.o)
                0x00000000800088d8                xenon_ata_init1
 .text.xenon_ata_init
                0x00000000800089e0       0xa8 /usr/local/xenon/usr/lib/libxenon.a(ata.o)
                0x00000000800089e0                xenon_ata_init
 .text.htohl_32
                0x0000000080008a88       0x2c /usr/local/xenon/usr/lib/libxenon.a(iso9660.o)
 .text.bgrad_cache
                0x0000000080008ab4       0x48 /usr/local/xenon/usr/lib/libxenon.a(iso9660.o)
 .text._ISO9660_seek_r
                0x0000000080008afc       0x9c /usr/local/xenon/usr/lib/libxenon.a(iso9660.o)
 .text._ISO9660_chdir_r
                0x0000000080008b98        0x8 /usr/local/xenon/usr/lib/libxenon.a(iso9660.o)
 .text._ISO9660_diropen_r
                0x0000000080008ba0        0x8 /usr/local/xenon/usr/lib/libxenon.a(iso9660.o)
 .text._ISO9660_dirreset_r
                0x0000000080008ba8        0x8 /usr/local/xenon/usr/lib/libxenon.a(iso9660.o)
 .text._ISO9660_dirnext_r
                0x0000000080008bb0        0x8 /usr/local/xenon/usr/lib/libxenon.a(iso9660.o)
 .text._ISO9660_dirclose_r
                0x0000000080008bb8        0x8 /usr/local/xenon/usr/lib/libxenon.a(iso9660.o)
 .text._ISO9660_statvfs_r
                0x0000000080008bc0       0x3c /usr/local/xenon/usr/lib/libxenon.a(iso9660.o)
 .text.bclear_cache
                0x0000000080008bfc       0x60 /usr/local/xenon/usr/lib/libxenon.a(iso9660.o)
 .text.check_dev_name.constprop.1
                0x0000000080008c5c       0x7c /usr/local/xenon/usr/lib/libxenon.a(iso9660.o)
 .text._ISO9660_close_r
                0x0000000080008cd8       0x28 /usr/local/xenon/usr/lib/libxenon.a(iso9660.o)
 .text._ISO9660_fstat_r
                0x0000000080008d00       0x64 /usr/local/xenon/usr/lib/libxenon.a(iso9660.o)
 .text.iso_reset
                0x0000000080008d64       0x84 /usr/local/xenon/usr/lib/libxenon.a(iso9660.o)
                0x0000000080008d64                iso_reset
 .text.bread_cache
                0x0000000080008de8       0xd8 /usr/local/xenon/usr/lib/libxenon.a(iso9660.o)
 .text._ISO9660_read_r
                0x0000000080008ec0      0x160 /usr/local/xenon/usr/lib/libxenon.a(iso9660.o)
 .text.find_object
                0x0000000080009020      0x3a0 /usr/local/xenon/usr/lib/libxenon.a(iso9660.o)
 .text.iso_open
                0x00000000800093c0      0x370 /usr/local/xenon/usr/lib/libxenon.a(iso9660.o)
 .text._ISO9660_stat_r
                0x0000000080009730       0xa4 /usr/local/xenon/usr/lib/libxenon.a(iso9660.o)
 .text._ISO9660_open_r
                0x00000000800097d4       0x34 /usr/local/xenon/usr/lib/libxenon.a(iso9660.o)
 .text.fs_iso9660_init
                0x0000000080009808       0xbc /usr/local/xenon/usr/lib/libxenon.a(iso9660.o)
                0x0000000080009808                fs_iso9660_init
 .text.ISO9660_Mount
                0x00000000800098c4      0x100 /usr/local/xenon/usr/lib/libxenon.a(iso9660.o)
                0x00000000800098c4                ISO9660_Mount
 .text.ISO9660_GetVolumeLabel
                0x00000000800099c4       0x38 /usr/local/xenon/usr/lib/libxenon.a(iso9660.o)
                0x00000000800099c4                ISO9660_GetVolumeLabel
 .text.get_controller_data
                0x00000000800099fc       0x60 /usr/local/xenon/usr/lib/libxenon.a(input.o)
                0x00000000800099fc                get_controller_data
 .text.set_controller_data
                0x0000000080009a5c       0x54 /usr/local/xenon/usr/lib/libxenon.a(input.o)
                0x0000000080009a5c                set_controller_data
 .text.vfs_console_write
                0x0000000080009ab0       0x90 /usr/local/xenon/usr/lib/libxenon.a(newlib.o)
                0x0000000080009ab0                vfs_console_write
 .text.__malloc_lock
                0x0000000080009b40       0x18 /usr/local/xenon/usr/lib/libxenon.a(newlib.o)
                0x0000000080009b40                __malloc_lock
 .text.__malloc_unlock
                0x0000000080009b58       0x18 /usr/local/xenon/usr/lib/libxenon.a(newlib.o)
                0x0000000080009b58                __malloc_unlock
 .text._exit    0x0000000080009b70       0x28 /usr/local/xenon/usr/lib/libxenon.a(newlib.o)
                0x0000000080009b70                _exit
 .text.sbrk     0x0000000080009b98       0x34 /usr/local/xenon/usr/lib/libxenon.a(newlib.o)
                0x0000000080009b98                sbrk
 .text.abort    0x0000000080009bcc       0x2c /usr/local/xenon/usr/lib/libxenon.a(newlib.o)
                0x0000000080009bcc                abort
 .text.execve   0x0000000080009bf8       0x18 /usr/local/xenon/usr/lib/libxenon.a(newlib.o)
                0x0000000080009bf8                execve
 .text.fork     0x0000000080009c10       0x18 /usr/local/xenon/usr/lib/libxenon.a(newlib.o)
                0x0000000080009c10                fork
 .text.getpid   0x0000000080009c28       0x18 /usr/local/xenon/usr/lib/libxenon.a(newlib.o)
                0x0000000080009c28                getpid
 .text.gettimeofday
                0x0000000080009c40       0x3c /usr/local/xenon/usr/lib/libxenon.a(newlib.o)
                0x0000000080009c40                gettimeofday
 .text.isatty   0x0000000080009c7c        0x8 /usr/local/xenon/usr/lib/libxenon.a(newlib.o)
                0x0000000080009c7c                isatty
 .text.getuid   0x0000000080009c84        0x8 /usr/local/xenon/usr/lib/libxenon.a(newlib.o)
                0x0000000080009c84                getuid
 .text.getgid   0x0000000080009c8c        0x8 /usr/local/xenon/usr/lib/libxenon.a(newlib.o)
                0x0000000080009c8c                getgid
 .text.getpwuid
                0x0000000080009c94       0x3c /usr/local/xenon/usr/lib/libxenon.a(newlib.o)
                0x0000000080009c94                getpwuid
 .text.getpwnam
                0x0000000080009cd0       0x3c /usr/local/xenon/usr/lib/libxenon.a(newlib.o)
                0x0000000080009cd0                getpwnam
 .text.getgrnam
                0x0000000080009d0c       0x3c /usr/local/xenon/usr/lib/libxenon.a(newlib.o)
                0x0000000080009d0c                getgrnam
 .text.getgrgid
                0x0000000080009d48       0x3c /usr/local/xenon/usr/lib/libxenon.a(newlib.o)
                0x0000000080009d48                getgrgid
 .text.__release_handle
                0x0000000080009d84       0x4c /usr/local/xenon/usr/lib/libxenon.a(newlib.o)
                0x0000000080009d84                __release_handle
 .text.__alloc_handle
                0x0000000080009dd0       0x68 /usr/local/xenon/usr/lib/libxenon.a(newlib.o)
                0x0000000080009dd0                __alloc_handle
 .text.__get_handle
                0x0000000080009e38       0x28 /usr/local/xenon/usr/lib/libxenon.a(newlib.o)
                0x0000000080009e38                __get_handle
 .text.setDefaultDevice
                0x0000000080009e60       0x18 /usr/local/xenon/usr/lib/libxenon.a(newlib.o)
                0x0000000080009e60                setDefaultDevice
 .text.FindDevice
                0x0000000080009e78       0xd0 /usr/local/xenon/usr/lib/libxenon.a(newlib.o)
                0x0000000080009e78                FindDevice
 .text.RemoveDevice
                0x0000000080009f48       0x4c /usr/local/xenon/usr/lib/libxenon.a(newlib.o)
                0x0000000080009f48                RemoveDevice
 .text.AddDevice
                0x0000000080009f94       0xb0 /usr/local/xenon/usr/lib/libxenon.a(newlib.o)
                0x0000000080009f94                AddDevice
 .text.GetDeviceOpTab
                0x000000008000a044       0x40 /usr/local/xenon/usr/lib/libxenon.a(newlib.o)
                0x000000008000a044                GetDeviceOpTab
 .text.open     0x000000008000a084       0xd4 /usr/local/xenon/usr/lib/libxenon.a(newlib.o)
                0x000000008000a084                open
 .text.read     0x000000008000a158       0xa4 /usr/local/xenon/usr/lib/libxenon.a(newlib.o)
                0x000000008000a158                read
 .text.write    0x000000008000a1fc       0xb0 /usr/local/xenon/usr/lib/libxenon.a(newlib.o)
                0x000000008000a1fc                write
 .text.fstat    0x000000008000a2ac       0xa0 /usr/local/xenon/usr/lib/libxenon.a(newlib.o)
                0x000000008000a2ac                fstat
 .text.stat     0x000000008000a34c       0x8c /usr/local/xenon/usr/lib/libxenon.a(newlib.o)
                0x000000008000a34c                stat
 .text.lseek    0x000000008000a3d8       0xa4 /usr/local/xenon/usr/lib/libxenon.a(newlib.o)
                0x000000008000a3d8                lseek
 .text.close    0x000000008000a47c       0x88 /usr/local/xenon/usr/lib/libxenon.a(newlib.o)
                0x000000008000a47c                close
 .text._concatenate_path
                0x000000008000a504      0x1b4 /usr/local/xenon/usr/lib/libxenon.a(newlib.o)
                0x000000008000a504                _concatenate_path
 .text.chdir    0x000000008000a6b8      0x138 /usr/local/xenon/usr/lib/libxenon.a(newlib.o)
                0x000000008000a6b8                chdir
 .text.xenon_sbrk
                0x000000008000a7f0       0x2c /usr/local/xenon/usr/lib/libxenon.a(xenon_syscalls.o)
 .text.xenon_gettimeofday
                0x000000008000a81c       0xa4 /usr/local/xenon/usr/lib/libxenon.a(xenon_syscalls.o)
 .text.xenon_malloc_unlock
                0x000000008000a8c0       0xc8 /usr/local/xenon/usr/lib/libxenon.a(xenon_syscalls.o)
 .text.xenon_malloc_lock
                0x000000008000a988       0xf4 /usr/local/xenon/usr/lib/libxenon.a(xenon_syscalls.o)
 .text.shutdown_drivers
                0x000000008000aa7c       0x30 /usr/local/xenon/usr/lib/libxenon.a(xenon_syscalls.o)
                0x000000008000aa7c                shutdown_drivers
 .text.try_return_to_xell
                0x000000008000aaac       0x64 /usr/local/xenon/usr/lib/libxenon.a(xenon_syscalls.o)
                0x000000008000aaac                try_return_to_xell
 .text.xenon_exit
                0x000000008000ab10      0x154 /usr/local/xenon/usr/lib/libxenon.a(xenon_syscalls.o)
 .text          0x000000008000ac64       0x94 /usr/local/xenon/usr/lib/libxenon.a(atomic.o)
                0x000000008000ac64                atomic_inc
                0x000000008000ac78                atomic_dec
                0x000000008000ac8c                atomic_clearset
                0x000000008000aca4                lock
                0x000000008000ace0                unlock
 .text          0x000000008000acf8       0xa8 /usr/local/xenon/usr/lib/libxenon.a(cache.o)
                0x000000008000acf8                memdcbt
                0x000000008000ad20                memdcbst
                0x000000008000ad48                memdcbf
                0x000000008000ad70                memicbi
 .text.flush_console
                0x000000008000ada0       0x4c /usr/local/xenon/usr/lib/libxenon.a(c_except.o)
 .text.crashdump
                0x000000008000adec      0x2f4 /usr/local/xenon/usr/lib/libxenon.a(c_except.o)
                0x000000008000adec                crashdump
 .text.tdelay   0x000000008000b0e0       0x48 /usr/local/xenon/usr/lib/libxenon.a(time.o)
 .text.udelay   0x000000008000b128       0x24 /usr/local/xenon/usr/lib/libxenon.a(time.o)
                0x000000008000b128                udelay
 .text.mdelay   0x000000008000b14c       0x18 /usr/local/xenon/usr/lib/libxenon.a(time.o)
                0x000000008000b14c                mdelay
 .text.delay    0x000000008000b164       0x18 /usr/local/xenon/usr/lib/libxenon.a(time.o)
                0x000000008000b164                delay
 .text.usbctrl_queue_intreq
                0x000000008000b17c       0x50 /usr/local/xenon/usr/lib/libxenon.a(usbctrl.o)
 .text.usbctrl_set_led_callback
                0x000000008000b1cc       0x3c /usr/local/xenon/usr/lib/libxenon.a(usbctrl.o)
 .text.usbctrl_set_rol
                0x000000008000b208       0x2c /usr/local/xenon/usr/lib/libxenon.a(usbctrl.o)
                0x000000008000b208                usbctrl_set_rol
 .text.usbctrl_detach
                0x000000008000b234       0x8c /usr/local/xenon/usr/lib/libxenon.a(usbctrl.o)
 .text.usbctrl_set_leds
                0x000000008000b2c0      0x12c /usr/local/xenon/usr/lib/libxenon.a(usbctrl.o)
                0x000000008000b2c0                usbctrl_set_leds
 .text.usbctrl_ireq_callback
                0x000000008000b3ec      0x268 /usr/local/xenon/usr/lib/libxenon.a(usbctrl.o)
 .text.usbctrl_poll
                0x000000008000b654       0xb0 /usr/local/xenon/usr/lib/libxenon.a(usbctrl.o)
                0x000000008000b654                usbctrl_poll
 .text.usbctrl_attach
                0x000000008000b704      0x340 /usr/local/xenon/usr/lib/libxenon.a(usbctrl.o)
 .text.usb_create_pipe
                0x000000008000ba44       0xd8 /usr/local/xenon/usr/lib/libxenon.a(usbd.o)
                0x000000008000ba44                usb_create_pipe
 .text.usb_open_pipe
                0x000000008000bb1c       0x84 /usr/local/xenon/usr/lib/libxenon.a(usbd.o)
                0x000000008000bb1c                usb_open_pipe
 .text.usb_destroy_all_pipes
                0x000000008000bba0       0x74 /usr/local/xenon/usr/lib/libxenon.a(usbd.o)
                0x000000008000bba0                usb_destroy_all_pipes
 .text.usb_destroy_device
                0x000000008000bc14       0x54 /usr/local/xenon/usr/lib/libxenon.a(usbd.o)
                0x000000008000bc14                usb_destroy_device
 .text.usb_create_device
                0x000000008000bc68       0x80 /usr/local/xenon/usr/lib/libxenon.a(usbd.o)
                0x000000008000bc68                usb_create_device
 .text.usb_make_request
                0x000000008000bce8       0x90 /usr/local/xenon/usr/lib/libxenon.a(usbd.o)
                0x000000008000bce8                usb_make_request
 .text.usb_poll
                0x000000008000bd78       0x10 /usr/local/xenon/usr/lib/libxenon.a(usbd.o)
                0x000000008000bd78                usb_poll
 .text.usb_daemon
                0x000000008000bd88       0x1c /usr/local/xenon/usr/lib/libxenon.a(usbd.o)
                0x000000008000bd88                usb_daemon
 .text.usb_free_request
                0x000000008000bda4       0x28 /usr/local/xenon/usr/lib/libxenon.a(usbd.o)
                0x000000008000bda4                usb_free_request
 .text.usb_delay_ms
                0x000000008000bdcc        0x8 /usr/local/xenon/usr/lib/libxenon.a(usbd.o)
                0x000000008000bdcc                usb_delay_ms
 .text.usb_queue_request
                0x000000008000bdd4       0x34 /usr/local/xenon/usr/lib/libxenon.a(usbd.o)
                0x000000008000bdd4                usb_queue_request
 .text.usb_wait_request
                0x000000008000be08       0x40 /usr/local/xenon/usr/lib/libxenon.a(usbd.o)
                0x000000008000be08                usb_wait_request
 .text.usb_sync_request
                0x000000008000be48       0x34 /usr/local/xenon/usr/lib/libxenon.a(usbd.o)
                0x000000008000be48                usb_sync_request
 .text.usb_new_address
                0x000000008000be7c       0x34 /usr/local/xenon/usr/lib/libxenon.a(usbd.o)
                0x000000008000be7c                usb_new_address
 .text.usb_set_ep0mps
                0x000000008000beb0       0x58 /usr/local/xenon/usr/lib/libxenon.a(usbd.o)
                0x000000008000beb0                usb_set_ep0mps
 .text.usb_clear_stall
                0x000000008000bf08      0x100 /usr/local/xenon/usr/lib/libxenon.a(usbd.o)
                0x000000008000bf08                usb_clear_stall
 .text.usb_std_request
                0x000000008000c008      0x234 /usr/local/xenon/usr/lib/libxenon.a(usbd.o)
                0x000000008000c008                usb_std_request
 .text.usb_simple_request
                0x000000008000c23c       0x18 /usr/local/xenon/usr/lib/libxenon.a(usbd.o)
                0x000000008000c23c                usb_simple_request
 .text.usb_set_address
                0x000000008000c254       0x9c /usr/local/xenon/usr/lib/libxenon.a(usbd.o)
                0x000000008000c254                usb_set_address
 .text.usb_set_configuration
                0x000000008000c2f0       0x14 /usr/local/xenon/usr/lib/libxenon.a(usbd.o)
                0x000000008000c2f0                usb_set_configuration
 .text.usb_get_descriptor
                0x000000008000c304       0x24 /usr/local/xenon/usr/lib/libxenon.a(usbd.o)
                0x000000008000c304                usb_get_descriptor
 .text.usb_get_string
                0x000000008000c328      0x100 /usr/local/xenon/usr/lib/libxenon.a(usbd.o)
                0x000000008000c328                usb_get_string
 .text.usb_get_device_descriptor
                0x000000008000c428       0x90 /usr/local/xenon/usr/lib/libxenon.a(usbd.o)
                0x000000008000c428                usb_get_device_descriptor
 .text.usb_get_config_descriptor
                0x000000008000c4b8       0x8c /usr/local/xenon/usr/lib/libxenon.a(usbd.o)
                0x000000008000c4b8                usb_get_config_descriptor
 .text.usb_get_device_status
                0x000000008000c544       0x1c /usr/local/xenon/usr/lib/libxenon.a(usbd.o)
                0x000000008000c544                usb_get_device_status
 .text.usb_complete_request
                0x000000008000c560       0x20 /usr/local/xenon/usr/lib/libxenon.a(usbd.o)
                0x000000008000c560                usb_complete_request
 .text.usb_initroot
                0x000000008000c580      0x150 /usr/local/xenon/usr/lib/libxenon.a(usbd.o)
                0x000000008000c580                usb_initroot
 .text.usb_find_cfg_descr
                0x000000008000c6d0       0x54 /usr/local/xenon/usr/lib/libxenon.a(usbd.o)
                0x000000008000c6d0                usb_find_cfg_descr
 .text.usb_find_driver
                0x000000008000c724      0x158 /usr/local/xenon/usr/lib/libxenon.a(usbdevs.o)
                0x000000008000c724                usb_find_driver
 .text.usbhid_detach
                0x000000008000c87c        0x8 /usr/local/xenon/usr/lib/libxenon.a(usbhid.o)
 .text.usbhid_attach
                0x000000008000c884      0x168 /usr/local/xenon/usr/lib/libxenon.a(usbhid.o)
 .text.usbhid_kbd_scan1.isra.0.part.1
                0x000000008000c9ec       0x78 /usr/local/xenon/usr/lib/libxenon.a(usbhid.o)
 .text.usbhid_ireq_callback
                0x000000008000ca64      0x1a0 /usr/local/xenon/usr/lib/libxenon.a(usbhid.o)
 .text.usbhub_markdetached1
                0x000000008000cc04       0x14 /usr/local/xenon/usr/lib/libxenon.a(usbhub.o)
 .text.usbhub_get_port_status
                0x000000008000cc18       0x1c /usr/local/xenon/usr/lib/libxenon.a(usbhub.o)
 .text.usbhub_ireq_callback
                0x000000008000cc34       0x8c /usr/local/xenon/usr/lib/libxenon.a(usbhub.o)
 .text.usbhub_map_tree1
                0x000000008000ccc0       0x7c /usr/local/xenon/usr/lib/libxenon.a(usbhub.o)
 .text.usbhub_detach
                0x000000008000cd3c      0x13c /usr/local/xenon/usr/lib/libxenon.a(usbhub.o)
 .text.usbhub_attach
                0x000000008000ce78      0x1a4 /usr/local/xenon/usr/lib/libxenon.a(usbhub.o)
 .text.usbhub_map_tree
                0x000000008000d01c       0x18 /usr/local/xenon/usr/lib/libxenon.a(usbhub.o)
                0x000000008000d01c                usbhub_map_tree
 .text.usbhub_map_from_device
                0x000000008000d034       0x14 /usr/local/xenon/usr/lib/libxenon.a(usbhub.o)
                0x000000008000d034                usbhub_map_from_device
 .text.usbhub_scan1
                0x000000008000d048      0x564 /usr/local/xenon/usr/lib/libxenon.a(usbhub.o)
 .text.usb_scan
                0x000000008000d5ac       0x10 /usr/local/xenon/usr/lib/libxenon.a(usbhub.o)
                0x000000008000d5ac                usb_scan
 .text.usb_init_one_ohci
                0x000000008000d5bc       0xcc /usr/local/xenon/usr/lib/libxenon.a(usbmain.o)
 .text.usb_shutdown
                0x000000008000d688       0xbc /usr/local/xenon/usr/lib/libxenon.a(usbmain.o)
                0x000000008000d688                usb_shutdown
 .text.usb_init
                0x000000008000d744      0x108 /usr/local/xenon/usr/lib/libxenon.a(usbmain.o)
                0x000000008000d744                usb_init
 .text.usb_do_poll
                0x000000008000d84c       0xa8 /usr/local/xenon/usr/lib/libxenon.a(usbmain.o)
                0x000000008000d84c                usb_do_poll
 .text.USBStorage_True
                0x000000008000d8f4        0x8 /usr/local/xenon/usr/lib/libxenon.a(tinyehci.o)
 .text.USBStorage_Inserted_0
                0x000000008000d8fc        0xc /usr/local/xenon/usr/lib/libxenon.a(tinyehci.o)
                0x000000008000d8fc                USBStorage_Inserted_0
 .text.USBStorage_Inserted_1
                0x000000008000d908        0xc /usr/local/xenon/usr/lib/libxenon.a(tinyehci.o)
                0x000000008000d908                USBStorage_Inserted_1
 .text.USBStorage_Inserted_2
                0x000000008000d914        0xc /usr/local/xenon/usr/lib/libxenon.a(tinyehci.o)
                0x000000008000d914                USBStorage_Inserted_2
 .text.qtd_fill
                0x000000008000d920       0xc0 /usr/local/xenon/usr/lib/libxenon.a(tinyehci.o)
 .text.ehci_qtd_alloc
                0x000000008000d9e0       0x7c /usr/local/xenon/usr/lib/libxenon.a(tinyehci.o)
 .text.handshake.isra.5
                0x000000008000da5c      0x180 /usr/local/xenon/usr/lib/libxenon.a(tinyehci.o)
 .text.ehci_mem_init
                0x000000008000dbdc       0xf8 /usr/local/xenon/usr/lib/libxenon.a(tinyehci.o)
                0x000000008000dbdc                ehci_mem_init
 .text.qh_urb_transaction
                0x000000008000dcd4      0x1bc /usr/local/xenon/usr/lib/libxenon.a(tinyehci.o)
                0x000000008000dcd4                qh_urb_transaction
 .text.ehci_do_urb
                0x000000008000de90      0x3cc /usr/local/xenon/usr/lib/libxenon.a(tinyehci.o)
                0x000000008000de90                ehci_do_urb
 .text.ehci_control_message
                0x000000008000e25c       0x84 /usr/local/xenon/usr/lib/libxenon.a(tinyehci.o)
                0x000000008000e25c                ehci_control_message
 .text.ehci_bulk_message
                0x000000008000e2e0       0x48 /usr/local/xenon/usr/lib/libxenon.a(tinyehci.o)
                0x000000008000e2e0                ehci_bulk_message
 .text.__send_cbw
                0x000000008000e328      0x110 /usr/local/xenon/usr/lib/libxenon.a(tinyehci.o)
 .text.ehci_reset_port_old
                0x000000008000e438      0x19c /usr/local/xenon/usr/lib/libxenon.a(tinyehci.o)
                0x000000008000e438                ehci_reset_port_old
 .text.ehci_adquire_port
                0x000000008000e5d4       0x94 /usr/local/xenon/usr/lib/libxenon.a(tinyehci.o)
                0x000000008000e5d4                ehci_adquire_port
 .text.ehci_reset_usb_port
                0x000000008000e668      0x170 /usr/local/xenon/usr/lib/libxenon.a(tinyehci.o)
                0x000000008000e668                ehci_reset_usb_port
 .text.ehci_reset_port2
                0x000000008000e7d8       0x6c /usr/local/xenon/usr/lib/libxenon.a(tinyehci.o)
                0x000000008000e7d8                ehci_reset_port2
 .text.USB_FreeDescriptors
                0x000000008000e844       0xc8 /usr/local/xenon/usr/lib/libxenon.a(tinyehci.o)
                0x000000008000e844                USB_FreeDescriptors
 .text.USB_GetDescriptors
                0x000000008000e90c      0x34c /usr/local/xenon/usr/lib/libxenon.a(tinyehci.o)
                0x000000008000e90c                USB_GetDescriptors
 .text.USB_GetConfiguration
                0x000000008000ec58       0x80 /usr/local/xenon/usr/lib/libxenon.a(tinyehci.o)
                0x000000008000ec58                USB_GetConfiguration
 .text.USB_SetConfiguration
                0x000000008000ecd8       0x1c /usr/local/xenon/usr/lib/libxenon.a(tinyehci.o)
                0x000000008000ecd8                USB_SetConfiguration
 .text.USB_SetAlternativeInterface
                0x000000008000ecf4       0x28 /usr/local/xenon/usr/lib/libxenon.a(tinyehci.o)
                0x000000008000ecf4                USB_SetAlternativeInterface
 .text.USB_ClearHalt
                0x000000008000ed1c       0x1c /usr/local/xenon/usr/lib/libxenon.a(tinyehci.o)
                0x000000008000ed1c                USB_ClearHalt
 .text.ehci_init_port
                0x000000008000ed38      0x140 /usr/local/xenon/usr/lib/libxenon.a(tinyehci.o)
                0x000000008000ed38                ehci_init_port
 .text.ehci_reset_port
                0x000000008000ee78       0x50 /usr/local/xenon/usr/lib/libxenon.a(tinyehci.o)
                0x000000008000ee78                ehci_reset_port
 .text.ehci_discover
                0x000000008000eec8       0x54 /usr/local/xenon/usr/lib/libxenon.a(tinyehci.o)
                0x000000008000eec8                ehci_discover
 .text.EHCI_do_one
                0x000000008000ef1c      0x144 /usr/local/xenon/usr/lib/libxenon.a(tinyehci.o)
 .text.ehci_reset_device
                0x000000008000f060        0x8 /usr/local/xenon/usr/lib/libxenon.a(tinyehci.o)
                0x000000008000f060                ehci_reset_device
 .text.find_ehci_data
                0x000000008000f068       0x3c /usr/local/xenon/usr/lib/libxenon.a(tinyehci.o)
                0x000000008000f068                find_ehci_data
 .text.USBStorage_Close
                0x000000008000f0a4       0x44 /usr/local/xenon/usr/lib/libxenon.a(tinyehci.o)
                0x000000008000f0a4                USBStorage_Close
 .text.USBStorage_ReadCapacity
                0x000000008000f0e8       0xbc /usr/local/xenon/usr/lib/libxenon.a(tinyehci.o)
                0x000000008000f0e8                USBStorage_ReadCapacity
 .text.USBStorage_MountLUN
                0x000000008000f1a4      0x1d8 /usr/local/xenon/usr/lib/libxenon.a(tinyehci.o)
                0x000000008000f1a4                USBStorage_MountLUN
 .text.__usbstorage_reset.isra.9
                0x000000008000f37c      0x1ac /usr/local/xenon/usr/lib/libxenon.a(tinyehci.o)
 .text.USBStorage_Open
                0x000000008000f528      0x378 /usr/local/xenon/usr/lib/libxenon.a(tinyehci.o)
                0x000000008000f528                USBStorage_Open
 .text.__cycle.constprop.14
                0x000000008000f8a0      0x284 /usr/local/xenon/usr/lib/libxenon.a(tinyehci.o)
 .text.USBStorage_Inquiry
                0x000000008000fb24       0xa4 /usr/local/xenon/usr/lib/libxenon.a(tinyehci.o)
                0x000000008000fb24                USBStorage_Inquiry
 .text.USBStorage_Read
                0x000000008000fbc8      0x160 /usr/local/xenon/usr/lib/libxenon.a(tinyehci.o)
                0x000000008000fbc8                USBStorage_Read
 .text.USBStorage_Write
                0x000000008000fd28      0x160 /usr/local/xenon/usr/lib/libxenon.a(tinyehci.o)
                0x000000008000fd28                USBStorage_Write
 .text.USBStorage_Try_Device
                0x000000008000fe88      0x164 /usr/local/xenon/usr/lib/libxenon.a(tinyehci.o)
                0x000000008000fe88                USBStorage_Try_Device
 .text.USBStorage_Init
                0x000000008000ffec      0x234 /usr/local/xenon/usr/lib/libxenon.a(tinyehci.o)
                0x000000008000ffec                USBStorage_Init
 .text.USBStorage_Get_Capacity
                0x0000000080010220       0x7c /usr/local/xenon/usr/lib/libxenon.a(tinyehci.o)
                0x0000000080010220                USBStorage_Get_Capacity
 .text.USBStorage_devsectors_2
                0x000000008001029c       0x28 /usr/local/xenon/usr/lib/libxenon.a(tinyehci.o)
                0x000000008001029c                USBStorage_devsectors_2
 .text.USBStorage_devsectors_1
                0x00000000800102c4       0x28 /usr/local/xenon/usr/lib/libxenon.a(tinyehci.o)
                0x00000000800102c4                USBStorage_devsectors_1
 .text.USBStorage_devsectors_0
                0x00000000800102ec       0x28 /usr/local/xenon/usr/lib/libxenon.a(tinyehci.o)
                0x00000000800102ec                USBStorage_devsectors_0
 .text.unplug_procedure
                0x0000000080010314       0xec /usr/local/xenon/usr/lib/libxenon.a(tinyehci.o)
                0x0000000080010314                unplug_procedure
 .text.USBStorage_Read_Sectors
                0x0000000080010400      0x110 /usr/local/xenon/usr/lib/libxenon.a(tinyehci.o)
                0x0000000080010400                USBStorage_Read_Sectors
 .text.USBStorage_Read_Sectors_2
                0x0000000080010510       0x1c /usr/local/xenon/usr/lib/libxenon.a(tinyehci.o)
                0x0000000080010510                USBStorage_Read_Sectors_2
 .text.USBStorage_Read_Sectors_1
                0x000000008001052c       0x1c /usr/local/xenon/usr/lib/libxenon.a(tinyehci.o)
                0x000000008001052c                USBStorage_Read_Sectors_1
 .text.USBStorage_Read_Sectors_0
                0x0000000080010548       0x1c /usr/local/xenon/usr/lib/libxenon.a(tinyehci.o)
                0x0000000080010548                USBStorage_Read_Sectors_0
 .text.USBStorage_Write_Sectors
                0x0000000080010564      0x110 /usr/local/xenon/usr/lib/libxenon.a(tinyehci.o)
                0x0000000080010564                USBStorage_Write_Sectors
 .text.USBStorage_Write_Sectors_2
                0x0000000080010674       0x1c /usr/local/xenon/usr/lib/libxenon.a(tinyehci.o)
                0x0000000080010674                USBStorage_Write_Sectors_2
 .text.USBStorage_Write_Sectors_1
                0x0000000080010690       0x1c /usr/local/xenon/usr/lib/libxenon.a(tinyehci.o)
                0x0000000080010690                USBStorage_Write_Sectors_1
 .text.USBStorage_Write_Sectors_0
                0x00000000800106ac       0x1c /usr/local/xenon/usr/lib/libxenon.a(tinyehci.o)
                0x00000000800106ac                USBStorage_Write_Sectors_0
 .text.EHCI_Init
                0x00000000800106c8       0x50 /usr/local/xenon/usr/lib/libxenon.a(tinyehci.o)
                0x00000000800106c8                EHCI_Init
 .text.data_breakpoint
                0x0000000080010718       0x38 /usr/local/xenon/usr/lib/libxenon.a(debug.o)
                0x0000000080010718                data_breakpoint
 .text.uprintf  0x0000000080010750       0x94 /usr/local/xenon/usr/lib/libxenon.a(xenon_smc.o)
                0x0000000080010750                uprintf
 .text.xenon_smc_send_message
                0x00000000800107e4       0xa0 /usr/local/xenon/usr/lib/libxenon.a(xenon_smc.o)
                0x00000000800107e4                xenon_smc_send_message
 .text.xenon_smc_receive_message
                0x0000000080010884       0x84 /usr/local/xenon/usr/lib/libxenon.a(xenon_smc.o)
                0x0000000080010884                xenon_smc_receive_message
 .text.xenon_smc_get_ir
                0x0000000080010908       0x14 /usr/local/xenon/usr/lib/libxenon.a(xenon_smc.o)
                0x0000000080010908                xenon_smc_get_ir
 .text.xenon_smc_handle_bulk
                0x000000008001091c       0x74 /usr/local/xenon/usr/lib/libxenon.a(xenon_smc.o)
                0x000000008001091c                xenon_smc_handle_bulk
 .text.xenon_smc_poll
                0x0000000080010990       0x5c /usr/local/xenon/usr/lib/libxenon.a(xenon_smc.o)
                0x0000000080010990                xenon_smc_poll
 .text.xenon_smc_receive_response
                0x00000000800109ec       0x48 /usr/local/xenon/usr/lib/libxenon.a(xenon_smc.o)
                0x00000000800109ec                xenon_smc_receive_response
 .text.xenon_smc_ana_write
                0x0000000080010a34       0xa0 /usr/local/xenon/usr/lib/libxenon.a(xenon_smc.o)
                0x0000000080010a34                xenon_smc_ana_write
 .text.xenon_smc_ana_read
                0x0000000080010ad4       0xc0 /usr/local/xenon/usr/lib/libxenon.a(xenon_smc.o)
                0x0000000080010ad4                xenon_smc_ana_read
 .text.xenon_smc_i2c_ddc_lock
                0x0000000080010b94       0x7c /usr/local/xenon/usr/lib/libxenon.a(xenon_smc.o)
                0x0000000080010b94                xenon_smc_i2c_ddc_lock
 .text.xenon_smc_i2c_write
                0x0000000080010c10       0xac /usr/local/xenon/usr/lib/libxenon.a(xenon_smc.o)
                0x0000000080010c10                xenon_smc_i2c_write
 .text.xenon_smc_i2c_read
                0x0000000080010cbc       0xc4 /usr/local/xenon/usr/lib/libxenon.a(xenon_smc.o)
                0x0000000080010cbc                xenon_smc_i2c_read
 .text.xenon_smc_power_shutdown
                0x0000000080010d80       0x40 /usr/local/xenon/usr/lib/libxenon.a(xenon_smc.o)
                0x0000000080010d80                xenon_smc_power_shutdown
 .text.xenon_smc_power_reboot
                0x0000000080010dc0       0x48 /usr/local/xenon/usr/lib/libxenon.a(xenon_smc.o)
                0x0000000080010dc0                xenon_smc_power_reboot
 .text.xenon_smc_start_bootanim
                0x0000000080010e08       0x4c /usr/local/xenon/usr/lib/libxenon.a(xenon_smc.o)
                0x0000000080010e08                xenon_smc_start_bootanim
 .text.xenon_smc_read_avpack
                0x0000000080010e54       0x48 /usr/local/xenon/usr/lib/libxenon.a(xenon_smc.o)
                0x0000000080010e54                xenon_smc_read_avpack
 .text.xenon_smc_set_fan_algorithm
                0x0000000080010e9c       0x3c /usr/local/xenon/usr/lib/libxenon.a(xenon_smc.o)
                0x0000000080010e9c                xenon_smc_set_fan_algorithm
 .text.wakeup_cpus
                0x0000000080010ed8       0xb8 /usr/local/xenon/usr/lib/libxenon.a(xenon_power.o)
                0x0000000080010ed8                wakeup_cpus
 .text.prepare_sleep
                0x0000000080010f90       0x70 /usr/local/xenon/usr/lib/libxenon.a(xenon_power.o)
                0x0000000080010f90                prepare_sleep
 .text.xenon_thread_sleep
                0x0000000080011000       0x5c /usr/local/xenon/usr/lib/libxenon.a(xenon_power.o)
                0x0000000080011000                xenon_thread_sleep
 .text.xenon_set_speed
                0x000000008001105c      0x354 /usr/local/xenon/usr/lib/libxenon.a(xenon_power.o)
                0x000000008001105c                xenon_set_speed
 .text.xenon_run_thread_task
                0x00000000800113b0       0x3c /usr/local/xenon/usr/lib/libxenon.a(xenon_power.o)
                0x00000000800113b0                xenon_run_thread_task
 .text.xenon_is_thread_task_running
                0x00000000800113ec       0x20 /usr/local/xenon/usr/lib/libxenon.a(xenon_power.o)
                0x00000000800113ec                xenon_is_thread_task_running
 .text.xenon_thread_startup
                0x000000008001140c       0x4c /usr/local/xenon/usr/lib/libxenon.a(xenon_power.o)
                0x000000008001140c                xenon_thread_startup
 .text.xenon_set_single_thread_mode
                0x0000000080011458       0x94 /usr/local/xenon/usr/lib/libxenon.a(xenon_power.o)
                0x0000000080011458                xenon_set_single_thread_mode
 .text.xenon_make_it_faster
                0x00000000800114ec       0xf8 /usr/local/xenon/usr/lib/libxenon.a(xenon_power.o)
                0x00000000800114ec                xenon_make_it_faster
 .text.xenon_secotp_read_line
                0x00000000800115e4       0x24 /usr/local/xenon/usr/lib/libxenon.a(xenon_secotp.o)
                0x00000000800115e4                xenon_secotp_read_line
 .text.xenon_sound_init
                0x0000000080011608      0x1d4 /usr/local/xenon/usr/lib/libxenon.a(sound.o)
                0x0000000080011608                xenon_sound_init
 .text.putch    0x00000000800117dc       0x58 /usr/local/xenon/usr/lib/libxenon.a(xenon_uart.o)
                0x00000000800117dc                putch
 .text.kbhit    0x0000000080011834       0x24 /usr/local/xenon/usr/lib/libxenon.a(xenon_uart.o)
                0x0000000080011834                kbhit
 .text.getch    0x0000000080011858       0x38 /usr/local/xenon/usr/lib/libxenon.a(xenon_uart.o)
                0x0000000080011858                getch
 .text.uart_puts
                0x0000000080011890       0x34 /usr/local/xenon/usr/lib/libxenon.a(xenon_uart.o)
                0x0000000080011890                uart_puts
 .text.sfcx_readreg
                0x00000000800118c4       0x10 /usr/local/xenon/usr/lib/libxenon.a(xenon_sfcx.o)
                0x00000000800118c4                sfcx_readreg
 .text.sfcx_read_page
                0x00000000800118d4      0x148 /usr/local/xenon/usr/lib/libxenon.a(xenon_sfcx.o)
                0x00000000800118d4                sfcx_read_page
 .text.sfcx_write_page
                0x0000000080011a1c      0x138 /usr/local/xenon/usr/lib/libxenon.a(xenon_sfcx.o)
                0x0000000080011a1c                sfcx_write_page
 .text.sfcx_read_block
                0x0000000080011b54       0x88 /usr/local/xenon/usr/lib/libxenon.a(xenon_sfcx.o)
                0x0000000080011b54                sfcx_read_block
 .text.sfcx_write_block
                0x0000000080011bdc       0x6c /usr/local/xenon/usr/lib/libxenon.a(xenon_sfcx.o)
                0x0000000080011bdc                sfcx_write_block
 .text.sfcx_erase_block
                0x0000000080011c48       0xc8 /usr/local/xenon/usr/lib/libxenon.a(xenon_sfcx.o)
                0x0000000080011c48                sfcx_erase_block
 .text.sfcx_calcecc_ex
                0x0000000080011d10       0x98 /usr/local/xenon/usr/lib/libxenon.a(xenon_sfcx.o)
                0x0000000080011d10                sfcx_calcecc_ex
 .text.sfcx_calcecc
                0x0000000080011da8       0x14 /usr/local/xenon/usr/lib/libxenon.a(xenon_sfcx.o)
                0x0000000080011da8                sfcx_calcecc
 .text.sfcx_is_pagevalid
                0x0000000080011dbc       0x54 /usr/local/xenon/usr/lib/libxenon.a(xenon_sfcx.o)
                0x0000000080011dbc                sfcx_is_pagevalid
 .text.sfcx_is_pageerased
                0x0000000080011e10       0x4c /usr/local/xenon/usr/lib/libxenon.a(xenon_sfcx.o)
                0x0000000080011e10                sfcx_is_pageerased
 .text.rawflash_checkImage_meta
                0x0000000080011e5c      0x174 /usr/local/xenon/usr/lib/libxenon.a(xenon_sfcx.o)
                0x0000000080011e5c                rawflash_checkImage_meta
 .text.rawflash_checkImage_ecd_page
                0x0000000080011fd0       0x74 /usr/local/xenon/usr/lib/libxenon.a(xenon_sfcx.o)
                0x0000000080011fd0                rawflash_checkImage_ecd_page
 .text.rawflash_checkImage_ecd
                0x0000000080012044       0x78 /usr/local/xenon/usr/lib/libxenon.a(xenon_sfcx.o)
                0x0000000080012044                rawflash_checkImage_ecd
 .text.rawflash_writeImage
                0x00000000800120bc      0x1b4 /usr/local/xenon/usr/lib/libxenon.a(xenon_sfcx.o)
                0x00000000800120bc                rawflash_writeImage
 .text.sfcx_init
                0x0000000080012270      0x2d8 /usr/local/xenon/usr/lib/libxenon.a(xenon_sfcx.o)
                0x0000000080012270                sfcx_init
 .text.rawflash_checkImage
                0x0000000080012548       0xc8 /usr/local/xenon/usr/lib/libxenon.a(xenon_sfcx.o)
                0x0000000080012548                rawflash_checkImage
 .text.try_rawflash
                0x0000000080012610      0x190 /usr/local/xenon/usr/lib/libxenon.a(xenon_sfcx.o)
                0x0000000080012610                try_rawflash
 .text.xenon_config_init
                0x00000000800127a0       0xa8 /usr/local/xenon/usr/lib/libxenon.a(xenon_config.o)
                0x00000000800127a0                xenon_config_init
 .text.xenon_config_get_avregion
                0x0000000080012848       0xa0 /usr/local/xenon/usr/lib/libxenon.a(xenon_config.o)
                0x0000000080012848                xenon_config_get_avregion
 .text.xenon_config_get_mac_addr
                0x00000000800128e8       0xb4 /usr/local/xenon/usr/lib/libxenon.a(xenon_config.o)
                0x00000000800128e8                xenon_config_get_mac_addr
 .text.xenon_config_get_vid_delta
                0x000000008001299c       0x3c /usr/local/xenon/usr/lib/libxenon.a(xenon_config.o)
                0x000000008001299c                xenon_config_get_vid_delta
 .text.xenos_write32
                0x00000000800129d8        0x8 /usr/local/xenon/usr/lib/libxenon.a(xenos.o)
                0x00000000800129d8                xenos_write32
 .text.xenos_read32
                0x00000000800129e0        0x8 /usr/local/xenon/usr/lib/libxenon.a(xenos.o)
                0x00000000800129e0                xenos_read32
 .text.xenos_ana_write
                0x00000000800129e8       0xc0 /usr/local/xenon/usr/lib/libxenon.a(xenos.o)
 .text.xenos_init_ana_new
                0x0000000080012aa8      0x584 /usr/local/xenon/usr/lib/libxenon.a(xenos.o)
                0x0000000080012aa8                xenos_init_ana_new
 .text.xenos_init_phase0
                0x000000008001302c       0xa0 /usr/local/xenon/usr/lib/libxenon.a(xenos.o)
                0x000000008001302c                xenos_init_phase0
 .text.xenos_init_phase1
                0x00000000800130cc      0x448 /usr/local/xenon/usr/lib/libxenon.a(xenos.o)
                0x00000000800130cc                xenos_init_phase1
 .text.xenos_ana_preinit
                0x0000000080013514       0xe4 /usr/local/xenon/usr/lib/libxenon.a(xenos.o)
                0x0000000080013514                xenos_ana_preinit
 .text.xenos_set_mode_f1
                0x00000000800135f8      0x190 /usr/local/xenon/usr/lib/libxenon.a(xenos.o)
                0x00000000800135f8                xenos_set_mode_f1
 .text.xenos_set_mode_f2
                0x0000000080013788      0x3dc /usr/local/xenon/usr/lib/libxenon.a(xenos.o)
                0x0000000080013788                xenos_set_mode_f2
 .text.xenos_set_mode
                0x0000000080013b64      0x400 /usr/local/xenon/usr/lib/libxenon.a(xenos.o)
                0x0000000080013b64                xenos_set_mode
 .text.xenos_hdmi_vga_mode_fix
                0x0000000080013f64       0x44 /usr/local/xenon/usr/lib/libxenon.a(xenos.o)
                0x0000000080013f64                xenos_hdmi_vga_mode_fix
 .text.xenos_autoset_mode
                0x0000000080013fa8      0x15c /usr/local/xenon/usr/lib/libxenon.a(xenos.o)
                0x0000000080013fa8                xenos_autoset_mode
 .text.xenos_init
                0x0000000080014104      0x154 /usr/local/xenon/usr/lib/libxenon.a(xenos.o)
                0x0000000080014104                xenos_init
 .text.xenos_is_overscan
                0x0000000080014258       0x38 /usr/local/xenon/usr/lib/libxenon.a(xenos.o)
                0x0000000080014258                xenos_is_overscan
 .text.xenos_is_initialized
                0x0000000080014290       0x18 /usr/local/xenon/usr/lib/libxenon.a(xenos.o)
                0x0000000080014290                xenos_is_initialized
 .text.xenos_do_probe_ddc_edid
                0x00000000800142a8      0x19c /usr/local/xenon/usr/lib/libxenon.a(xenos_edid.o)
                0x00000000800142a8                xenos_do_probe_ddc_edid
 .text.xenos_ddc_read_edid
                0x0000000080014444      0x16c /usr/local/xenon/usr/lib/libxenon.a(xenos_edid.o)
 .text.xenos_get_edid
                0x00000000800145b0       0xa8 /usr/local/xenon/usr/lib/libxenon.a(xenos_edid.o)
                0x00000000800145b0                xenos_get_edid
 .text.xenos_detect_hdmi_monitor
                0x0000000080014658       0xdc /usr/local/xenon/usr/lib/libxenon.a(xenos_edid.o)
                0x0000000080014658                xenos_detect_hdmi_monitor
 .text.mem_init
                0x0000000080014734       0x5c /usr/local/xenon/usr/lib/libxenon.a(mem.o)
                0x0000000080014734                mem_init
 .text.mem_free
                0x0000000080014790      0x204 /usr/local/xenon/usr/lib/libxenon.a(mem.o)
                0x0000000080014790                mem_free
 .text.mem_trim
                0x0000000080014994      0x180 /usr/local/xenon/usr/lib/libxenon.a(mem.o)
                0x0000000080014994                mem_trim
 .text.mem_malloc
                0x0000000080014b14      0x244 /usr/local/xenon/usr/lib/libxenon.a(mem.o)
                0x0000000080014b14                mem_malloc
 .text.netif_init
                0x0000000080014d58        0x4 /usr/local/xenon/usr/lib/libxenon.a(netif.o)
                0x0000000080014d58                netif_init
 .text.netif_set_ipaddr
                0x0000000080014d5c       0xa8 /usr/local/xenon/usr/lib/libxenon.a(netif.o)
                0x0000000080014d5c                netif_set_ipaddr
 .text.netif_set_addr
                0x0000000080014e04       0x5c /usr/local/xenon/usr/lib/libxenon.a(netif.o)
                0x0000000080014e04                netif_set_addr
 .text.netif_add
                0x0000000080014e60       0xb8 /usr/local/xenon/usr/lib/libxenon.a(netif.o)
                0x0000000080014e60                netif_add
 .text.netif_set_gw
                0x0000000080014f18       0x1c /usr/local/xenon/usr/lib/libxenon.a(netif.o)
                0x0000000080014f18                netif_set_gw
 .text.netif_set_netmask
                0x0000000080014f34       0x1c /usr/local/xenon/usr/lib/libxenon.a(netif.o)
                0x0000000080014f34                netif_set_netmask
 .text.netif_set_default
                0x0000000080014f50        0xc /usr/local/xenon/usr/lib/libxenon.a(netif.o)
                0x0000000080014f50                netif_set_default
 .text.netif_set_up
                0x0000000080014f5c       0x78 /usr/local/xenon/usr/lib/libxenon.a(netif.o)
                0x0000000080014f5c                netif_set_up
 .text.netif_set_down
                0x0000000080014fd4       0x2c /usr/local/xenon/usr/lib/libxenon.a(netif.o)
                0x0000000080014fd4                netif_set_down
 .text.pbuf_alloced_custom
                0x0000000080015000       0xe0 /usr/local/xenon/usr/lib/libxenon.a(pbuf.o)
                0x0000000080015000                pbuf_alloced_custom
 .text.pbuf_header
                0x00000000800150e0      0x12c /usr/local/xenon/usr/lib/libxenon.a(pbuf.o)
                0x00000000800150e0                pbuf_header
 .text.pbuf_free
                0x000000008001520c      0x14c /usr/local/xenon/usr/lib/libxenon.a(pbuf.o)
                0x000000008001520c                pbuf_free
 .text.pbuf_realloc
                0x0000000080015358      0x194 /usr/local/xenon/usr/lib/libxenon.a(pbuf.o)
                0x0000000080015358                pbuf_realloc
 .text.pbuf_alloc
                0x00000000800154ec      0x2f4 /usr/local/xenon/usr/lib/libxenon.a(pbuf.o)
                0x00000000800154ec                pbuf_alloc
 .text.pbuf_clen
                0x00000000800157e0       0x24 /usr/local/xenon/usr/lib/libxenon.a(pbuf.o)
                0x00000000800157e0                pbuf_clen
 .text.pbuf_ref
                0x0000000080015804       0x18 /usr/local/xenon/usr/lib/libxenon.a(pbuf.o)
                0x0000000080015804                pbuf_ref
 .text.pbuf_cat
                0x000000008001581c       0xac /usr/local/xenon/usr/lib/libxenon.a(pbuf.o)
                0x000000008001581c                pbuf_cat
 .text.pbuf_chain
                0x00000000800158c8       0x34 /usr/local/xenon/usr/lib/libxenon.a(pbuf.o)
                0x00000000800158c8                pbuf_chain
 .text.pbuf_copy
                0x00000000800158fc      0x1e4 /usr/local/xenon/usr/lib/libxenon.a(pbuf.o)
                0x00000000800158fc                pbuf_copy
 .text.pbuf_copy_partial
                0x0000000080015ae0      0x104 /usr/local/xenon/usr/lib/libxenon.a(pbuf.o)
                0x0000000080015ae0                pbuf_copy_partial
 .text.stats_init
                0x0000000080015be4        0x4 /usr/local/xenon/usr/lib/libxenon.a(stats.o)
                0x0000000080015be4                stats_init
 .text.tcp_accept_null
                0x0000000080015be8        0x8 /usr/local/xenon/usr/lib/libxenon.a(tcp.o)
 .text.tcp_new_port
                0x0000000080015bf0       0x74 /usr/local/xenon/usr/lib/libxenon.a(tcp.o)
 .text.tcp_bind
                0x0000000080015c64      0x100 /usr/local/xenon/usr/lib/libxenon.a(tcp.o)
                0x0000000080015c64                tcp_bind
 .text.tcp_listen_with_backlog
                0x0000000080015d64      0x140 /usr/local/xenon/usr/lib/libxenon.a(tcp.o)
                0x0000000080015d64                tcp_listen_with_backlog
 .text.tcp_update_rcv_ann_wnd
                0x0000000080015ea4       0x90 /usr/local/xenon/usr/lib/libxenon.a(tcp.o)
                0x0000000080015ea4                tcp_update_rcv_ann_wnd
 .text.tcp_recved
                0x0000000080015f34       0xac /usr/local/xenon/usr/lib/libxenon.a(tcp.o)
                0x0000000080015f34                tcp_recved
 .text.tcp_seg_free
                0x0000000080015fe0       0x50 /usr/local/xenon/usr/lib/libxenon.a(tcp.o)
                0x0000000080015fe0                tcp_seg_free
 .text.tcp_segs_free
                0x0000000080016030       0x34 /usr/local/xenon/usr/lib/libxenon.a(tcp.o)
                0x0000000080016030                tcp_segs_free
 .text.tcp_setprio
                0x0000000080016064        0x8 /usr/local/xenon/usr/lib/libxenon.a(tcp.o)
                0x0000000080016064                tcp_setprio
 .text.tcp_seg_copy
                0x000000008001606c       0x44 /usr/local/xenon/usr/lib/libxenon.a(tcp.o)
                0x000000008001606c                tcp_seg_copy
 .text.tcp_arg  0x00000000800160b0        0x8 /usr/local/xenon/usr/lib/libxenon.a(tcp.o)
                0x00000000800160b0                tcp_arg
 .text.tcp_recv
                0x00000000800160b8        0x8 /usr/local/xenon/usr/lib/libxenon.a(tcp.o)
                0x00000000800160b8                tcp_recv
 .text.tcp_sent
                0x00000000800160c0        0x8 /usr/local/xenon/usr/lib/libxenon.a(tcp.o)
                0x00000000800160c0                tcp_sent
 .text.tcp_err  0x00000000800160c8        0x8 /usr/local/xenon/usr/lib/libxenon.a(tcp.o)
                0x00000000800160c8                tcp_err
 .text.tcp_accept
                0x00000000800160d0        0x8 /usr/local/xenon/usr/lib/libxenon.a(tcp.o)
                0x00000000800160d0                tcp_accept
 .text.tcp_poll
                0x00000000800160d8        0xc /usr/local/xenon/usr/lib/libxenon.a(tcp.o)
                0x00000000800160d8                tcp_poll
 .text.tcp_pcb_purge
                0x00000000800160e4       0x88 /usr/local/xenon/usr/lib/libxenon.a(tcp.o)
                0x00000000800160e4                tcp_pcb_purge
 .text.tcp_slowtmr
                0x000000008001616c      0x564 /usr/local/xenon/usr/lib/libxenon.a(tcp.o)
                0x000000008001616c                tcp_slowtmr
 .text.tcp_pcb_remove
                0x00000000800166d0      0x154 /usr/local/xenon/usr/lib/libxenon.a(tcp.o)
                0x00000000800166d0                tcp_pcb_remove
 .text.tcp_abandon
                0x0000000080016824      0x128 /usr/local/xenon/usr/lib/libxenon.a(tcp.o)
                0x0000000080016824                tcp_abandon
 .text.tcp_abort
                0x000000008001694c        0x8 /usr/local/xenon/usr/lib/libxenon.a(tcp.o)
                0x000000008001694c                tcp_abort
 .text.tcp_close_shutdown
                0x0000000080016954      0x22c /usr/local/xenon/usr/lib/libxenon.a(tcp.o)
 .text.tcp_close
                0x0000000080016b80       0x20 /usr/local/xenon/usr/lib/libxenon.a(tcp.o)
                0x0000000080016b80                tcp_close
 .text.tcp_recv_null
                0x0000000080016ba0       0x5c /usr/local/xenon/usr/lib/libxenon.a(tcp.o)
                0x0000000080016ba0                tcp_recv_null
 .text.tcp_fasttmr
                0x0000000080016bfc       0xc8 /usr/local/xenon/usr/lib/libxenon.a(tcp.o)
                0x0000000080016bfc                tcp_fasttmr
 .text.tcp_tmr  0x0000000080016cc4       0x50 /usr/local/xenon/usr/lib/libxenon.a(tcp.o)
                0x0000000080016cc4                tcp_tmr
 .text.tcp_next_iss
                0x0000000080016d14       0x1c /usr/local/xenon/usr/lib/libxenon.a(tcp.o)
                0x0000000080016d14                tcp_next_iss
 .text.tcp_alloc
                0x0000000080016d30      0x1cc /usr/local/xenon/usr/lib/libxenon.a(tcp.o)
                0x0000000080016d30                tcp_alloc
 .text.tcp_new  0x0000000080016efc        0x8 /usr/local/xenon/usr/lib/libxenon.a(tcp.o)
                0x0000000080016efc                tcp_new
 .text.tcp_eff_send_mss
                0x0000000080016f04       0x5c /usr/local/xenon/usr/lib/libxenon.a(tcp.o)
                0x0000000080016f04                tcp_eff_send_mss
 .text.ip4_addr_isbroadcast
                0x0000000080016f60       0x68 /usr/local/xenon/usr/lib/libxenon.a(ip_addr.o)
                0x0000000080016f60                ip4_addr_isbroadcast
 .text.ipaddr_aton
                0x0000000080016fc8      0x22c /usr/local/xenon/usr/lib/libxenon.a(ip_addr.o)
                0x0000000080016fc8                ipaddr_aton
 .text.ipaddr_addr
                0x00000000800171f4       0x38 /usr/local/xenon/usr/lib/libxenon.a(ip_addr.o)
                0x00000000800171f4                ipaddr_addr
 .text.ipaddr_ntoa_r
                0x000000008001722c       0xf0 /usr/local/xenon/usr/lib/libxenon.a(ip_addr.o)
                0x000000008001722c                ipaddr_ntoa_r
 .text.ipaddr_ntoa
                0x000000008001731c       0x10 /usr/local/xenon/usr/lib/libxenon.a(ip_addr.o)
                0x000000008001731c                ipaddr_ntoa
 .text.ip_route
                0x000000008001732c       0x88 /usr/local/xenon/usr/lib/libxenon.a(ip.o)
                0x000000008001732c                ip_route
 .text.ip_input
                0x00000000800173b4      0x330 /usr/local/xenon/usr/lib/libxenon.a(ip.o)
                0x00000000800173b4                ip_input
 .text.ip_output_if
                0x00000000800176e4      0x1d8 /usr/local/xenon/usr/lib/libxenon.a(ip.o)
                0x00000000800176e4                ip_output_if
 .text.ip_output
                0x00000000800178bc       0xb4 /usr/local/xenon/usr/lib/libxenon.a(ip.o)
                0x00000000800178bc                ip_output
 .text.ip_reass_dequeue_datagram
                0x0000000080017970       0x68 /usr/local/xenon/usr/lib/libxenon.a(ip_frag.o)
 .text.ip_reass_free_complete_datagram
                0x00000000800179d8      0x178 /usr/local/xenon/usr/lib/libxenon.a(ip_frag.o)
 .text.ip_reass_remove_oldest_datagram
                0x0000000080017b50       0xd4 /usr/local/xenon/usr/lib/libxenon.a(ip_frag.o)
 .text.ipfrag_free_pbuf_custom
                0x0000000080017c24       0x68 /usr/local/xenon/usr/lib/libxenon.a(ip_frag.o)
 .text.ip_reass
                0x0000000080017c8c      0x4ec /usr/local/xenon/usr/lib/libxenon.a(ip_frag.o)
                0x0000000080017c8c                ip_reass
 .text.ip_frag  0x0000000080018178      0x238 /usr/local/xenon/usr/lib/libxenon.a(ip_frag.o)
                0x0000000080018178                ip_frag
 .text.tcp_pbuf_prealloc
                0x00000000800183b0       0xd8 /usr/local/xenon/usr/lib/libxenon.a(tcp_out.o)
 .text.tcp_create_segment
                0x0000000080018488      0x110 /usr/local/xenon/usr/lib/libxenon.a(tcp_out.o)
 .text.tcp_output_alloc_header.constprop.1
                0x0000000080018598       0xb0 /usr/local/xenon/usr/lib/libxenon.a(tcp_out.o)
 .text.tcp_write
                0x0000000080018648      0x6d4 /usr/local/xenon/usr/lib/libxenon.a(tcp_out.o)
                0x0000000080018648                tcp_write
 .text.tcp_enqueue_flags
                0x0000000080018d1c      0x258 /usr/local/xenon/usr/lib/libxenon.a(tcp_out.o)
                0x0000000080018d1c                tcp_enqueue_flags
 .text.tcp_send_fin
                0x0000000080018f74       0x4c /usr/local/xenon/usr/lib/libxenon.a(tcp_out.o)
                0x0000000080018f74                tcp_send_fin
 .text.tcp_send_empty_ack
                0x0000000080018fc0       0x90 /usr/local/xenon/usr/lib/libxenon.a(tcp_out.o)
                0x0000000080018fc0                tcp_send_empty_ack
 .text.tcp_output
                0x0000000080019050      0x428 /usr/local/xenon/usr/lib/libxenon.a(tcp_out.o)
                0x0000000080019050                tcp_output
 .text.tcp_rst  0x0000000080019478      0x124 /usr/local/xenon/usr/lib/libxenon.a(tcp_out.o)
                0x0000000080019478                tcp_rst
 .text.tcp_rexmit_rto
                0x000000008001959c       0x48 /usr/local/xenon/usr/lib/libxenon.a(tcp_out.o)
                0x000000008001959c                tcp_rexmit_rto
 .text.tcp_rexmit
                0x00000000800195e4       0x64 /usr/local/xenon/usr/lib/libxenon.a(tcp_out.o)
                0x00000000800195e4                tcp_rexmit
 .text.tcp_rexmit_fast
                0x0000000080019648       0x98 /usr/local/xenon/usr/lib/libxenon.a(tcp_out.o)
                0x0000000080019648                tcp_rexmit_fast
 .text.tcp_keepalive
                0x00000000800196e0       0xac /usr/local/xenon/usr/lib/libxenon.a(tcp_out.o)
                0x00000000800196e0                tcp_keepalive
 .text.tcp_zero_window_probe
                0x000000008001978c      0x12c /usr/local/xenon/usr/lib/libxenon.a(tcp_out.o)
                0x000000008001978c                tcp_zero_window_probe
 .text.udp_input
                0x00000000800198b8      0x388 /usr/local/xenon/usr/lib/libxenon.a(udp.o)
                0x00000000800198b8                udp_input
 .text.udp_bind
                0x0000000080019c40      0x134 /usr/local/xenon/usr/lib/libxenon.a(udp.o)
                0x0000000080019c40                udp_bind
 .text.udp_sendto_if
                0x0000000080019d74      0x1ac /usr/local/xenon/usr/lib/libxenon.a(udp.o)
                0x0000000080019d74                udp_sendto_if
 .text.udp_sendto
                0x0000000080019f20       0x78 /usr/local/xenon/usr/lib/libxenon.a(udp.o)
                0x0000000080019f20                udp_sendto
 .text.udp_connect
                0x0000000080019f98       0xa8 /usr/local/xenon/usr/lib/libxenon.a(udp.o)
                0x0000000080019f98                udp_connect
 .text.udp_recv
                0x000000008001a040        0xc /usr/local/xenon/usr/lib/libxenon.a(udp.o)
                0x000000008001a040                udp_recv
 .text.udp_remove
                0x000000008001a04c       0x50 /usr/local/xenon/usr/lib/libxenon.a(udp.o)
                0x000000008001a04c                udp_remove
 .text.udp_new  0x000000008001a09c       0x44 /usr/local/xenon/usr/lib/libxenon.a(udp.o)
                0x000000008001a09c                udp_new
 .text.etharp_send_ip
                0x000000008001a0e0       0x70 /usr/local/xenon/usr/lib/libxenon.a(etharp.o)
 .text.free_etharp_q
                0x000000008001a150       0xbc /usr/local/xenon/usr/lib/libxenon.a(etharp.o)
 .text.find_entry
                0x000000008001a20c      0x264 /usr/local/xenon/usr/lib/libxenon.a(etharp.o)
 .text.update_arp_entry
                0x000000008001a470      0x12c /usr/local/xenon/usr/lib/libxenon.a(etharp.o)
 .text.etharp_ip_input
                0x000000008001a59c       0x78 /usr/local/xenon/usr/lib/libxenon.a(etharp.o)
                0x000000008001a59c                etharp_ip_input
 .text.etharp_arp_input
                0x000000008001a614      0x218 /usr/local/xenon/usr/lib/libxenon.a(etharp.o)
                0x000000008001a614                etharp_arp_input
 .text.etharp_request
                0x000000008001a82c      0x174 /usr/local/xenon/usr/lib/libxenon.a(etharp.o)
                0x000000008001a82c                etharp_request
 .text.etharp_query
                0x000000008001a9a0      0x2b8 /usr/local/xenon/usr/lib/libxenon.a(etharp.o)
                0x000000008001a9a0                etharp_query
 .text.etharp_output
                0x000000008001ac58      0x180 /usr/local/xenon/usr/lib/libxenon.a(etharp.o)
                0x000000008001ac58                etharp_output
 .text.dhcp_set_state
                0x000000008001add8       0x24 /usr/local/xenon/usr/lib/libxenon.a(dhcp.o)
 .text.dhcp_check
                0x000000008001adfc       0x54 /usr/local/xenon/usr/lib/libxenon.a(dhcp.o)
 .text.dhcp_bind
                0x000000008001ae50      0x190 /usr/local/xenon/usr/lib/libxenon.a(dhcp.o)
 .text.dhcp_option
                0x000000008001afe0       0x68 /usr/local/xenon/usr/lib/libxenon.a(dhcp.o)
 .text.dhcp_option_byte
                0x000000008001b048       0x50 /usr/local/xenon/usr/lib/libxenon.a(dhcp.o)
 .text.dhcp_option_trailer
                0x000000008001b098      0x104 /usr/local/xenon/usr/lib/libxenon.a(dhcp.o)
 .text.dhcp_option_short
                0x000000008001b19c       0x68 /usr/local/xenon/usr/lib/libxenon.a(dhcp.o)
 .text.dhcp_option_long
                0x000000008001b204       0x98 /usr/local/xenon/usr/lib/libxenon.a(dhcp.o)
 .text.dhcp_create_msg
                0x000000008001b29c      0x2b0 /usr/local/xenon/usr/lib/libxenon.a(dhcp.o)
 .text.dhcp_delete_msg
                0x000000008001b54c       0xac /usr/local/xenon/usr/lib/libxenon.a(dhcp.o)
 .text.dhcp_reboot
                0x000000008001b5f8       0xf8 /usr/local/xenon/usr/lib/libxenon.a(dhcp.o)
 .text.dhcp_discover
                0x000000008001b6f0      0x144 /usr/local/xenon/usr/lib/libxenon.a(dhcp.o)
 .text.dhcp_select
                0x000000008001b834      0x1dc /usr/local/xenon/usr/lib/libxenon.a(dhcp.o)
 .text.dhcp_rebind
                0x000000008001ba10      0x150 /usr/local/xenon/usr/lib/libxenon.a(dhcp.o)
 .text.dhcp_recv
                0x000000008001bb60      0x8b4 /usr/local/xenon/usr/lib/libxenon.a(dhcp.o)
 .text.dhcp_arp_reply
                0x000000008001c414      0x100 /usr/local/xenon/usr/lib/libxenon.a(dhcp.o)
                0x000000008001c414                dhcp_arp_reply
 .text.dhcp_renew
                0x000000008001c514      0x14c /usr/local/xenon/usr/lib/libxenon.a(dhcp.o)
                0x000000008001c514                dhcp_renew
 .text.dhcp_coarse_tmr
                0x000000008001c660       0xb4 /usr/local/xenon/usr/lib/libxenon.a(dhcp.o)
                0x000000008001c660                dhcp_coarse_tmr
 .text.dhcp_release
                0x000000008001c714      0x114 /usr/local/xenon/usr/lib/libxenon.a(dhcp.o)
                0x000000008001c714                dhcp_release
 .text.dhcp_fine_tmr
                0x000000008001c828      0x12c /usr/local/xenon/usr/lib/libxenon.a(dhcp.o)
                0x000000008001c828                dhcp_fine_tmr
 .text.dhcp_stop
                0x000000008001c954       0xc0 /usr/local/xenon/usr/lib/libxenon.a(dhcp.o)
                0x000000008001c954                dhcp_stop
 .text.dhcp_start
                0x000000008001ca14      0x198 /usr/local/xenon/usr/lib/libxenon.a(dhcp.o)
                0x000000008001ca14                dhcp_start
 .text.raw_input
                0x000000008001cbac       0xe8 /usr/local/xenon/usr/lib/libxenon.a(raw.o)
                0x000000008001cbac                raw_input
 .text.tcp_timer_needed
                0x000000008001cc94        0x4 /usr/local/xenon/usr/lib/libxenon.a(timers.o)
                0x000000008001cc94                tcp_timer_needed
 .text.phy_read
                0x000000008001cc98       0x88 /usr/local/xenon/usr/lib/libxenon.a(enet.o)
 .text.enet_linkoutput
                0x000000008001cd20      0x124 /usr/local/xenon/usr/lib/libxenon.a(enet.o)
 .text.enet_init
                0x000000008001ce44      0x568 /usr/local/xenon/usr/lib/libxenon.a(enet.o)
                0x000000008001ce44                enet_init
 .text.enet_poll
                0x000000008001d3ac      0x26c /usr/local/xenon/usr/lib/libxenon.a(enet.o)
                0x000000008001d3ac                enet_poll
 .text.enet_quiesce
                0x000000008001d618       0x38 /usr/local/xenon/usr/lib/libxenon.a(enet.o)
                0x000000008001d618                enet_quiesce
 .text.mftb     0x000000008001d650       0x1c /usr/local/xenon/usr/lib/libxenon.a(network.o)
 .text.network_poll
                0x000000008001d66c       0xf0 /usr/local/xenon/usr/lib/libxenon.a(network.o)
                0x000000008001d66c                network_poll
 .text.network_init
                0x000000008001d75c      0x220 /usr/local/xenon/usr/lib/libxenon.a(network.o)
                0x000000008001d75c                network_init
 .text.network_print_config
                0x000000008001d97c       0x90 /usr/local/xenon/usr/lib/libxenon.a(network.o)
                0x000000008001d97c                network_print_config
 .text.elf_setArgcArgv
                0x000000008001da0c       0xf0 /usr/local/xenon/usr/lib/libxenon.a(elf.o)
                0x000000008001da0c                elf_setArgcArgv
 .text.elf_runFromMemory
                0x000000008001dafc       0xd4 /usr/local/xenon/usr/lib/libxenon.a(elf.o)
                0x000000008001dafc                elf_runFromMemory
 .text.kernel_prepare_initrd
                0x000000008001dbd0       0x80 /usr/local/xenon/usr/lib/libxenon.a(elf.o)
                0x000000008001dbd0                kernel_prepare_initrd
 .text.kernel_relocate_initrd
                0x000000008001dc50       0x9c /usr/local/xenon/usr/lib/libxenon.a(elf.o)
                0x000000008001dc50                kernel_relocate_initrd
 .text.elf_runWithDeviceTree
                0x000000008001dcec      0x250 /usr/local/xenon/usr/lib/libxenon.a(elf.o)
                0x000000008001dcec                elf_runWithDeviceTree
 .text.kernel_reset_initrd
                0x000000008001df3c       0x44 /usr/local/xenon/usr/lib/libxenon.a(elf.o)
                0x000000008001df3c                kernel_reset_initrd
 .text.kernel_build_cmdline
                0x000000008001df80       0xb4 /usr/local/xenon/usr/lib/libxenon.a(elf.o)
                0x000000008001df80                kernel_build_cmdline
 .text.fdt32_to_cpu
                0x000000008001e034        0xc /usr/local/xenon/usr/lib/libxenon.a(fdt_ro.o)
 .text.fdt64_to_cpu
                0x000000008001e040       0x14 /usr/local/xenon/usr/lib/libxenon.a(fdt_ro.o)
 .text._nextprop
                0x000000008001e054       0x6c /usr/local/xenon/usr/lib/libxenon.a(fdt_ro.o)
 .text.fdt_string
                0x000000008001e0c0       0x34 /usr/local/xenon/usr/lib/libxenon.a(fdt_ro.o)
                0x000000008001e0c0                fdt_string
 .text.fdt_num_mem_rsv
                0x000000008001e0f4       0x5c /usr/local/xenon/usr/lib/libxenon.a(fdt_ro.o)
                0x000000008001e0f4                fdt_num_mem_rsv
 .text.fdt_subnode_offset_namelen
                0x000000008001e150       0xf4 /usr/local/xenon/usr/lib/libxenon.a(fdt_ro.o)
                0x000000008001e150                fdt_subnode_offset_namelen
 .text.fdt_first_property_offset
                0x000000008001e244       0x44 /usr/local/xenon/usr/lib/libxenon.a(fdt_ro.o)
                0x000000008001e244                fdt_first_property_offset
 .text.fdt_next_property_offset
                0x000000008001e288       0x44 /usr/local/xenon/usr/lib/libxenon.a(fdt_ro.o)
                0x000000008001e288                fdt_next_property_offset
 .text.fdt_get_property_by_offset
                0x000000008001e2cc       0x74 /usr/local/xenon/usr/lib/libxenon.a(fdt_ro.o)
                0x000000008001e2cc                fdt_get_property_by_offset
 .text.fdt_get_property_namelen
                0x000000008001e340       0xc8 /usr/local/xenon/usr/lib/libxenon.a(fdt_ro.o)
                0x000000008001e340                fdt_get_property_namelen
 .text.fdt_get_property
                0x000000008001e408       0x58 /usr/local/xenon/usr/lib/libxenon.a(fdt_ro.o)
                0x000000008001e408                fdt_get_property
 .text.fdt_getprop_namelen
                0x000000008001e460       0x34 /usr/local/xenon/usr/lib/libxenon.a(fdt_ro.o)
                0x000000008001e460                fdt_getprop_namelen
 .text.fdt_get_alias_namelen
                0x000000008001e494       0x6c /usr/local/xenon/usr/lib/libxenon.a(fdt_ro.o)
                0x000000008001e494                fdt_get_alias_namelen
 .text.fdt_path_offset
                0x000000008001e500      0x108 /usr/local/xenon/usr/lib/libxenon.a(fdt_ro.o)
                0x000000008001e500                fdt_path_offset
 .text.fdt32_to_cpu
                0x000000008001e608        0xc /usr/local/xenon/usr/lib/libxenon.a(fdt_rw.o)
 .text._fdt_blocks_misordered
                0x000000008001e614       0xa0 /usr/local/xenon/usr/lib/libxenon.a(fdt_rw.o)
 .text._fdt_rw_check_header
                0x000000008001e6b4       0x84 /usr/local/xenon/usr/lib/libxenon.a(fdt_rw.o)
 .text._fdt_packblocks
                0x000000008001e738       0xcc /usr/local/xenon/usr/lib/libxenon.a(fdt_rw.o)
 .text._fdt_splice
                0x000000008001e804       0xa0 /usr/local/xenon/usr/lib/libxenon.a(fdt_rw.o)
 .text._fdt_splice_struct
                0x000000008001e8a4       0x64 /usr/local/xenon/usr/lib/libxenon.a(fdt_rw.o)
 .text._fdt_splice_mem_rsv
                0x000000008001e908       0x70 /usr/local/xenon/usr/lib/libxenon.a(fdt_rw.o)
 .text.fdt_add_mem_rsv
                0x000000008001e978       0x98 /usr/local/xenon/usr/lib/libxenon.a(fdt_rw.o)
                0x000000008001e978                fdt_add_mem_rsv
 .text.fdt_setprop
                0x000000008001ea10      0x1cc /usr/local/xenon/usr/lib/libxenon.a(fdt_rw.o)
                0x000000008001ea10                fdt_setprop
 .text.fdt_open_into
                0x000000008001ebdc      0x1bc /usr/local/xenon/usr/lib/libxenon.a(fdt_rw.o)
                0x000000008001ebdc                fdt_open_into
 .text.fdt_pack
                0x000000008001ed98       0x7c /usr/local/xenon/usr/lib/libxenon.a(fdt_rw.o)
                0x000000008001ed98                fdt_pack
 .text.print_key
                0x000000008001ee14       0x7c /usr/local/xenon/usr/lib/libxenon.a(xb360.o)
                0x000000008001ee14                print_key
 .text.cpu_get_key
                0x000000008001ee90       0x7c /usr/local/xenon/usr/lib/libxenon.a(xb360.o)
                0x000000008001ee90                cpu_get_key
 .text.kv_get_key
                0x000000008001ef0c       0x74 /usr/local/xenon/usr/lib/libxenon.a(xb360.o)
                0x000000008001ef0c                kv_get_key
 .text.updateXeLL
                0x000000008001ef80      0x35c /usr/local/xenon/usr/lib/libxenon.a(xb360.o)
                0x000000008001ef80                updateXeLL
 .text.xenon_get_DVE
                0x000000008001f2dc       0x38 /usr/local/xenon/usr/lib/libxenon.a(xb360.o)
                0x000000008001f2dc                xenon_get_DVE
 .text.xenon_get_PCIBridgeRevisionID
                0x000000008001f314       0x2c /usr/local/xenon/usr/lib/libxenon.a(xb360.o)
                0x000000008001f314                xenon_get_PCIBridgeRevisionID
 .text.xenon_get_XenosID
                0x000000008001f340       0x28 /usr/local/xenon/usr/lib/libxenon.a(xb360.o)
                0x000000008001f340                xenon_get_XenosID
 .text.xenon_get_console_type
                0x000000008001f368       0xcc /usr/local/xenon/usr/lib/libxenon.a(xb360.o)
                0x000000008001f368                xenon_get_console_type
 .text.xenon_logical_nand_data_ok
                0x000000008001f434       0x1c /usr/local/xenon/usr/lib/libxenon.a(xb360.o)
                0x000000008001f434                xenon_logical_nand_data_ok
 .text.xenon_get_logical_nand_data
                0x000000008001f450       0x50 /usr/local/xenon/usr/lib/libxenon.a(xb360.o)
                0x000000008001f450                xenon_get_logical_nand_data
 .text.get_virtual_cpukey
                0x000000008001f4a0       0x88 /usr/local/xenon/usr/lib/libxenon.a(xb360.o)
                0x000000008001f4a0                get_virtual_cpukey
 .text.xenon_get_kv_size
                0x000000008001f528       0x40 /usr/local/xenon/usr/lib/libxenon.a(xb360.o)
                0x000000008001f528                xenon_get_kv_size
 .text.xenon_get_kv_offset
                0x000000008001f568       0x40 /usr/local/xenon/usr/lib/libxenon.a(xb360.o)
                0x000000008001f568                xenon_get_kv_offset
 .text.kv_read  0x000000008001f5a8      0x1a0 /usr/local/xenon/usr/lib/libxenon.a(xb360.o)
                0x000000008001f5a8                kv_read
 .text.kv_get_dvd_key
                0x000000008001f748      0x128 /usr/local/xenon/usr/lib/libxenon.a(xb360.o)
                0x000000008001f748                kv_get_dvd_key
 .text.print_cpu_dvd_keys
                0x000000008001f870       0xcc /usr/local/xenon/usr/lib/libxenon.a(xb360.o)
                0x000000008001f870                print_cpu_dvd_keys
 .text.kfree    0x000000008001f93c       0xb8 /usr/local/xenon/usr/lib/libxenon.a(lib_malloc.o)
                0x000000008001f93c                kfree
 .text.lib_outofmemory
                0x000000008001f9f4        0xc /usr/local/xenon/usr/lib/libxenon.a(lib_malloc.o)
                0x000000008001f9f4                lib_outofmemory
 .text.kmalloc  0x000000008001fa00      0x144 /usr/local/xenon/usr/lib/libxenon.a(lib_malloc.o)
                0x000000008001fa00                kmalloc
 .text.kmem_init
                0x000000008001fb44       0x70 /usr/local/xenon/usr/lib/libxenon.a(lib_malloc.o)
                0x000000008001fb44                kmem_init
 .text.read32   0x000000008001fbb4        0x8 /usr/local/xenon/usr/lib/libxenon.a(io.o)
                0x000000008001fbb4                read32
 .text.read32n  0x000000008001fbbc        0x8 /usr/local/xenon/usr/lib/libxenon.a(io.o)
                0x000000008001fbbc                read32n
 .text.write32  0x000000008001fbc4        0x8 /usr/local/xenon/usr/lib/libxenon.a(io.o)
                0x000000008001fbc4                write32
 .text.write32n
                0x000000008001fbcc        0x8 /usr/local/xenon/usr/lib/libxenon.a(io.o)
                0x000000008001fbcc                write32n
 .text.dummy_attach
                0x000000008001fbd4        0x8 /usr/local/xenon/usr/lib/libxenon.a(dummy.o)
 .text.dummy_detach
                0x000000008001fbdc        0x8 /usr/local/xenon/usr/lib/libxenon.a(dummy.o)
 .text._ohci_allocept
                0x000000008001fbe4       0x64 /usr/local/xenon/usr/lib/libxenon.a(ohci.o)
 .text._ohci_allocxfer
                0x000000008001fc48       0x5c /usr/local/xenon/usr/lib/libxenon.a(ohci.o)
 .text.ohci_delete
                0x000000008001fca4        0x4 /usr/local/xenon/usr/lib/libxenon.a(ohci.o)
 .text.ohci_ept_setaddr
                0x000000008001fca8       0x38 /usr/local/xenon/usr/lib/libxenon.a(ohci.o)
 .text.ohci_ept_setmps
                0x000000008001fce0       0x44 /usr/local/xenon/usr/lib/libxenon.a(ohci.o)
 .text._ohci_queueept
                0x000000008001fd24       0x5c /usr/local/xenon/usr/lib/libxenon.a(ohci.o)
 .text.ohci_ept_create
                0x000000008001fd80      0x148 /usr/local/xenon/usr/lib/libxenon.a(ohci.o)
 .text.ohci_ept_cleartoggle
                0x000000008001fec8       0x48 /usr/local/xenon/usr/lib/libxenon.a(ohci.o)
 .text.ohci_stop
                0x000000008001ff10       0x14 /usr/local/xenon/usr/lib/libxenon.a(ohci.o)
 .text.ohci_ept_delete
                0x000000008001ff24      0x1fc /usr/local/xenon/usr/lib/libxenon.a(ohci.o)
 .text.ohci_start
                0x0000000080020120      0x1a4 /usr/local/xenon/usr/lib/libxenon.a(ohci.o)
 .text.ohci_roothub_strdscr
                0x00000000800202c4       0x6c /usr/local/xenon/usr/lib/libxenon.a(ohci.o)
 .text.ohci_intr
                0x0000000080020330      0x20c /usr/local/xenon/usr/lib/libxenon.a(ohci.o)
 .text._ohci_dma_alloc
                0x000000008002053c       0x50 /usr/local/xenon/usr/lib/libxenon.a(ohci.o)
 .text.ohci_create
                0x000000008002058c      0x2b4 /usr/local/xenon/usr/lib/libxenon.a(ohci.o)
 .text.ohci_xfer
                0x0000000080020840      0x7e0 /usr/local/xenon/usr/lib/libxenon.a(ohci.o)
 .text.getstringmaybe
                0x0000000080021020       0x70 /usr/local/xenon/usr/lib/libxenon.a(usbdebug.o)
 .text.usb_dbg_dumpportstatus
                0x0000000080021090      0x27c /usr/local/xenon/usr/lib/libxenon.a(usbdebug.o)
                0x0000000080021090                usb_dbg_dumpportstatus
 .text.usb_dbg_dumpdescriptors
                0x000000008002130c      0x680 /usr/local/xenon/usr/lib/libxenon.a(usbdebug.o)
                0x000000008002130c                usb_dbg_dumpdescriptors
 .text.ehci_maligned
                0x000000008002198c       0x9c /usr/local/xenon/usr/lib/libxenon.a(usb_os.o)
                0x000000008002198c                ehci_maligned
 .text.ehci_virt_to_dma
                0x0000000080021a28        0x8 /usr/local/xenon/usr/lib/libxenon.a(usb_os.o)
                0x0000000080021a28                ehci_virt_to_dma
 .text.ehci_dma_map_to
                0x0000000080021a30       0x28 /usr/local/xenon/usr/lib/libxenon.a(usb_os.o)
                0x0000000080021a30                ehci_dma_map_to
 .text.ehci_dma_map_from
                0x0000000080021a58       0x28 /usr/local/xenon/usr/lib/libxenon.a(usb_os.o)
                0x0000000080021a58                ehci_dma_map_from
 .text.ehci_dma_map_bidir
                0x0000000080021a80       0x28 /usr/local/xenon/usr/lib/libxenon.a(usb_os.o)
                0x0000000080021a80                ehci_dma_map_bidir
 .text.ehci_dma_unmap_to
                0x0000000080021aa8        0x8 /usr/local/xenon/usr/lib/libxenon.a(usb_os.o)
                0x0000000080021aa8                ehci_dma_unmap_to
 .text.ehci_dma_unmap_from
                0x0000000080021ab0        0x8 /usr/local/xenon/usr/lib/libxenon.a(usb_os.o)
                0x0000000080021ab0                ehci_dma_unmap_from
 .text.ehci_dma_unmap_bidir
                0x0000000080021ab8        0x8 /usr/local/xenon/usr/lib/libxenon.a(usb_os.o)
                0x0000000080021ab8                ehci_dma_unmap_bidir