Archive member included because of file (symbol)

/usr/local/xenon/usr/lib/libxenon.a(argv.o)
                              /usr/local/xenon/lib/gcc/xenon/4.7.1/../../../../xenon/lib/../lib/crt1.o (__check_argv)
/usr/local/xenon/usr/lib/libxenon.a(startup_from_xell.o)
                              (_start)
/usr/local/xenon/usr/lib/libxenon.a(console.o)
                              kbootconf.o (console_color)
/usr/local/xenon/usr/lib/libxenon.a(ata.o)
                              main.o (xenon_ata_init)
/usr/local/xenon/usr/lib/libxenon.a(iso9660.o)
                              mount.o (ISO9660_Mount)
/usr/local/xenon/usr/lib/libxenon.a(input.o)
                              kbootconf.o (get_controller_data)
/usr/local/xenon/usr/lib/libxenon.a(newlib.o)
                              /usr/local/xenon/usr/lib/libxenon.a(console.o) (stdout_hook)
/usr/local/xenon/usr/lib/libxenon.a(xenon_syscalls.o)
                              /usr/local/xenon/usr/lib/libxenon.a(newlib.o) (__syscalls)
/usr/local/xenon/usr/lib/libxenon.a(atomic.o)
                              /usr/local/xenon/usr/lib/libxenon.a(startup_from_xell.o) (atomic_clearset)
/usr/local/xenon/usr/lib/libxenon.a(cache.o)
                              /usr/local/xenon/usr/lib/libxenon.a(ata.o) (memdcbt)
/usr/local/xenon/usr/lib/libxenon.a(except.o)
                              /usr/local/xenon/usr/lib/libxenon.a(startup_from_xell.o) (secondary_lock)
/usr/local/xenon/usr/lib/libxenon.a(c_except.o)
                              /usr/local/xenon/usr/lib/libxenon.a(except.o) (crashdump)
/usr/local/xenon/usr/lib/libxenon.a(vm.o)
                              /usr/local/xenon/usr/lib/libxenon.a(except.o) (vm_segfault_handler)
/usr/local/xenon/usr/lib/libxenon.a(time.o)
                              /usr/local/xenon/usr/lib/libxenon.a(ata.o) (mdelay)
/usr/local/xenon/usr/lib/libxenon.a(usbctrl.o)
                              /usr/local/xenon/usr/lib/libxenon.a(input.o) (usbctrl_set_rumble)
/usr/local/xenon/usr/lib/libxenon.a(usbd.o)
                              /usr/local/xenon/usr/lib/libxenon.a(usbctrl.o) (usb_open_pipe)
/usr/local/xenon/usr/lib/libxenon.a(usbdevs.o)
                              /usr/local/xenon/usr/lib/libxenon.a(usbd.o) (usb_find_driver)
/usr/local/xenon/usr/lib/libxenon.a(usbhid.o)
                              /usr/local/xenon/usr/lib/libxenon.a(usbdevs.o) (usbhid_driver)
/usr/local/xenon/usr/lib/libxenon.a(usbhub.o)
                              /usr/local/xenon/usr/lib/libxenon.a(usbd.o) (usb_scan)
/usr/local/xenon/usr/lib/libxenon.a(usbmain.o)
                              /usr/local/xenon/usr/lib/libxenon.a(xenon_syscalls.o) (usb_shutdown)
/usr/local/xenon/usr/lib/libxenon.a(tinyehci.o)
                              /usr/local/xenon/usr/lib/libxenon.a(usbmain.o) (USBStorage_Init)
/usr/local/xenon/usr/lib/libxenon.a(debug.o)
                              /usr/local/xenon/usr/lib/libxenon.a(xenon_syscalls.o) (data_breakpoint)
/usr/local/xenon/usr/lib/libxenon.a(xenon_smc.o)
                              /usr/local/xenon/usr/lib/libxenon.a(xenon_syscalls.o) (xenon_smc_send_message)
/usr/local/xenon/usr/lib/libxenon.a(xenon_power.o)
                              main.o (xenon_run_thread_task)
/usr/local/xenon/usr/lib/libxenon.a(xenon_secotp.o)
                              main.o (xenon_secotp_read_line)
/usr/local/xenon/usr/lib/libxenon.a(sound.o)
                              main.o (xenon_sound_init)
/usr/local/xenon/usr/lib/libxenon.a(xenon_uart.o)
                              /usr/local/xenon/usr/lib/libxenon.a(newlib.o) (putch)
/usr/local/xenon/usr/lib/libxenon.a(xenon_sfcx.o)
                              httpd_flash.o (sfcx_read_page)
/usr/local/xenon/usr/lib/libxenon.a(xenon_config.o)
                              main.o (xenon_config_init)
/usr/local/xenon/usr/lib/libxenon.a(xenos.o)
                              main.o (xenos_init)
/usr/local/xenon/usr/lib/libxenon.a(xenos_edid.o)
                              /usr/local/xenon/usr/lib/libxenon.a(xenos.o) (xenos_get_edid)
/usr/local/xenon/usr/lib/libxenon.a(mem.o)
                              httpd.o (mem_free)
/usr/local/xenon/usr/lib/libxenon.a(netif.o)
                              kbootconf.o (netif_set_ipaddr)
/usr/local/xenon/usr/lib/libxenon.a(pbuf.o)
                              tftp.o (pbuf_free)
/usr/local/xenon/usr/lib/libxenon.a(stats.o)
                              /usr/local/xenon/usr/lib/libxenon.a(mem.o) (lwip_stats)
/usr/local/xenon/usr/lib/libxenon.a(tcp.o)
                              httpd.o (tcp_bind)
/usr/local/xenon/usr/lib/libxenon.a(ip_addr.o)
                              tftp.o (ipaddr_aton)
/usr/local/xenon/usr/lib/libxenon.a(ip.o)
                              /usr/local/xenon/usr/lib/libxenon.a(tcp.o) (ip_route)
/usr/local/xenon/usr/lib/libxenon.a(ip_frag.o)
                              /usr/local/xenon/usr/lib/libxenon.a(ip.o) (ip_reass)
/usr/local/xenon/usr/lib/libxenon.a(tcp_out.o)
                              httpd.o (tcp_write)
[...]
Memory Configuration

Name             Origin             Length             Attributes
*default*        0x0000000000000000 0xffffffffffffffff

Linker script and memory map

LOAD /usr/local/xenon/lib/gcc/xenon/4.7.1/../../../../xenon/lib/../lib/crt1.o
LOAD /usr/local/xenon/lib/gcc/xenon/4.7.1/../../../../xenon/lib/../lib/crti.o
LOAD /usr/local/xenon/lib/gcc/xenon/4.7.1/32/crtbegin.o
LOAD file.o
LOAD log.o
LOAD main.o
LOAD mount.o
LOAD tftp.o
LOAD httpd.o
LOAD httpd_flash.o
LOAD httpd_fuse.o
LOAD httpd_index.o
LOAD httpd_keyvault.o
LOAD kbootconf.o
LOAD puff.o
LOAD device_tree_include.o
LOAD /usr/local/xenon/usr/lib/libxenon.a
LOAD /usr/local/xenon/usr/lib/libfat.a
LOAD /usr/local/xenon/usr/lib/libext2fs.a
LOAD /usr/local/xenon/usr/lib/libntfs.a
LOAD /usr/local/xenon/usr/lib/libxtaf.a
LOAD /usr/local/xenon/xenon/lib/32/libm.a
LOAD /usr/local/xenon/lib/gcc/xenon/4.7.1/32/libgcc.a
LOAD /usr/local/xenon/xenon/lib/32/libc.a
LOAD /usr/local/xenon/lib/gcc/xenon/4.7.1/32/libgcc.a
LOAD /usr/local/xenon/lib/gcc/xenon/4.7.1/32/crtend.o
LOAD /usr/local/xenon/lib/gcc/xenon/4.7.1/../../../../xenon/lib/../lib/crtn.o
                0x0000000080000000                . = 0x80000000

.text           0x0000000080000000    0x5cc98
 *(.except*)
 .except        0x0000000080000000     0x1e30 /usr/local/xenon/usr/lib/libxenon.a(except.o)
                0x0000000080000000                secondary_lock
                0x0000000080000000                exc_base
                0x0000000080000004                secondary_alive
 *(.pagetable)
 .pagetable     0x0000000080001e30       0x40 /usr/local/xenon/usr/lib/libxenon.a(vm.o)
                0x0000000080001e30                pagetable
                0x0000000080001e70                pagetable_end = .
 *(.init*)
 *(.fini*)
 *(.text*)
 .text.call_ctors
                0x0000000080001e70       0x48 /usr/local/xenon/lib/gcc/xenon/4.7.1/../../../../xenon/lib/../lib/crt1.o
                0x0000000080001e70                call_ctors
 .text.c_register_frame
                0x0000000080001eb8        0xc /usr/local/xenon/lib/gcc/xenon/4.7.1/../../../../xenon/lib/../lib/crt1.o
                0x0000000080001eb8                c_register_frame
 .text.__crtmain
                0x0000000080001ec4       0x2c /usr/local/xenon/lib/gcc/xenon/4.7.1/../../../../xenon/lib/../lib/crt1.o
                0x0000000080001ec4                __crtmain
 .text.wait_and_cleanup_line
                0x0000000080001ef0       0x74 file.o
                0x0000000080001ef0                wait_and_cleanup_line
 .text.launch_file
                0x0000000080001f64      0x170 file.o
                0x0000000080001f64                launch_file
 .text.try_load_file
                0x00000000800020d4      0x12c file.o
                0x00000000800020d4                try_load_file
 .text.fileloop
                0x0000000080002200       0xf0 file.o
                0x0000000080002200                fileloop
 .text.tftp_loop
                0x00000000800022f0      0x124 file.o
                0x00000000800022f0                tftp_loop
 .text.log_hook
                0x0000000080002414       0x60 log.o
 .text.LogInit  0x0000000080002474       0x7c log.o
                0x0000000080002474                LogInit
 .text.LogDeInit
                0x00000000800024f0       0x10 log.o
                0x00000000800024f0                LogDeInit
 .text.reset_timebase_task
                0x0000000080002500       0x14 main.o
                0x0000000080002500                reset_timebase_task
 .text.do_asciiart
                0x0000000080002514       0x4c main.o
                0x0000000080002514                do_asciiart
 .text.dumpana  0x0000000080002560       0x74 main.o
                0x0000000080002560                dumpana
 .text.synchronize_timebases
                0x00000000800025d4       0xa0 main.o
                0x00000000800025d4                synchronize_timebases
 .text.startup.main
                0x0000000080002674      0x250 main.o
                0x0000000080002674                main
 .text.AddPartition
                0x00000000800028c4      0x2ec mount.o
 .text.FindPartitions
                0x0000000080002bb0      0x470 mount.o
 .text.mount_usb
                0x0000000080003020       0x30 mount.o
                0x0000000080003020                mount_usb
 .text.mount_all_devices
                0x0000000080003050       0xac mount.o
                0x0000000080003050                mount_all_devices
 .text.mftb     0x00000000800030fc       0x1c tftp.o
 .text.send_ack
                0x0000000080003118       0xa4 tftp.o
                0x0000000080003118                send_ack
 .text.tftp_recv
                0x00000000800031bc      0x318 tftp.o
 .text.do_tftp  0x00000000800034d4      0x420 tftp.o
                0x00000000800034d4                do_tftp
 .text.boot_tftp
                0x00000000800038f4       0xf0 tftp.o
                0x00000000800038f4                boot_tftp
 .text.boot_server_name
                0x00000000800039e4       0x94 tftp.o
                0x00000000800039e4                boot_server_name
 .text.boot_file_name
                0x0000000080003a78        0xc tftp.o
                0x0000000080003a78                boot_file_name
 .text.response_static_finish
                0x0000000080003a84        0xc httpd.o
 .text.response_mem_finish
                0x0000000080003a90        0xc httpd.o
 .text.conn_err
                0x0000000080003a9c        0x4 httpd.o
 .text.close_conn
                0x0000000080003aa0       0x8c httpd.o
 .text.response_static_process_request.isra.1
                0x0000000080003b2c       0x54 httpd.o
 .text.response_err404_process_request
                0x0000000080003b80       0x3c httpd.o
 .text.response_err400_process_request
                0x0000000080003bbc       0x4c httpd.o
 .text.response_log_process_request
                0x0000000080003c08       0xc8 httpd.o
 .text.response_mem_process_request
                0x0000000080003cd0       0xa0 httpd.o
 .text.response_shutdown_process_request
                0x0000000080003d70       0xa4 httpd.o
 .text.response_reboot_process_request
                0x0000000080003e14       0xa4 httpd.o
 .text.httpd_init
                0x0000000080003eb8       0x34 httpd.o
                0x0000000080003eb8                httpd_init
 .text.http_accept
                0x0000000080003eec       0xec httpd.o
 .text.httpd_available_sendbuffer
                0x0000000080003fd8       0x30 httpd.o
                0x0000000080003fd8                httpd_available_sendbuffer
 .text.httpd_put_sendbuffer
                0x0000000080004008       0xa4 httpd.o
                0x0000000080004008                httpd_put_sendbuffer
 .text.response_static_do_data
                0x00000000800040ac       0x9c httpd.o
 .text.response_mem_do_data
                0x0000000080004148       0xa8 httpd.o
 .text.httpd_put_sendbuffer_string
                0x00000000800041f0       0x44 httpd.o
                0x00000000800041f0                httpd_put_sendbuffer_string
 .text.httpd_get_descr
                0x0000000080004234       0x50 httpd.o
                0x0000000080004234                httpd_get_descr
 .text.httpd_start_response
                0x0000000080004284       0x2c httpd.o
                0x0000000080004284                httpd_start_response
 .text.httpd_do_std_header
                0x00000000800042b0       0x90 httpd.o
                0x00000000800042b0                httpd_do_std_header
 .text.response_mem_do_header
                0x0000000080004340      0x110 httpd.o
 .text.httpd_handle_server
                0x0000000080004450      0x1c0 httpd.o
 .text.send_data
                0x0000000080004610       0xec httpd.o
 .text.http_poll
                0x00000000800046fc       0x88 httpd.o
 .text.http_sent
                0x0000000080004784       0x60 httpd.o
 .text.httpd_receive
                0x00000000800047e4      0x2e0 httpd.o
                0x00000000800047e4                httpd_receive
 .text.http_recv
                0x0000000080004ac4       0x94 httpd.o
 .text.httpd_start
                0x0000000080004b58       0x5c httpd.o
                0x0000000080004b58                httpd_start
 .text.response_flash_process_request
                0x0000000080004bb4       0xd8 httpd_flash.o
                0x0000000080004bb4                response_flash_process_request
 .text.response_flash_do_header
                0x0000000080004c8c      0x168 httpd_flash.o
                0x0000000080004c8c                response_flash_do_header
 .text.response_flash_do_data
                0x0000000080004df4      0x160 httpd_flash.o
                0x0000000080004df4                response_flash_do_data
 .text.response_flash_finish
                0x0000000080004f54        0xc httpd_flash.o
                0x0000000080004f54                response_flash_finish
 .text.fuse_strcat
                0x0000000080004f60       0x34 httpd_fuse.o
                0x0000000080004f60                fuse_strcat
 .text.response_fuse_process_request
                0x0000000080004f94      0x20c httpd_fuse.o
                0x0000000080004f94                response_fuse_process_request
 .text.response_fuse_do_header
                0x00000000800051a0      0x140 httpd_fuse.o
                0x00000000800051a0                response_fuse_do_header
 .text.response_fuse_do_data
                0x00000000800052e0       0xb8 httpd_fuse.o
                0x00000000800052e0                response_fuse_do_data
 .text.response_fuse_finish
                0x0000000080005398       0x3c httpd_fuse.o
                0x0000000080005398                response_fuse_finish
 .text.response_index_process_request
                0x00000000800053d4      0x128 httpd_index.o
                0x00000000800053d4                response_index_process_request
 .text.response_index_do_header
                0x00000000800054fc       0xf8 httpd_index.o
                0x00000000800054fc                response_index_do_header
 .text.response_index_do_data
                0x00000000800055f4      0x144 httpd_index.o
                0x00000000800055f4                response_index_do_data
 .text.response_index_finish
                0x0000000080005738        0xc httpd_index.o
                0x0000000080005738                response_index_finish
 .text.response_keyvault_process_request
                0x0000000080005744      0x2e0 httpd_keyvault.o
                0x0000000080005744                response_keyvault_process_request
 .text.response_keyvault_do_header
                0x0000000080005a24      0x154 httpd_keyvault.o
                0x0000000080005a24                response_keyvault_do_header
 .text.response_keyvault_do_data
                0x0000000080005b78       0xbc httpd_keyvault.o
                0x0000000080005b78                response_keyvault_do_data
 .text.response_keyvault_finish
                0x0000000080005c34       0x44 httpd_keyvault.o
                0x0000000080005c34                response_keyvault_finish
 .text.strip    0x0000000080005c78       0x6c kbootconf.o
                0x0000000080005c78                strip
 .text.split    0x0000000080005ce4       0x6c kbootconf.o
                0x0000000080005ce4                split
 .text.kboot_loadfile
                0x0000000080005d50       0x70 kbootconf.o
                0x0000000080005d50                kboot_loadfile
 .text.kboot_set_config
                0x0000000080005dc0      0x1d0 kbootconf.o
                0x0000000080005dc0                kboot_set_config
 .text.kbootconf_parse
                0x0000000080005f90      0x690 kbootconf.o
                0x0000000080005f90                kbootconf_parse
 .text.user_prompt
                0x0000000080006620      0x2d4 kbootconf.o
                0x0000000080006620                user_prompt
 .text.try_kbootconf
                0x00000000800068f4      0x2cc kbootconf.o
                0x00000000800068f4                try_kbootconf
 .text.construct
                0x0000000080006bc0      0x140 puff.o
 .text.decode   0x0000000080006d00      0x100 puff.o
 .text.bits     0x0000000080006e00       0x80 puff.o
 .text.codes    0x0000000080006e80      0x17c puff.o
 .text.puff     0x0000000080006ffc      0x580 puff.o
                0x0000000080006ffc                puff
 .text.__check_argv
                0x000000008000757c       0x28 /usr/local/xenon/usr/lib/libxenon.a(argv.o)
                0x000000008000757c                __check_argv
 *fill*         0x00000000800075a4       0x5c 00
 .text          0x0000000080007600      0x2f4 /usr/local/xenon/usr/lib/libxenon.a(startup_from_xell.o)
                0x0000000080007600                _start
                0x00000000800077f8                wait
                0x0000000080007880                return_to_xell
 .text.console_pset32
                0x00000000800078f4       0x54 /usr/local/xenon/usr/lib/libxenon.a(console.o)
 .text.console_clrscr
                0x0000000080007948       0x7c /usr/local/xenon/usr/lib/libxenon.a(console.o)
                0x0000000080007948                console_clrscr
 .text.console_clrline
                0x00000000800079c4       0x70 /usr/local/xenon/usr/lib/libxenon.a(console.o)
                0x00000000800079c4                console_clrline
 .text.console_newline
                0x0000000080007a34       0xe8 /usr/local/xenon/usr/lib/libxenon.a(console.o)
                0x0000000080007a34                console_newline
 .text.console_putch
                0x0000000080007b1c      0x15c /usr/local/xenon/usr/lib/libxenon.a(console.o)
                0x0000000080007b1c                console_putch
 .text.console_stdout_hook
                0x0000000080007c78       0x4c /usr/local/xenon/usr/lib/libxenon.a(console.o)
 .text.console_init
                0x0000000080007cc4      0x14c /usr/local/xenon/usr/lib/libxenon.a(console.o)
                0x0000000080007cc4                console_init
 .text.console_set_colors
                0x0000000080007e10       0x14 /usr/local/xenon/usr/lib/libxenon.a(console.o)
                0x0000000080007e10                console_set_colors
 .text.xenon_ata_wait_ready
                0x0000000080007e24       0x1c /usr/local/xenon/usr/lib/libxenon.a(ata.o)
 .text.xenon_ata_pio_write
                0x0000000080007e40       0x64 /usr/local/xenon/usr/lib/libxenon.a(ata.o)
 .text.xenon_atapi_packet
                0x0000000080007ea4       0x84 /usr/local/xenon/usr/lib/libxenon.a(ata.o)
 .text.atapi_inserted
                0x0000000080007f28       0x18 /usr/local/xenon/usr/lib/libxenon.a(ata.o)
 .text.ata_startup
                0x0000000080007f40        0x8 /usr/local/xenon/usr/lib/libxenon.a(ata.o)
 .text.ata_inserted
                0x0000000080007f48       0x18 /usr/local/xenon/usr/lib/libxenon.a(ata.o)
 .text.ata_clearstatus
                0x0000000080007f60        0x8 /usr/local/xenon/usr/lib/libxenon.a(ata.o)
 .text.ata_shutdown
                0x0000000080007f68        0x8 /usr/local/xenon/usr/lib/libxenon.a(ata.o)
 .text.ata_sectors
                0x0000000080007f70        0xc /usr/local/xenon/usr/lib/libxenon.a(ata.o)
 .text.atapi_sectors
                0x0000000080007f7c        0xc /usr/local/xenon/usr/lib/libxenon.a(ata.o)
 .text.xenon_ata_dma_read
                0x0000000080007f88      0x1a8 /usr/local/xenon/usr/lib/libxenon.a(ata.o)
 .text.xenon_ata_setlba.constprop.9
                0x0000000080008130       0x38 /usr/local/xenon/usr/lib/libxenon.a(ata.o)
 .text.xenon_ata_setaddress.constprop.8
                0x0000000080008168      0x160 /usr/local/xenon/usr/lib/libxenon.a(ata.o)
 .text.ata_readsectors
                0x00000000800082c8       0x84 /usr/local/xenon/usr/lib/libxenon.a(ata.o)
 .text.ata_writesectors
                0x000000008000834c       0x94 /usr/local/xenon/usr/lib/libxenon.a(ata.o)
 .text.xenon_ata_pio_read
                0x00000000800083e0       0xcc /usr/local/xenon/usr/lib/libxenon.a(ata.o)
 .text.xenon_ata_identify
                0x00000000800084ac      0x2a0 /usr/local/xenon/usr/lib/libxenon.a(ata.o)
 .text.xenon_atapi_request_sense
                0x000000008000874c       0xa4 /usr/local/xenon/usr/lib/libxenon.a(ata.o)
                0x000000008000874c                xenon_atapi_request_sense
 .text.atapi_readsectors
                0x00000000800087f0       0xe8 /usr/local/xenon/usr/lib/libxenon.a(ata.o)
 .text.xenon_ata_init1
                0x00000000800088d8      0x108 /usr/local/xenon/usr/lib/libxenon.a(ata.o)
                0x00000000800088d8                xenon_ata_init1
 .text.xenon_ata_init
                0x00000000800089e0       0xa8 /usr/local/xenon/usr/lib/libxenon.a(ata.o)
                0x00000000800089e0                xenon_ata_init
 .text.xenon_atapi_init
                0x0000000080008a88       0xa8 /usr/local/xenon/usr/lib/libxenon.a(ata.o)
                0x0000000080008a88                xenon_atapi_init
 .text.htohl_32
                0x0000000080008b30       0x2c /usr/local/xenon/usr/lib/libxenon.a(iso9660.o)
 .text.bgrad_cache
                0x0000000080008b5c       0x48 /usr/local/xenon/usr/lib/libxenon.a(iso9660.o)
 .text._ISO9660_seek_r
                0x0000000080008ba4       0x9c /usr/local/xenon/usr/lib/libxenon.a(iso9660.o)
 .text._ISO9660_chdir_r
                0x0000000080008c40        0x8 /usr/local/xenon/usr/lib/libxenon.a(iso9660.o)
 .text._ISO9660_diropen_r
                0x0000000080008c48        0x8 /usr/local/xenon/usr/lib/libxenon.a(iso9660.o)
 .text._ISO9660_dirreset_r
                0x0000000080008c50        0x8 /usr/local/xenon/usr/lib/libxenon.a(iso9660.o)
 .text._ISO9660_dirnext_r
                0x0000000080008c58        0x8 /usr/local/xenon/usr/lib/libxenon.a(iso9660.o)
 .text._ISO9660_dirclose_r
                0x0000000080008c60        0x8 /usr/local/xenon/usr/lib/libxenon.a(iso9660.o)
 .text._ISO9660_statvfs_r
                0x0000000080008c68       0x3c /usr/local/xenon/usr/lib/libxenon.a(iso9660.o)
 .text.bclear_cache
                0x0000000080008ca4       0x60 /usr/local/xenon/usr/lib/libxenon.a(iso9660.o)
 .text.check_dev_name.constprop.1
                0x0000000080008d04       0x7c /usr/local/xenon/usr/lib/libxenon.a(iso9660.o)
 .text._ISO9660_close_r
                0x0000000080008d80       0x28 /usr/local/xenon/usr/lib/libxenon.a(iso9660.o)
 .text._ISO9660_fstat_r
                0x0000000080008da8       0x64 /usr/local/xenon/usr/lib/libxenon.a(iso9660.o)
 .text.iso_reset
                0x0000000080008e0c       0x84 /usr/local/xenon/usr/lib/libxenon.a(iso9660.o)
                0x0000000080008e0c                iso_reset
 .text.bread_cache
                0x0000000080008e90       0xd8 /usr/local/xenon/usr/lib/libxenon.a(iso9660.o)
 .text._ISO9660_read_r
                0x0000000080008f68      0x160 /usr/local/xenon/usr/lib/libxenon.a(iso9660.o)
 .text.find_object
                0x00000000800090c8      0x3a0 /usr/local/xenon/usr/lib/libxenon.a(iso9660.o)
 .text.iso_open
                0x0000000080009468      0x370 /usr/local/xenon/usr/lib/libxenon.a(iso9660.o)
 .text._ISO9660_stat_r
                0x00000000800097d8       0xa4 /usr/local/xenon/usr/lib/libxenon.a(iso9660.o)
 .text._ISO9660_open_r
                0x000000008000987c       0x34 /usr/local/xenon/usr/lib/libxenon.a(iso9660.o)
 .text.fs_iso9660_init
                0x00000000800098b0       0xbc /usr/local/xenon/usr/lib/libxenon.a(iso9660.o)
                0x00000000800098b0                fs_iso9660_init
 .text.ISO9660_Mount
                0x000000008000996c      0x100 /usr/local/xenon/usr/lib/libxenon.a(iso9660.o)
                0x000000008000996c                ISO9660_Mount
 .text.ISO9660_GetVolumeLabel
                0x0000000080009a6c       0x38 /usr/local/xenon/usr/lib/libxenon.a(iso9660.o)
                0x0000000080009a6c                ISO9660_GetVolumeLabel
 .text.get_controller_data
                0x0000000080009aa4       0x60 /usr/local/xenon/usr/lib/libxenon.a(input.o)
                0x0000000080009aa4                get_controller_data
 .text.set_controller_data
                0x0000000080009b04       0x54 /usr/local/xenon/usr/lib/libxenon.a(input.o)
                0x0000000080009b04                set_controller_data
 .text.vfs_console_write
                0x0000000080009b58       0x90 /usr/local/xenon/usr/lib/libxenon.a(newlib.o)
                0x0000000080009b58                vfs_console_write
 .text.__malloc_lock
                0x0000000080009be8       0x18 /usr/local/xenon/usr/lib/libxenon.a(newlib.o)
                0x0000000080009be8                __malloc_lock
 .text.__malloc_unlock
                0x0000000080009c00       0x18 /usr/local/xenon/usr/lib/libxenon.a(newlib.o)
                0x0000000080009c00                __malloc_unlock
 .text._exit    0x0000000080009c18       0x28 /usr/local/xenon/usr/lib/libxenon.a(newlib.o)
                0x0000000080009c18                _exit
 .text.sbrk     0x0000000080009c40       0x34 /usr/local/xenon/usr/lib/libxenon.a(newlib.o)
                0x0000000080009c40                sbrk
 .text.abort    0x0000000080009c74       0x2c /usr/local/xenon/usr/lib/libxenon.a(newlib.o)
                0x0000000080009c74                abort
 .text.execve   0x0000000080009ca0       0x18 /usr/local/xenon/usr/lib/libxenon.a(newlib.o)
                0x0000000080009ca0                execve
 .text.fork     0x0000000080009cb8       0x18 /usr/local/xenon/usr/lib/libxenon.a(newlib.o)
                0x0000000080009cb8                fork
 .text.getpid   0x0000000080009cd0       0x18 /usr/local/xenon/usr/lib/libxenon.a(newlib.o)
                0x0000000080009cd0                getpid
 .text.gettimeofday
                0x0000000080009ce8       0x3c /usr/local/xenon/usr/lib/libxenon.a(newlib.o)
                0x0000000080009ce8                gettimeofday
 .text.isatty   0x0000000080009d24        0x8 /usr/local/xenon/usr/lib/libxenon.a(newlib.o)
                0x0000000080009d24                isatty
 .text.__release_handle
                0x0000000080009d2c       0x4c /usr/local/xenon/usr/lib/libxenon.a(newlib.o)
                0x0000000080009d2c                __release_handle
 .text.__alloc_handle
                0x0000000080009d78       0x68 /usr/local/xenon/usr/lib/libxenon.a(newlib.o)
                0x0000000080009d78                __alloc_handle
 .text.__get_handle
                0x0000000080009de0       0x28 /usr/local/xenon/usr/lib/libxenon.a(newlib.o)
                0x0000000080009de0                __get_handle
 .text.setDefaultDevice
                0x0000000080009e08       0x18 /usr/local/xenon/usr/lib/libxenon.a(newlib.o)
                0x0000000080009e08                setDefaultDevice
 .text.FindDevice
                0x0000000080009e20       0xd0 /usr/local/xenon/usr/lib/libxenon.a(newlib.o)
                0x0000000080009e20                FindDevice
 .text.RemoveDevice
                0x0000000080009ef0       0x4c /usr/local/xenon/usr/lib/libxenon.a(newlib.o)
                0x0000000080009ef0                RemoveDevice
 .text.AddDevice
                0x0000000080009f3c       0xb0 /usr/local/xenon/usr/lib/libxenon.a(newlib.o)
                0x0000000080009f3c                AddDevice
 .text.GetDeviceOpTab
                0x0000000080009fec       0x40 /usr/local/xenon/usr/lib/libxenon.a(newlib.o)
                0x0000000080009fec                GetDeviceOpTab
 .text.open     0x000000008000a02c       0xd4 /usr/local/xenon/usr/lib/libxenon.a(newlib.o)
                0x000000008000a02c                open
 .text.read     0x000000008000a100       0xa4 /usr/local/xenon/usr/lib/libxenon.a(newlib.o)
                0x000000008000a100                read
 .text.write    0x000000008000a1a4       0xb0 /usr/local/xenon/usr/lib/libxenon.a(newlib.o)
                0x000000008000a1a4                write
 .text.fstat    0x000000008000a254       0xa0 /usr/local/xenon/usr/lib/libxenon.a(newlib.o)
                0x000000008000a254                fstat
 .text.stat     0x000000008000a2f4       0x8c /usr/local/xenon/usr/lib/libxenon.a(newlib.o)
                0x000000008000a2f4                stat
 .text.lseek    0x000000008000a380       0xa4 /usr/local/xenon/usr/lib/libxenon.a(newlib.o)
                0x000000008000a380                lseek
 .text.close    0x000000008000a424       0x88 /usr/local/xenon/usr/lib/libxenon.a(newlib.o)
                0x000000008000a424                close
 .text._concatenate_path
                0x000000008000a4ac      0x1b4 /usr/local/xenon/usr/lib/libxenon.a(newlib.o)
                0x000000008000a4ac                _concatenate_path
 .text.chdir    0x000000008000a660      0x138 /usr/local/xenon/usr/lib/libxenon.a(newlib.o)
                0x000000008000a660                chdir
 .text.xenon_sbrk
                0x000000008000a798       0x2c /usr/local/xenon/usr/lib/libxenon.a(xenon_syscalls.o)
 .text.xenon_gettimeofday
                0x000000008000a7c4       0xa4 /usr/local/xenon/usr/lib/libxenon.a(xenon_syscalls.o)
 .text.xenon_malloc_unlock
                0x000000008000a868       0xc8 /usr/local/xenon/usr/lib/libxenon.a(xenon_syscalls.o)
 .text.xenon_malloc_lock
                0x000000008000a930       0xf4 /usr/local/xenon/usr/lib/libxenon.a(xenon_syscalls.o)
 .text.shutdown_drivers
                0x000000008000aa24       0x30 /usr/local/xenon/usr/lib/libxenon.a(xenon_syscalls.o)
                0x000000008000aa24                shutdown_drivers
 .text.try_return_to_xell
                0x000000008000aa54       0x64 /usr/local/xenon/usr/lib/libxenon.a(xenon_syscalls.o)
                0x000000008000aa54                try_return_to_xell
 .text.xenon_exit
                0x000000008000aab8      0x154 /usr/local/xenon/usr/lib/libxenon.a(xenon_syscalls.o)
 .text          0x000000008000ac0c       0x94 /usr/local/xenon/usr/lib/libxenon.a(atomic.o)
                0x000000008000ac0c                atomic_inc
                0x000000008000ac20                atomic_dec
                0x000000008000ac34                atomic_clearset
                0x000000008000ac4c                lock
                0x000000008000ac88                unlock
 .text          0x000000008000aca0       0xa8 /usr/local/xenon/usr/lib/libxenon.a(cache.o)
                0x000000008000aca0                memdcbt
                0x000000008000acc8                memdcbst
                0x000000008000acf0                memdcbf
                0x000000008000ad18                memicbi
 .text.flush_console
                0x000000008000ad48       0x4c /usr/local/xenon/usr/lib/libxenon.a(c_except.o)
 .text.crashdump
                0x000000008000ad94      0x2f4 /usr/local/xenon/usr/lib/libxenon.a(c_except.o)
                0x000000008000ad94                crashdump
 .text.tdelay   0x000000008000b088       0x48 /usr/local/xenon/usr/lib/libxenon.a(time.o)
 .text.udelay   0x000000008000b0d0       0x24 /usr/local/xenon/usr/lib/libxenon.a(time.o)
                0x000000008000b0d0                udelay
 .text.mdelay   0x000000008000b0f4       0x18 /usr/local/xenon/usr/lib/libxenon.a(time.o)
                0x000000008000b0f4                mdelay
 .text.delay    0x000000008000b10c       0x18 /usr/local/xenon/usr/lib/libxenon.a(time.o)
                0x000000008000b10c                delay
 .text.usbctrl_queue_intreq
                0x000000008000b124       0x50 /usr/local/xenon/usr/lib/libxenon.a(usbctrl.o)
 .text.usbctrl_set_led_callback
                0x000000008000b174       0x3c /usr/local/xenon/usr/lib/libxenon.a(usbctrl.o)
 .text.usbctrl_set_rol
                0x000000008000b1b0       0x2c /usr/local/xenon/usr/lib/libxenon.a(usbctrl.o)
                0x000000008000b1b0                usbctrl_set_rol
 .text.usbctrl_detach
                0x000000008000b1dc       0x8c /usr/local/xenon/usr/lib/libxenon.a(usbctrl.o)
 .text.usbctrl_set_leds
                0x000000008000b268      0x12c /usr/local/xenon/usr/lib/libxenon.a(usbctrl.o)
                0x000000008000b268                usbctrl_set_leds
 .text.usbctrl_ireq_callback
                0x000000008000b394      0x268 /usr/local/xenon/usr/lib/libxenon.a(usbctrl.o)
 .text.usbctrl_poll
                0x000000008000b5fc       0xb0 /usr/local/xenon/usr/lib/libxenon.a(usbctrl.o)
                0x000000008000b5fc                usbctrl_poll
 .text.usbctrl_attach
                0x000000008000b6ac      0x340 /usr/local/xenon/usr/lib/libxenon.a(usbctrl.o)
 .text.usb_create_pipe
                0x000000008000b9ec       0xd8 /usr/local/xenon/usr/lib/libxenon.a(usbd.o)
                0x000000008000b9ec                usb_create_pipe
 .text.usb_open_pipe
                0x000000008000bac4       0x84 /usr/local/xenon/usr/lib/libxenon.a(usbd.o)
                0x000000008000bac4                usb_open_pipe
 .text.usb_destroy_all_pipes
                0x000000008000bb48       0x74 /usr/local/xenon/usr/lib/libxenon.a(usbd.o)
                0x000000008000bb48                usb_destroy_all_pipes
 .text.usb_destroy_device
                0x000000008000bbbc       0x54 /usr/local/xenon/usr/lib/libxenon.a(usbd.o)
                0x000000008000bbbc                usb_destroy_device
 .text.usb_create_device
                0x000000008000bc10       0x80 /usr/local/xenon/usr/lib/libxenon.a(usbd.o)
                0x000000008000bc10                usb_create_device
 .text.usb_make_request
                0x000000008000bc90       0x90 /usr/local/xenon/usr/lib/libxenon.a(usbd.o)
                0x000000008000bc90                usb_make_request
 .text.usb_poll
                0x000000008000bd20       0x10 /usr/local/xenon/usr/lib/libxenon.a(usbd.o)
                0x000000008000bd20                usb_poll
 .text.usb_daemon
                0x000000008000bd30       0x1c /usr/local/xenon/usr/lib/libxenon.a(usbd.o)
                0x000000008000bd30                usb_daemon
 .text.usb_free_request
                0x000000008000bd4c       0x28 /usr/local/xenon/usr/lib/libxenon.a(usbd.o)
                0x000000008000bd4c                usb_free_request
 .text.usb_delay_ms
                0x000000008000bd74        0x8 /usr/local/xenon/usr/lib/libxenon.a(usbd.o)
                0x000000008000bd74                usb_delay_ms
 .text.usb_queue_request
                0x000000008000bd7c       0x34 /usr/local/xenon/usr/lib/libxenon.a(usbd.o)
                0x000000008000bd7c                usb_queue_request
 .text.usb_wait_request
                0x000000008000bdb0       0x40 /usr/local/xenon/usr/lib/libxenon.a(usbd.o)
                0x000000008000bdb0                usb_wait_request
 .text.usb_sync_request
                0x000000008000bdf0       0x34 /usr/local/xenon/usr/lib/libxenon.a(usbd.o)
                0x000000008000bdf0                usb_sync_request
 .text.usb_new_address
                0x000000008000be24       0x34 /usr/local/xenon/usr/lib/libxenon.a(usbd.o)
                0x000000008000be24                usb_new_address
 .text.usb_set_ep0mps
                0x000000008000be58       0x58 /usr/local/xenon/usr/lib/libxenon.a(usbd.o)
                0x000000008000be58                usb_set_ep0mps
 .text.usb_clear_stall
                0x000000008000beb0      0x100 /usr/local/xenon/usr/lib/libxenon.a(usbd.o)
                0x000000008000beb0                usb_clear_stall
 .text.usb_std_request
                0x000000008000bfb0      0x234 /usr/local/xenon/usr/lib/libxenon.a(usbd.o)
                0x000000008000bfb0                usb_std_request
 .text.usb_simple_request
                0x000000008000c1e4       0x18 /usr/local/xenon/usr/lib/libxenon.a(usbd.o)
                0x000000008000c1e4                usb_simple_request
 .text.usb_set_address
                0x000000008000c1fc       0x9c /usr/local/xenon/usr/lib/libxenon.a(usbd.o)
                0x000000008000c1fc                usb_set_address
 .text.usb_set_configuration
                0x000000008000c298       0x14 /usr/local/xenon/usr/lib/libxenon.a(usbd.o)
                0x000000008000c298                usb_set_configuration
 .text.usb_get_descriptor
                0x000000008000c2ac       0x24 /usr/local/xenon/usr/lib/libxenon.a(usbd.o)
                0x000000008000c2ac                usb_get_descriptor
 .text.usb_get_string
                0x000000008000c2d0      0x100 /usr/local/xenon/usr/lib/libxenon.a(usbd.o)
                0x000000008000c2d0                usb_get_string
 .text.usb_get_device_descriptor
                0x000000008000c3d0       0x90 /usr/local/xenon/usr/lib/libxenon.a(usbd.o)
                0x000000008000c3d0                usb_get_device_descriptor
 .text.usb_get_config_descriptor
                0x000000008000c460       0x8c /usr/local/xenon/usr/lib/libxenon.a(usbd.o)
                0x000000008000c460                usb_get_config_descriptor
 .text.usb_get_device_status
                0x000000008000c4ec       0x1c /usr/local/xenon/usr/lib/libxenon.a(usbd.o)
                0x000000008000c4ec                usb_get_device_status
 .text.usb_complete_request
                0x000000008000c508       0x20 /usr/local/xenon/usr/lib/libxenon.a(usbd.o)
                0x000000008000c508                usb_complete_request
 .text.usb_initroot
                0x000000008000c528      0x150 /usr/local/xenon/usr/lib/libxenon.a(usbd.o)
                0x000000008000c528                usb_initroot
 .text.usb_find_cfg_descr
                0x000000008000c678       0x54 /usr/local/xenon/usr/lib/libxenon.a(usbd.o)
                0x000000008000c678                usb_find_cfg_descr
 .text.usb_find_driver
                0x000000008000c6cc      0x158 /usr/local/xenon/usr/lib/libxenon.a(usbdevs.o)
                0x000000008000c6cc                usb_find_driver
 .text.usbhid_detach
                0x000000008000c824        0x8 /usr/local/xenon/usr/lib/libxenon.a(usbhid.o)
 .text.usbhid_attach
                0x000000008000c82c      0x168 /usr/local/xenon/usr/lib/libxenon.a(usbhid.o)
 .text.usbhid_kbd_scan1.isra.0.part.1
                0x000000008000c994       0x78 /usr/local/xenon/usr/lib/libxenon.a(usbhid.o)
 .text.usbhid_ireq_callback
                0x000000008000ca0c      0x1a0 /usr/local/xenon/usr/lib/libxenon.a(usbhid.o)
 .text.usbhub_markdetached1
                0x000000008000cbac       0x14 /usr/local/xenon/usr/lib/libxenon.a(usbhub.o)
 .text.usbhub_get_port_status
                0x000000008000cbc0       0x1c /usr/local/xenon/usr/lib/libxenon.a(usbhub.o)
 .text.usbhub_ireq_callback
                0x000000008000cbdc       0x8c /usr/local/xenon/usr/lib/libxenon.a(usbhub.o)
 .text.usbhub_map_tree1
                0x000000008000cc68       0x7c /usr/local/xenon/usr/lib/libxenon.a(usbhub.o)
 .text.usbhub_detach
                0x000000008000cce4      0x13c /usr/local/xenon/usr/lib/libxenon.a(usbhub.o)
 .text.usbhub_attach
                0x000000008000ce20      0x1a4 /usr/local/xenon/usr/lib/libxenon.a(usbhub.o)
 .text.usbhub_map_tree
                0x000000008000cfc4       0x18 /usr/local/xenon/usr/lib/libxenon.a(usbhub.o)
                0x000000008000cfc4                usbhub_map_tree
 .text.usbhub_map_from_device
                0x000000008000cfdc       0x14 /usr/local/xenon/usr/lib/libxenon.a(usbhub.o)
                0x000000008000cfdc                usbhub_map_from_device
 .text.usbhub_scan1
                0x000000008000cff0      0x564 /usr/local/xenon/usr/lib/libxenon.a(usbhub.o)
 .text.usb_scan
                0x000000008000d554       0x10 /usr/local/xenon/usr/lib/libxenon.a(usbhub.o)
                0x000000008000d554                usb_scan
 .text.usb_init_one_ohci
                0x000000008000d564       0xcc /usr/local/xenon/usr/lib/libxenon.a(usbmain.o)
 .text.usb_shutdown
                0x000000008000d630       0xbc /usr/local/xenon/usr/lib/libxenon.a(usbmain.o)
                0x000000008000d630                usb_shutdown
 .text.usb_init
                0x000000008000d6ec      0x108 /usr/local/xenon/usr/lib/libxenon.a(usbmain.o)
                0x000000008000d6ec                usb_init
 .text.usb_do_poll
                0x000000008000d7f4       0xa8 /usr/local/xenon/usr/lib/libxenon.a(usbmain.o)
                0x000000008000d7f4                usb_do_poll
 .text.USBStorage_True
                0x000000008000d89c        0x8 /usr/local/xenon/usr/lib/libxenon.a(tinyehci.o)
 .text.USBStorage_Inserted_0
                0x000000008000d8a4        0xc /usr/local/xenon/usr/lib/libxenon.a(tinyehci.o)
                0x000000008000d8a4                USBStorage_Inserted_0
 .text.USBStorage_Inserted_1
                0x000000008000d8b0        0xc /usr/local/xenon/usr/lib/libxenon.a(tinyehci.o)
                0x000000008000d8b0                USBStorage_Inserted_1
 .text.USBStorage_Inserted_2
                0x000000008000d8bc        0xc /usr/local/xenon/usr/lib/libxenon.a(tinyehci.o)
                0x000000008000d8bc                USBStorage_Inserted_2
 .text.qtd_fill
                0x000000008000d8c8       0xc0 /usr/local/xenon/usr/lib/libxenon.a(tinyehci.o)
 .text.ehci_qtd_alloc
                0x000000008000d988       0x7c /usr/local/xenon/usr/lib/libxenon.a(tinyehci.o)
 .text.handshake.isra.5
                0x000000008000da04      0x180 /usr/local/xenon/usr/lib/libxenon.a(tinyehci.o)
 .text.ehci_mem_init
                0x000000008000db84       0xf8 /usr/local/xenon/usr/lib/libxenon.a(tinyehci.o)
                0x000000008000db84                ehci_mem_init
 .text.qh_urb_transaction
                0x000000008000dc7c      0x1bc /usr/local/xenon/usr/lib/libxenon.a(tinyehci.o)
                0x000000008000dc7c                qh_urb_transaction
 .text.ehci_do_urb
                0x000000008000de38      0x3cc /usr/local/xenon/usr/lib/libxenon.a(tinyehci.o)
                0x000000008000de38                ehci_do_urb
 .text.ehci_control_message
                0x000000008000e204       0x84 /usr/local/xenon/usr/lib/libxenon.a(tinyehci.o)
                0x000000008000e204                ehci_control_message
 .text.ehci_bulk_message
                0x000000008000e288       0x48 /usr/local/xenon/usr/lib/libxenon.a(tinyehci.o)
                0x000000008000e288                ehci_bulk_message
 .text.__send_cbw
                0x000000008000e2d0      0x110 /usr/local/xenon/usr/lib/libxenon.a(tinyehci.o)
 .text.ehci_reset_port_old
                0x000000008000e3e0      0x19c /usr/local/xenon/usr/lib/libxenon.a(tinyehci.o)
                0x000000008000e3e0                ehci_reset_port_old
 .text.ehci_adquire_port
                0x000000008000e57c       0x94 /usr/local/xenon/usr/lib/libxenon.a(tinyehci.o)
                0x000000008000e57c                ehci_adquire_port
 .text.ehci_reset_usb_port
                0x000000008000e610      0x170 /usr/local/xenon/usr/lib/libxenon.a(tinyehci.o)
                0x000000008000e610                ehci_reset_usb_port
 .text.ehci_reset_port2
                0x000000008000e780       0x6c /usr/local/xenon/usr/lib/libxenon.a(tinyehci.o)
                0x000000008000e780                ehci_reset_port2
 .text.USB_FreeDescriptors
                0x000000008000e7ec       0xc8 /usr/local/xenon/usr/lib/libxenon.a(tinyehci.o)
                0x000000008000e7ec                USB_FreeDescriptors
 .text.USB_GetDescriptors
                0x000000008000e8b4      0x34c /usr/local/xenon/usr/lib/libxenon.a(tinyehci.o)
                0x000000008000e8b4                USB_GetDescriptors
 .text.USB_GetConfiguration
                0x000000008000ec00       0x80 /usr/local/xenon/usr/lib/libxenon.a(tinyehci.o)
                0x000000008000ec00                USB_GetConfiguration
 .text.USB_SetConfiguration
                0x000000008000ec80       0x1c /usr/local/xenon/usr/lib/libxenon.a(tinyehci.o)
                0x000000008000ec80                USB_SetConfiguration
 .text.USB_SetAlternativeInterface
                0x000000008000ec9c       0x28 /usr/local/xenon/usr/lib/libxenon.a(tinyehci.o)
                0x000000008000ec9c                USB_SetAlternativeInterface
 .text.USB_ClearHalt
                0x000000008000ecc4       0x1c /usr/local/xenon/usr/lib/libxenon.a(tinyehci.o)
                0x000000008000ecc4                USB_ClearHalt
 .text.ehci_init_port
                0x000000008000ece0      0x140 /usr/local/xenon/usr/lib/libxenon.a(tinyehci.o)
                0x000000008000ece0                ehci_init_port
 .text.ehci_reset_port
                0x000000008000ee20       0x50 /usr/local/xenon/usr/lib/libxenon.a(tinyehci.o)
                0x000000008000ee20                ehci_reset_port
 .text.ehci_discover
                0x000000008000ee70       0x54 /usr/local/xenon/usr/lib/libxenon.a(tinyehci.o)
                0x000000008000ee70                ehci_discover
 .text.EHCI_do_one
                0x000000008000eec4      0x144 /usr/local/xenon/usr/lib/libxenon.a(tinyehci.o)
 .text.ehci_reset_device
                0x000000008000f008        0x8 /usr/local/xenon/usr/lib/libxenon.a(tinyehci.o)
                0x000000008000f008                ehci_reset_device
 .text.find_ehci_data
                0x000000008000f010       0x3c /usr/local/xenon/usr/lib/libxenon.a(tinyehci.o)
                0x000000008000f010                find_ehci_data
 .text.USBStorage_Close
                0x000000008000f04c       0x44 /usr/local/xenon/usr/lib/libxenon.a(tinyehci.o)
                0x000000008000f04c                USBStorage_Close
 .text.USBStorage_ReadCapacity
                0x000000008000f090       0xbc /usr/local/xenon/usr/lib/libxenon.a(tinyehci.o)
                0x000000008000f090                USBStorage_ReadCapacity
 .text.USBStorage_MountLUN
                0x000000008000f14c      0x1d8 /usr/local/xenon/usr/lib/libxenon.a(tinyehci.o)
                0x000000008000f14c                USBStorage_MountLUN
 .text.__usbstorage_reset.isra.9
                0x000000008000f324      0x1ac /usr/local/xenon/usr/lib/libxenon.a(tinyehci.o)
 .text.USBStorage_Open
                0x000000008000f4d0      0x378 /usr/local/xenon/usr/lib/libxenon.a(tinyehci.o)
                0x000000008000f4d0                USBStorage_Open
 .text.__cycle.constprop.14
                0x000000008000f848      0x284 /usr/local/xenon/usr/lib/libxenon.a(tinyehci.o)
 .text.USBStorage_Inquiry
                0x000000008000facc       0xa4 /usr/local/xenon/usr/lib/libxenon.a(tinyehci.o)
                0x000000008000facc                USBStorage_Inquiry
 .text.USBStorage_Read
                0x000000008000fb70      0x160 /usr/local/xenon/usr/lib/libxenon.a(tinyehci.o)
                0x000000008000fb70                USBStorage_Read
 .text.USBStorage_Write
                0x000000008000fcd0      0x160 /usr/local/xenon/usr/lib/libxenon.a(tinyehci.o)
                0x000000008000fcd0                USBStorage_Write
 .text.USBStorage_Try_Device
                0x000000008000fe30      0x164 /usr/local/xenon/usr/lib/libxenon.a(tinyehci.o)
                0x000000008000fe30                USBStorage_Try_Device
 .text.USBStorage_Init
                0x000000008000ff94      0x234 /usr/local/xenon/usr/lib/libxenon.a(tinyehci.o)
                0x000000008000ff94                USBStorage_Init
 .text.USBStorage_Get_Capacity
                0x00000000800101c8       0x7c /usr/local/xenon/usr/lib/libxenon.a(tinyehci.o)
                0x00000000800101c8                USBStorage_Get_Capacity
 .text.USBStorage_devsectors_2
                0x0000000080010244       0x28 /usr/local/xenon/usr/lib/libxenon.a(tinyehci.o)
                0x0000000080010244                USBStorage_devsectors_2
 .text.USBStorage_devsectors_1
                0x000000008001026c       0x28 /usr/local/xenon/usr/lib/libxenon.a(tinyehci.o)
                0x000000008001026c                USBStorage_devsectors_1
 .text.USBStorage_devsectors_0
                0x0000000080010294       0x28 /usr/local/xenon/usr/lib/libxenon.a(tinyehci.o)
                0x0000000080010294                USBStorage_devsectors_0
 .text.unplug_procedure
                0x00000000800102bc       0xec /usr/local/xenon/usr/lib/libxenon.a(tinyehci.o)
                0x00000000800102bc                unplug_procedure
 .text.USBStorage_Read_Sectors
                0x00000000800103a8      0x110 /usr/local/xenon/usr/lib/libxenon.a(tinyehci.o)
                0x00000000800103a8                USBStorage_Read_Sectors
 .text.USBStorage_Read_Sectors_2
                0x00000000800104b8       0x1c /usr/local/xenon/usr/lib/libxenon.a(tinyehci.o)
                0x00000000800104b8                USBStorage_Read_Sectors_2
 .text.USBStorage_Read_Sectors_1
                0x00000000800104d4       0x1c /usr/local/xenon/usr/lib/libxenon.a(tinyehci.o)
                0x00000000800104d4                USBStorage_Read_Sectors_1
 .text.USBStorage_Read_Sectors_0
                0x00000000800104f0       0x1c /usr/local/xenon/usr/lib/libxenon.a(tinyehci.o)
                0x00000000800104f0                USBStorage_Read_Sectors_0
 .text.USBStorage_Write_Sectors
                0x000000008001050c      0x110 /usr/local/xenon/usr/lib/libxenon.a(tinyehci.o)
                0x000000008001050c                USBStorage_Write_Sectors
 .text.USBStorage_Write_Sectors_2
                0x000000008001061c       0x1c /usr/local/xenon/usr/lib/libxenon.a(tinyehci.o)
                0x000000008001061c                USBStorage_Write_Sectors_2
 .text.USBStorage_Write_Sectors_1
                0x0000000080010638       0x1c /usr/local/xenon/usr/lib/libxenon.a(tinyehci.o)
                0x0000000080010638                USBStorage_Write_Sectors_1
 .text.USBStorage_Write_Sectors_0
                0x0000000080010654       0x1c /usr/local/xenon/usr/lib/libxenon.a(tinyehci.o)
                0x0000000080010654                USBStorage_Write_Sectors_0
 .text.EHCI_Init
                0x0000000080010670       0x50 /usr/local/xenon/usr/lib/libxenon.a(tinyehci.o)
                0x0000000080010670                EHCI_Init
 .text.data_breakpoint
                0x00000000800106c0       0x38 /usr/local/xenon/usr/lib/libxenon.a(debug.o)
                0x00000000800106c0                data_breakpoint
 .text.uprintf  0x00000000800106f8       0x94 /usr/local/xenon/usr/lib/libxenon.a(xenon_smc.o)
                0x00000000800106f8                uprintf
 .text.xenon_smc_send_message
                0x000000008001078c       0xa0 /usr/local/xenon/usr/lib/libxenon.a(xenon_smc.o)
                0x000000008001078c                xenon_smc_send_message
 .text.xenon_smc_receive_message
                0x000000008001082c       0x84 /usr/local/xenon/usr/lib/libxenon.a(xenon_smc.o)
                0x000000008001082c                xenon_smc_receive_message
 .text.xenon_smc_get_ir
                0x00000000800108b0       0x14 /usr/local/xenon/usr/lib/libxenon.a(xenon_smc.o)
                0x00000000800108b0                xenon_smc_get_ir
 .text.xenon_smc_handle_bulk
                0x00000000800108c4       0x74 /usr/local/xenon/usr/lib/libxenon.a(xenon_smc.o)
                0x00000000800108c4                xenon_smc_handle_bulk
 .text.xenon_smc_poll
                0x0000000080010938       0x5c /usr/local/xenon/usr/lib/libxenon.a(xenon_smc.o)
                0x0000000080010938                xenon_smc_poll
 .text.xenon_smc_receive_response
                0x0000000080010994       0x48 /usr/local/xenon/usr/lib/libxenon.a(xenon_smc.o)
                0x0000000080010994                xenon_smc_receive_response
 .text.xenon_smc_ana_write
                0x00000000800109dc       0xa0 /usr/local/xenon/usr/lib/libxenon.a(xenon_smc.o)
                0x00000000800109dc                xenon_smc_ana_write
 .text.xenon_smc_ana_read
                0x0000000080010a7c       0xc0 /usr/local/xenon/usr/lib/libxenon.a(xenon_smc.o)
                0x0000000080010a7c                xenon_smc_ana_read
 .text.xenon_smc_i2c_ddc_lock
                0x0000000080010b3c       0x7c /usr/local/xenon/usr/lib/libxenon.a(xenon_smc.o)
                0x0000000080010b3c                xenon_smc_i2c_ddc_lock
 .text.xenon_smc_i2c_write
                0x0000000080010bb8       0xac /usr/local/xenon/usr/lib/libxenon.a(xenon_smc.o)
                0x0000000080010bb8                xenon_smc_i2c_write
 .text.xenon_smc_i2c_read
                0x0000000080010c64       0xc4 /usr/local/xenon/usr/lib/libxenon.a(xenon_smc.o)
                0x0000000080010c64                xenon_smc_i2c_read
 .text.xenon_smc_power_shutdown
                0x0000000080010d28       0x40 /usr/local/xenon/usr/lib/libxenon.a(xenon_smc.o)
                0x0000000080010d28                xenon_smc_power_shutdown
 .text.xenon_smc_power_reboot
                0x0000000080010d68       0x48 /usr/local/xenon/usr/lib/libxenon.a(xenon_smc.o)
                0x0000000080010d68                xenon_smc_power_reboot
 .text.xenon_smc_start_bootanim
                0x0000000080010db0       0x4c /usr/local/xenon/usr/lib/libxenon.a(xenon_smc.o)
                0x0000000080010db0                xenon_smc_start_bootanim
 .text.xenon_smc_read_avpack
                0x0000000080010dfc       0x48 /usr/local/xenon/usr/lib/libxenon.a(xenon_smc.o)
                0x0000000080010dfc                xenon_smc_read_avpack
 .text.xenon_smc_set_fan_algorithm
                0x0000000080010e44       0x3c /usr/local/xenon/usr/lib/libxenon.a(xenon_smc.o)
                0x0000000080010e44                xenon_smc_set_fan_algorithm
 .text.wakeup_cpus
                0x0000000080010e80       0xb8 /usr/local/xenon/usr/lib/libxenon.a(xenon_power.o)
                0x0000000080010e80                wakeup_cpus
 .text.prepare_sleep
                0x0000000080010f38       0x70 /usr/local/xenon/usr/lib/libxenon.a(xenon_power.o)
                0x0000000080010f38                prepare_sleep
 .text.xenon_thread_sleep
                0x0000000080010fa8       0x5c /usr/local/xenon/usr/lib/libxenon.a(xenon_power.o)
                0x0000000080010fa8                xenon_thread_sleep
 .text.xenon_set_speed
                0x0000000080011004      0x354 /usr/local/xenon/usr/lib/libxenon.a(xenon_power.o)
                0x0000000080011004                xenon_set_speed
 .text.xenon_run_thread_task
                0x0000000080011358       0x3c /usr/local/xenon/usr/lib/libxenon.a(xenon_power.o)
                0x0000000080011358                xenon_run_thread_task
 .text.xenon_is_thread_task_running
                0x0000000080011394       0x20 /usr/local/xenon/usr/lib/libxenon.a(xenon_power.o)
                0x0000000080011394                xenon_is_thread_task_running
 .text.xenon_thread_startup
                0x00000000800113b4       0x4c /usr/local/xenon/usr/lib/libxenon.a(xenon_power.o)
                0x00000000800113b4                xenon_thread_startup
 .text.xenon_set_single_thread_mode
                0x0000000080011400       0x94 /usr/local/xenon/usr/lib/libxenon.a(xenon_power.o)
                0x0000000080011400                xenon_set_single_thread_mode
 .text.xenon_make_it_faster
                0x0000000080011494       0xf8 /usr/local/xenon/usr/lib/libxenon.a(xenon_power.o)
                0x0000000080011494                xenon_make_it_faster
 .text.xenon_secotp_read_line
                0x000000008001158c       0x24 /usr/local/xenon/usr/lib/libxenon.a(xenon_secotp.o)
                0x000000008001158c                xenon_secotp_read_line
 .text.xenon_sound_init
                0x00000000800115b0      0x1d4 /usr/local/xenon/usr/lib/libxenon.a(sound.o)
                0x00000000800115b0                xenon_sound_init
 .text.putch    0x0000000080011784       0x58 /usr/local/xenon/usr/lib/libxenon.a(xenon_uart.o)
                0x0000000080011784                putch
 .text.kbhit    0x00000000800117dc       0x24 /usr/local/xenon/usr/lib/libxenon.a(xenon_uart.o)
                0x00000000800117dc                kbhit
 .text.getch    0x0000000080011800       0x38 /usr/local/xenon/usr/lib/libxenon.a(xenon_uart.o)
                0x0000000080011800                getch
 .text.uart_puts
                0x0000000080011838       0x34 /usr/local/xenon/usr/lib/libxenon.a(xenon_uart.o)
                0x0000000080011838                uart_puts
 .text.sfcx_readreg
                0x000000008001186c       0x10 /usr/local/xenon/usr/lib/libxenon.a(xenon_sfcx.o)
                0x000000008001186c                sfcx_readreg
 .text.sfcx_read_page
                0x000000008001187c      0x148 /usr/local/xenon/usr/lib/libxenon.a(xenon_sfcx.o)
                0x000000008001187c                sfcx_read_page
 .text.sfcx_write_page
                0x00000000800119c4      0x138 /usr/local/xenon/usr/lib/libxenon.a(xenon_sfcx.o)
                0x00000000800119c4                sfcx_write_page
 .text.sfcx_read_block
                0x0000000080011afc       0x88 /usr/local/xenon/usr/lib/libxenon.a(xenon_sfcx.o)
                0x0000000080011afc                sfcx_read_block
 .text.sfcx_write_block
                0x0000000080011b84       0x6c /usr/local/xenon/usr/lib/libxenon.a(xenon_sfcx.o)
                0x0000000080011b84                sfcx_write_block
 .text.sfcx_erase_block
                0x0000000080011bf0       0xc8 /usr/local/xenon/usr/lib/libxenon.a(xenon_sfcx.o)
                0x0000000080011bf0                sfcx_erase_block
 .text.sfcx_calcecc_ex
                0x0000000080011cb8       0x98 /usr/local/xenon/usr/lib/libxenon.a(xenon_sfcx.o)
                0x0000000080011cb8                sfcx_calcecc_ex
 .text.sfcx_calcecc
                0x0000000080011d50       0x14 /usr/local/xenon/usr/lib/libxenon.a(xenon_sfcx.o)
                0x0000000080011d50                sfcx_calcecc
 .text.sfcx_is_pagevalid
                0x0000000080011d64       0x54 /usr/local/xenon/usr/lib/libxenon.a(xenon_sfcx.o)
                0x0000000080011d64                sfcx_is_pagevalid
 .text.sfcx_is_pageerased
                0x0000000080011db8       0x4c /usr/local/xenon/usr/lib/libxenon.a(xenon_sfcx.o)
                0x0000000080011db8                sfcx_is_pageerased
 .text.rawflash_checkImage_meta
                0x0000000080011e04      0x174 /usr/local/xenon/usr/lib/libxenon.a(xenon_sfcx.o)
                0x0000000080011e04                rawflash_checkImage_meta
 .text.rawflash_checkImage_ecd_page
                0x0000000080011f78       0x74 /usr/local/xenon/usr/lib/libxenon.a(xenon_sfcx.o)
                0x0000000080011f78                rawflash_checkImage_ecd_page
 .text.rawflash_checkImage_ecd
                0x0000000080011fec       0x78 /usr/local/xenon/usr/lib/libxenon.a(xenon_sfcx.o)
                0x0000000080011fec                rawflash_checkImage_ecd
 .text.rawflash_writeImage
                0x0000000080012064      0x1b4 /usr/local/xenon/usr/lib/libxenon.a(xenon_sfcx.o)
                0x0000000080012064                rawflash_writeImage
 .text.sfcx_init
                0x0000000080012218      0x2d8 /usr/local/xenon/usr/lib/libxenon.a(xenon_sfcx.o)
                0x0000000080012218                sfcx_init
 .text.rawflash_checkImage
                0x00000000800124f0       0xc8 /usr/local/xenon/usr/lib/libxenon.a(xenon_sfcx.o)
                0x00000000800124f0                rawflash_checkImage
 .text.try_rawflash
                0x00000000800125b8      0x190 /usr/local/xenon/usr/lib/libxenon.a(xenon_sfcx.o)
                0x00000000800125b8                try_rawflash
 .text.xenon_config_init
                0x0000000080012748       0xa8 /usr/local/xenon/usr/lib/libxenon.a(xenon_config.o)
                0x0000000080012748                xenon_config_init
 .text.xenon_config_get_avregion
                0x00000000800127f0       0xa0 /usr/local/xenon/usr/lib/libxenon.a(xenon_config.o)
                0x00000000800127f0                xenon_config_get_avregion
 .text.xenon_config_get_mac_addr
                0x0000000080012890       0xb4 /usr/local/xenon/usr/lib/libxenon.a(xenon_config.o)
                0x0000000080012890                xenon_config_get_mac_addr
 .text.xenon_config_get_vid_delta
                0x0000000080012944       0x3c /usr/local/xenon/usr/lib/libxenon.a(xenon_config.o)
                0x0000000080012944                xenon_config_get_vid_delta
 .text.xenos_write32
                0x0000000080012980        0x8 /usr/local/xenon/usr/lib/libxenon.a(xenos.o)
                0x0000000080012980                xenos_write32
 .text.xenos_read32
                0x0000000080012988        0x8 /usr/local/xenon/usr/lib/libxenon.a(xenos.o)
                0x0000000080012988                xenos_read32
 .text.xenos_ana_write
                0x0000000080012990       0xc0 /usr/local/xenon/usr/lib/libxenon.a(xenos.o)
 .text.xenos_init_ana_new
                0x0000000080012a50      0x584 /usr/local/xenon/usr/lib/libxenon.a(xenos.o)
                0x0000000080012a50                xenos_init_ana_new
 .text.xenos_init_phase0
                0x0000000080012fd4       0xa0 /usr/local/xenon/usr/lib/libxenon.a(xenos.o)
                0x0000000080012fd4                xenos_init_phase0
 .text.xenos_init_phase1
                0x0000000080013074      0x448 /usr/local/xenon/usr/lib/libxenon.a(xenos.o)
                0x0000000080013074                xenos_init_phase1
 .text.xenos_ana_preinit
                0x00000000800134bc       0xe4 /usr/local/xenon/usr/lib/libxenon.a(xenos.o)
                0x00000000800134bc                xenos_ana_preinit
 .text.xenos_set_mode_f1
                0x00000000800135a0      0x190 /usr/local/xenon/usr/lib/libxenon.a(xenos.o)
                0x00000000800135a0                xenos_set_mode_f1
 .text.xenos_set_mode_f2
                0x0000000080013730      0x3dc /usr/local/xenon/usr/lib/libxenon.a(xenos.o)
                0x0000000080013730                xenos_set_mode_f2
 .text.xenos_set_mode
                0x0000000080013b0c      0x400 /usr/local/xenon/usr/lib/libxenon.a(xenos.o)
                0x0000000080013b0c                xenos_set_mode
 .text.xenos_hdmi_vga_mode_fix
                0x0000000080013f0c       0x44 /usr/local/xenon/usr/lib/libxenon.a(xenos.o)
                0x0000000080013f0c                xenos_hdmi_vga_mode_fix
 .text.xenos_autoset_mode
                0x0000000080013f50      0x15c /usr/local/xenon/usr/lib/libxenon.a(xenos.o)
                0x0000000080013f50                xenos_autoset_mode
 .text.xenos_init
                0x00000000800140ac      0x154 /usr/local/xenon/usr/lib/libxenon.a(xenos.o)
                0x00000000800140ac                xenos_init
 .text.xenos_is_overscan
                0x0000000080014200       0x38 /usr/local/xenon/usr/lib/libxenon.a(xenos.o)
                0x0000000080014200                xenos_is_overscan
 .text.xenos_is_initialized
                0x0000000080014238       0x18 /usr/local/xenon/usr/lib/libxenon.a(xenos.o)
                0x0000000080014238                xenos_is_initialized
 .text.xenos_do_probe_ddc_edid
                0x0000000080014250      0x19c /usr/local/xenon/usr/lib/libxenon.a(xenos_edid.o)
                0x0000000080014250                xenos_do_probe_ddc_edid
 .text.xenos_ddc_read_edid
                0x00000000800143ec      0x16c /usr/local/xenon/usr/lib/libxenon.a(xenos_edid.o)
 .text.xenos_get_edid
                0x0000000080014558       0xa8 /usr/local/xenon/usr/lib/libxenon.a(xenos_edid.o)
                0x0000000080014558                xenos_get_edid
 .text.xenos_detect_hdmi_monitor
                0x0000000080014600       0xdc /usr/local/xenon/usr/lib/libxenon.a(xenos_edid.o)
                0x0000000080014600                xenos_detect_hdmi_monitor
 .text.mem_init
                0x00000000800146dc       0x5c /usr/local/xenon/usr/lib/libxenon.a(mem.o)
                0x00000000800146dc                mem_init
 .text.mem_free
                0x0000000080014738      0x204 /usr/local/xenon/usr/lib/libxenon.a(mem.o)
                0x0000000080014738                mem_free
 .text.mem_trim
                0x000000008001493c      0x180 /usr/local/xenon/usr/lib/libxenon.a(mem.o)
                0x000000008001493c                mem_trim
 .text.mem_malloc
                0x0000000080014abc      0x244 /usr/local/xenon/usr/lib/libxenon.a(mem.o)
                0x0000000080014abc                mem_malloc
 .text.netif_init
                0x0000000080014d00        0x4 /usr/local/xenon/usr/lib/libxenon.a(netif.o)
                0x0000000080014d00                netif_init
 .text.netif_set_ipaddr
                0x0000000080014d04       0xa8 /usr/local/xenon/usr/lib/libxenon.a(netif.o)
                0x0000000080014d04                netif_set_ipaddr
 .text.netif_set_addr
                0x0000000080014dac       0x5c /usr/local/xenon/usr/lib/libxenon.a(netif.o)
                0x0000000080014dac                netif_set_addr
 .text.netif_add
                0x0000000080014e08       0xb8 /usr/local/xenon/usr/lib/libxenon.a(netif.o)
                0x0000000080014e08                netif_add
 .text.netif_set_gw
                0x0000000080014ec0       0x1c /usr/local/xenon/usr/lib/libxenon.a(netif.o)
                0x0000000080014ec0                netif_set_gw
 .text.netif_set_netmask
                0x0000000080014edc       0x1c /usr/local/xenon/usr/lib/libxenon.a(netif.o)
                0x0000000080014edc                netif_set_netmask
 .text.netif_set_default
                0x0000000080014ef8        0xc /usr/local/xenon/usr/lib/libxenon.a(netif.o)
                0x0000000080014ef8                netif_set_default
 .text.netif_set_up
                0x0000000080014f04       0x78 /usr/local/xenon/usr/lib/libxenon.a(netif.o)
                0x0000000080014f04                netif_set_up
 .text.netif_set_down
                0x0000000080014f7c       0x2c /usr/local/xenon/usr/lib/libxenon.a(netif.o)
                0x0000000080014f7c                netif_set_down
 .text.pbuf_alloced_custom
                0x0000000080014fa8       0xe0 /usr/local/xenon/usr/lib/libxenon.a(pbuf.o)
                0x0000000080014fa8                pbuf_alloced_custom
 .text.pbuf_header
                0x0000000080015088      0x12c /usr/local/xenon/usr/lib/libxenon.a(pbuf.o)
                0x0000000080015088                pbuf_header
 .text.pbuf_free
                0x00000000800151b4      0x14c /usr/local/xenon/usr/lib/libxenon.a(pbuf.o)
                0x00000000800151b4                pbuf_free
 .text.pbuf_realloc
                0x0000000080015300      0x194 /usr/local/xenon/usr/lib/libxenon.a(pbuf.o)
                0x0000000080015300                pbuf_realloc
 .text.pbuf_alloc
                0x0000000080015494      0x2f4 /usr/local/xenon/usr/lib/libxenon.a(pbuf.o)
                0x0000000080015494                pbuf_alloc
 .text.pbuf_clen
                0x0000000080015788       0x24 /usr/local/xenon/usr/lib/libxenon.a(pbuf.o)
                0x0000000080015788                pbuf_clen
 .text.pbuf_ref
                0x00000000800157ac       0x18 /usr/local/xenon/usr/lib/libxenon.a(pbuf.o)
                0x00000000800157ac                pbuf_ref
 .text.pbuf_cat
                0x00000000800157c4       0xac /usr/local/xenon/usr/lib/libxenon.a(pbuf.o)
                0x00000000800157c4                pbuf_cat
 .text.pbuf_chain
                0x0000000080015870       0x34 /usr/local/xenon/usr/lib/libxenon.a(pbuf.o)
                0x0000000080015870                pbuf_chain
 .text.pbuf_copy
                0x00000000800158a4      0x1e4 /usr/local/xenon/usr/lib/libxenon.a(pbuf.o)
                0x00000000800158a4                pbuf_copy
 .text.pbuf_copy_partial
                0x0000000080015a88      0x104 /usr/local/xenon/usr/lib/libxenon.a(pbuf.o)
                0x0000000080015a88                pbuf_copy_partial
 .text.stats_init
                0x0000000080015b8c        0x4 /usr/local/xenon/usr/lib/libxenon.a(stats.o)
                0x0000000080015b8c                stats_init
 .text.tcp_accept_null
                0x0000000080015b90        0x8 /usr/local/xenon/usr/lib/libxenon.a(tcp.o)
 .text.tcp_new_port
                0x0000000080015b98       0x74 /usr/local/xenon/usr/lib/libxenon.a(tcp.o)
 .text.tcp_bind
                0x0000000080015c0c      0x100 /usr/local/xenon/usr/lib/libxenon.a(tcp.o)
                0x0000000080015c0c                tcp_bind
 .text.tcp_listen_with_backlog
                0x0000000080015d0c      0x140 /usr/local/xenon/usr/lib/libxenon.a(tcp.o)
                0x0000000080015d0c                tcp_listen_with_backlog
 .text.tcp_update_rcv_ann_wnd
                0x0000000080015e4c       0x90 /usr/local/xenon/usr/lib/libxenon.a(tcp.o)
                0x0000000080015e4c                tcp_update_rcv_ann_wnd
 .text.tcp_recved
                0x0000000080015edc       0xac /usr/local/xenon/usr/lib/libxenon.a(tcp.o)
                0x0000000080015edc                tcp_recved
 .text.tcp_seg_free
                0x0000000080015f88       0x50 /usr/local/xenon/usr/lib/libxenon.a(tcp.o)
                0x0000000080015f88                tcp_seg_free
 .text.tcp_segs_free
                0x0000000080015fd8       0x34 /usr/local/xenon/usr/lib/libxenon.a(tcp.o)
                0x0000000080015fd8                tcp_segs_free
 .text.tcp_setprio
                0x000000008001600c        0x8 /usr/local/xenon/usr/lib/libxenon.a(tcp.o)
                0x000000008001600c                tcp_setprio
 .text.tcp_seg_copy
                0x0000000080016014       0x44 /usr/local/xenon/usr/lib/libxenon.a(tcp.o)
                0x0000000080016014                tcp_seg_copy
 .text.tcp_arg  0x0000000080016058        0x8 /usr/local/xenon/usr/lib/libxenon.a(tcp.o)
                0x0000000080016058                tcp_arg
 .text.tcp_recv
                0x0000000080016060        0x8 /usr/local/xenon/usr/lib/libxenon.a(tcp.o)
                0x0000000080016060                tcp_recv
 .text.tcp_sent
                0x0000000080016068        0x8 /usr/local/xenon/usr/lib/libxenon.a(tcp.o)
                0x0000000080016068                tcp_sent
 .text.tcp_err  0x0000000080016070        0x8 /usr/local/xenon/usr/lib/libxenon.a(tcp.o)
                0x0000000080016070                tcp_err
 .text.tcp_accept
                0x0000000080016078        0x8 /usr/local/xenon/usr/lib/libxenon.a(tcp.o)
                0x0000000080016078                tcp_accept
 .text.tcp_poll
                0x0000000080016080        0xc /usr/local/xenon/usr/lib/libxenon.a(tcp.o)
                0x0000000080016080                tcp_poll
 .text.tcp_pcb_purge
                0x000000008001608c       0x88 /usr/local/xenon/usr/lib/libxenon.a(tcp.o)
                0x000000008001608c                tcp_pcb_purge
 .text.tcp_slowtmr
                0x0000000080016114      0x564 /usr/local/xenon/usr/lib/libxenon.a(tcp.o)
                0x0000000080016114                tcp_slowtmr
 .text.tcp_pcb_remove
                0x0000000080016678      0x154 /usr/local/xenon/usr/lib/libxenon.a(tcp.o)
                0x0000000080016678                tcp_pcb_remove
 .text.tcp_abandon
                0x00000000800167cc      0x128 /usr/local/xenon/usr/lib/libxenon.a(tcp.o)
                0x00000000800167cc                tcp_abandon
 .text.tcp_abort
                0x00000000800168f4        0x8 /usr/local/xenon/usr/lib/libxenon.a(tcp.o)
                0x00000000800168f4                tcp_abort
 .text.tcp_close_shutdown
                0x00000000800168fc      0x22c /usr/local/xenon/usr/lib/libxenon.a(tcp.o)
 .text.tcp_close
                0x0000000080016b28       0x20 /usr/local/xenon/usr/lib/libxenon.a(tcp.o)
                0x0000000080016b28                tcp_close
 .text.tcp_recv_null
                0x0000000080016b48       0x5c /usr/local/xenon/usr/lib/libxenon.a(tcp.o)
                0x0000000080016b48                tcp_recv_null
 .text.tcp_fasttmr
                0x0000000080016ba4       0xc8 /usr/local/xenon/usr/lib/libxenon.a(tcp.o)
                0x0000000080016ba4                tcp_fasttmr
 .text.tcp_tmr  0x0000000080016c6c       0x50 /usr/local/xenon/usr/lib/libxenon.a(tcp.o)
                0x0000000080016c6c                tcp_tmr
 .text.tcp_next_iss
                0x0000000080016cbc       0x1c /usr/local/xenon/usr/lib/libxenon.a(tcp.o)
                0x0000000080016cbc                tcp_next_iss
 .text.tcp_alloc
                0x0000000080016cd8      0x1cc /usr/local/xenon/usr/lib/libxenon.a(tcp.o)
                0x0000000080016cd8                tcp_alloc
 .text.tcp_new  0x0000000080016ea4        0x8 /usr/local/xenon/usr/lib/libxenon.a(tcp.o)
                0x0000000080016ea4                tcp_new
 .text.tcp_eff_send_mss
                0x0000000080016eac       0x5c /usr/local/xenon/usr/lib/libxenon.a(tcp.o)
                0x0000000080016eac                tcp_eff_send_mss
 .text.ip4_addr_isbroadcast
                0x0000000080016f08       0x68 /usr/local/xenon/usr/lib/libxenon.a(ip_addr.o)
                0x0000000080016f08                ip4_addr_isbroadcast
 .text.ipaddr_aton
                0x0000000080016f70      0x22c /usr/local/xenon/usr/lib/libxenon.a(ip_addr.o)
                0x0000000080016f70                ipaddr_aton
 .text.ipaddr_addr
                0x000000008001719c       0x38 /usr/local/xenon/usr/lib/libxenon.a(ip_addr.o)
                0x000000008001719c                ipaddr_addr
 .text.ipaddr_ntoa_r
                0x00000000800171d4       0xf0 /usr/local/xenon/usr/lib/libxenon.a(ip_addr.o)
                0x00000000800171d4                ipaddr_ntoa_r
 .text.ipaddr_ntoa
                0x00000000800172c4       0x10 /usr/local/xenon/usr/lib/libxenon.a(ip_addr.o)
                0x00000000800172c4                ipaddr_ntoa
 .text.ip_route
                0x00000000800172d4       0x88 /usr/local/xenon/usr/lib/libxenon.a(ip.o)
                0x00000000800172d4                ip_route
 .text.ip_input
                0x000000008001735c      0x330 /usr/local/xenon/usr/lib/libxenon.a(ip.o)
                0x000000008001735c                ip_input
 .text.ip_output_if
                0x000000008001768c      0x1d8 /usr/local/xenon/usr/lib/libxenon.a(ip.o)
                0x000000008001768c                ip_output_if
 .text.ip_output
                0x0000000080017864       0xb4 /usr/local/xenon/usr/lib/libxenon.a(ip.o)
                0x0000000080017864                ip_output
 .text.ip_reass_dequeue_datagram
                0x0000000080017918       0x68 /usr/local/xenon/usr/lib/libxenon.a(ip_frag.o)
 .text.ip_reass_free_complete_datagram
                0x0000000080017980      0x178 /usr/local/xenon/usr/lib/libxenon.a(ip_frag.o)
 .text.ip_reass_remove_oldest_datagram
                0x0000000080017af8       0xd4 /usr/local/xenon/usr/lib/libxenon.a(ip_frag.o)
 .text.ipfrag_free_pbuf_custom
                0x0000000080017bcc       0x68 /usr/local/xenon/usr/lib/libxenon.a(ip_frag.o)
 .text.ip_reass
                0x0000000080017c34      0x4ec /usr/local/xenon/usr/lib/libxenon.a(ip_frag.o)
                0x0000000080017c34                ip_reass
 .text.ip_frag  0x0000000080018120      0x238 /usr/local/xenon/usr/lib/libxenon.a(ip_frag.o)
                0x0000000080018120                ip_frag
 .text.tcp_pbuf_prealloc
                0x0000000080018358       0xd8 /usr/local/xenon/usr/lib/libxenon.a(tcp_out.o)
 .text.tcp_create_segment
                0x0000000080018430      0x110 /usr/local/xenon/usr/lib/libxenon.a(tcp_out.o)
 .text.tcp_output_alloc_header.constprop.1
                0x0000000080018540       0xb0 /usr/local/xenon/usr/lib/libxenon.a(tcp_out.o)
 .text.tcp_write
                0x00000000800185f0      0x6d4 /usr/local/xenon/usr/lib/libxenon.a(tcp_out.o)
                0x00000000800185f0                tcp_write
 .text.tcp_enqueue_flags
                0x0000000080018cc4      0x258 /usr/local/xenon/usr/lib/libxenon.a(tcp_out.o)
                0x0000000080018cc4                tcp_enqueue_flags
 .text.tcp_send_fin
                0x0000000080018f1c       0x4c /usr/local/xenon/usr/lib/libxenon.a(tcp_out.o)
                0x0000000080018f1c                tcp_send_fin
 .text.tcp_send_empty_ack
                0x0000000080018f68       0x90 /usr/local/xenon/usr/lib/libxenon.a(tcp_out.o)
                0x0000000080018f68                tcp_send_empty_ack
 .text.tcp_output
                0x0000000080018ff8      0x428 /usr/local/xenon/usr/lib/libxenon.a(tcp_out.o)
                0x0000000080018ff8                tcp_output
 .text.tcp_rst  0x0000000080019420      0x124 /usr/local/xenon/usr/lib/libxenon.a(tcp_out.o)
                0x0000000080019420                tcp_rst
 .text.tcp_rexmit_rto
                0x0000000080019544       0x48 /usr/local/xenon/usr/lib/libxenon.a(tcp_out.o)
                0x0000000080019544                tcp_rexmit_rto
 .text.tcp_rexmit
                0x000000008001958c       0x64 /usr/local/xenon/usr/lib/libxenon.a(tcp_out.o)
                0x000000008001958c                tcp_rexmit
 .text.tcp_rexmit_fast
                0x00000000800195f0       0x98 /usr/local/xenon/usr/lib/libxenon.a(tcp_out.o)
                0x00000000800195f0                tcp_rexmit_fast
 .text.tcp_keepalive
                0x0000000080019688       0xac /usr/local/xenon/usr/lib/libxenon.a(tcp_out.o)
                0x0000000080019688                tcp_keepalive
 .text.tcp_zero_window_probe
                0x0000000080019734      0x12c /usr/local/xenon/usr/lib/libxenon.a(tcp_out.o)
                0x0000000080019734                tcp_zero_window_probe
 .text.udp_input
                0x0000000080019860      0x388 /usr/local/xenon/usr/lib/libxenon.a(udp.o)
                0x0000000080019860                udp_input
 .text.udp_bind
                0x0000000080019be8      0x134 /usr/local/xenon/usr/lib/libxenon.a(udp.o)
                0x0000000080019be8                udp_bind
 .text.udp_sendto_if
                0x0000000080019d1c      0x1ac /usr/local/xenon/usr/lib/libxenon.a(udp.o)
                0x0000000080019d1c                udp_sendto_if
 .text.udp_sendto
                0x0000000080019ec8       0x78 /usr/local/xenon/usr/lib/libxenon.a(udp.o)
                0x0000000080019ec8                udp_sendto
 .text.udp_connect
                0x0000000080019f40       0xa8 /usr/local/xenon/usr/lib/libxenon.a(udp.o)
                0x0000000080019f40                udp_connect
 .text.udp_recv
                0x0000000080019fe8        0xc /usr/local/xenon/usr/lib/libxenon.a(udp.o)
                0x0000000080019fe8                udp_recv
 .text.udp_remove
                0x0000000080019ff4       0x50 /usr/local/xenon/usr/lib/libxenon.a(udp.o)
                0x0000000080019ff4                udp_remove
 .text.udp_new  0x000000008001a044       0x44 /usr/local/xenon/usr/lib/libxenon.a(udp.o)
                0x000000008001a044                udp_new
 .text.etharp_send_ip
                0x000000008001a088       0x70 /usr/local/xenon/usr/lib/libxenon.a(etharp.o)
 .text.free_etharp_q
                0x000000008001a0f8       0xbc /usr/local/xenon/usr/lib/libxenon.a(etharp.o)
 .text.find_entry
                0x000000008001a1b4      0x264 /usr/local/xenon/usr/lib/libxenon.a(etharp.o)
 .text.update_arp_entry
                0x000000008001a418      0x12c /usr/local/xenon/usr/lib/libxenon.a(etharp.o)
 .text.etharp_ip_input
                0x000000008001a544       0x78 /usr/local/xenon/usr/lib/libxenon.a(etharp.o)
                0x000000008001a544                etharp_ip_input
 .text.etharp_arp_input
                0x000000008001a5bc      0x218 /usr/local/xenon/usr/lib/libxenon.a(etharp.o)
                0x000000008001a5bc                etharp_arp_input
 .text.etharp_request
                0x000000008001a7d4      0x174 /usr/local/xenon/usr/lib/libxenon.a(etharp.o)
                0x000000008001a7d4                etharp_request
 .text.etharp_query
                0x000000008001a948      0x2b8 /usr/local/xenon/usr/lib/libxenon.a(etharp.o)
                0x000000008001a948                etharp_query
 .text.etharp_output
                0x000000008001ac00      0x180 /usr/local/xenon/usr/lib/libxenon.a(etharp.o)
                0x000000008001ac00                etharp_output
 .text.dhcp_set_state
                0x000000008001ad80       0x24 /usr/local/xenon/usr/lib/libxenon.a(dhcp.o)
 .text.dhcp_check
                0x000000008001ada4       0x54 /usr/local/xenon/usr/lib/libxenon.a(dhcp.o)
 .text.dhcp_bind
                0x000000008001adf8      0x190 /usr/local/xenon/usr/lib/libxenon.a(dhcp.o)
 .text.dhcp_option
                0x000000008001af88       0x68 /usr/local/xenon/usr/lib/libxenon.a(dhcp.o)
 .text.dhcp_option_byte
                0x000000008001aff0       0x50 /usr/local/xenon/usr/lib/libxenon.a(dhcp.o)
 .text.dhcp_option_trailer
                0x000000008001b040      0x104 /usr/local/xenon/usr/lib/libxenon.a(dhcp.o)
 .text.dhcp_option_short
                0x000000008001b144       0x68 /usr/local/xenon/usr/lib/libxenon.a(dhcp.o)
 .text.dhcp_option_long
                0x000000008001b1ac       0x98 /usr/local/xenon/usr/lib/libxenon.a(dhcp.o)
 .text.dhcp_create_msg
                0x000000008001b244      0x2b0 /usr/local/xenon/usr/lib/libxenon.a(dhcp.o)
 .text.dhcp_delete_msg
                0x000000008001b4f4       0xac /usr/local/xenon/usr/lib/libxenon.a(dhcp.o)
 .text.dhcp_reboot
                0x000000008001b5a0       0xf8 /usr/local/xenon/usr/lib/libxenon.a(dhcp.o)
 .text.dhcp_discover
                0x000000008001b698      0x144 /usr/local/xenon/usr/lib/libxenon.a(dhcp.o)
 .text.dhcp_select
                0x000000008001b7dc      0x1dc /usr/local/xenon/usr/lib/libxenon.a(dhcp.o)
 .text.dhcp_rebind
                0x000000008001b9b8      0x150 /usr/local/xenon/usr/lib/libxenon.a(dhcp.o)
 .text.dhcp_recv
                0x000000008001bb08      0x8b4 /usr/local/xenon/usr/lib/libxenon.a(dhcp.o)
 .text.dhcp_arp_reply
                0x000000008001c3bc      0x100 /usr/local/xenon/usr/lib/libxenon.a(dhcp.o)
                0x000000008001c3bc                dhcp_arp_reply
 .text.dhcp_renew
                0x000000008001c4bc      0x14c /usr/local/xenon/usr/lib/libxenon.a(dhcp.o)
                0x000000008001c4bc                dhcp_renew
 .text.dhcp_coarse_tmr
                0x000000008001c608       0xb4 /usr/local/xenon/usr/lib/libxenon.a(dhcp.o)
                0x000000008001c608                dhcp_coarse_tmr
 .text.dhcp_release
                0x000000008001c6bc      0x114 /usr/local/xenon/usr/lib/libxenon.a(dhcp.o)
                0x000000008001c6bc                dhcp_release
 .text.dhcp_fine_tmr
                0x000000008001c7d0      0x12c /usr/local/xenon/usr/lib/libxenon.a(dhcp.o)
                0x000000008001c7d0                dhcp_fine_tmr
 .text.dhcp_stop
                0x000000008001c8fc       0xc0 /usr/local/xenon/usr/lib/libxenon.a(dhcp.o)
                0x000000008001c8fc                dhcp_stop
 .text.dhcp_start
                0x000000008001c9bc      0x198 /usr/local/xenon/usr/lib/libxenon.a(dhcp.o)
                0x000000008001c9bc                dhcp_start
 .text.raw_input
                0x000000008001cb54       0xe8 /usr/local/xenon/usr/lib/libxenon.a(raw.o)
                0x000000008001cb54                raw_input
 .text.tcp_timer_needed
                0x000000008001cc3c        0x4 /usr/local/xenon/usr/lib/libxenon.a(timers.o)
                0x000000008001cc3c                tcp_timer_needed
 .text.phy_read
                0x000000008001cc40       0x88 /usr/local/xenon/usr/lib/libxenon.a(enet.o)
 .text.enet_linkoutput
                0x000000008001ccc8      0x124 /usr/local/xenon/usr/lib/libxenon.a(enet.o)
 .text.enet_init
                0x000000008001cdec      0x568 /usr/local/xenon/usr/lib/libxenon.a(enet.o)
                0x000000008001cdec                enet_init
 .text.enet_poll
                0x000000008001d354      0x26c /usr/local/xenon/usr/lib/libxenon.a(enet.o)
                0x000000008001d354                enet_poll
 .text.enet_quiesce
                0x000000008001d5c0       0x38 /usr/local/xenon/usr/lib/libxenon.a(enet.o)
                0x000000008001d5c0                enet_quiesce
 .text.mftb     0x000000008001d5f8       0x1c /usr/local/xenon/usr/lib/libxenon.a(network.o)
 .text.network_poll
                0x000000008001d614       0xf0 /usr/local/xenon/usr/lib/libxenon.a(network.o)
                0x000000008001d614                network_poll
 .text.network_init
                0x000000008001d704      0x220 /usr/local/xenon/usr/lib/libxenon.a(network.o)
                0x000000008001d704                network_init
 .text.network_print_config
                0x000000008001d924       0x90 /usr/local/xenon/usr/lib/libxenon.a(network.o)
                0x000000008001d924                network_print_config
 .text.elf_setArgcArgv
                0x000000008001d9b4       0xf0 /usr/local/xenon/usr/lib/libxenon.a(elf.o)
                0x000000008001d9b4                elf_setArgcArgv
 .text.elf_runFromMemory
                0x000000008001daa4       0xd4 /usr/local/xenon/usr/lib/libxenon.a(elf.o)
                0x000000008001daa4                elf_runFromMemory
 .text.kernel_prepare_initrd
                0x000000008001db78       0x80 /usr/local/xenon/usr/lib/libxenon.a(elf.o)
                0x000000008001db78                kernel_prepare_initrd
 .text.kernel_relocate_initrd
                0x000000008001dbf8       0x9c /usr/local/xenon/usr/lib/libxenon.a(elf.o)
                0x000000008001dbf8                kernel_relocate_initrd
 .text.elf_runWithDeviceTree
                0x000000008001dc94      0x250 /usr/local/xenon/usr/lib/libxenon.a(elf.o)
                0x000000008001dc94                elf_runWithDeviceTree
 .text.kernel_reset_initrd
                0x000000008001dee4       0x44 /usr/local/xenon/usr/lib/libxenon.a(elf.o)
                0x000000008001dee4                kernel_reset_initrd
 .text.kernel_build_cmdline
                0x000000008001df28       0xb4 /usr/local/xenon/usr/lib/libxenon.a(elf.o)
                0x000000008001df28                kernel_build_cmdline
 .text.fdt32_to_cpu
                0x000000008001dfdc        0xc /usr/local/xenon/usr/lib/libxenon.a(fdt_ro.o)
 .text.fdt64_to_cpu
                0x000000008001dfe8       0x14 /usr/local/xenon/usr/lib/libxenon.a(fdt_ro.o)
 .text._nextprop
                0x000000008001dffc       0x6c /usr/local/xenon/usr/lib/libxenon.a(fdt_ro.o)
 .text.fdt_string
                0x000000008001e068       0x34 /usr/local/xenon/usr/lib/libxenon.a(fdt_ro.o)
                0x000000008001e068                fdt_string
 .text.fdt_num_mem_rsv
                0x000000008001e09c       0x5c /usr/local/xenon/usr/lib/libxenon.a(fdt_ro.o)
                0x000000008001e09c                fdt_num_mem_rsv
 .text.fdt_subnode_offset_namelen
                0x000000008001e0f8       0xf4 /usr/local/xenon/usr/lib/libxenon.a(fdt_ro.o)
                0x000000008001e0f8                fdt_subnode_offset_namelen
 .text.fdt_first_property_offset
                0x000000008001e1ec       0x44 /usr/local/xenon/usr/lib/libxenon.a(fdt_ro.o)
                0x000000008001e1ec                fdt_first_property_offset
 .text.fdt_next_property_offset
                0x000000008001e230       0x44 /usr/local/xenon/usr/lib/libxenon.a(fdt_ro.o)
                0x000000008001e230                fdt_next_property_offset
 .text.fdt_get_property_by_offset
                0x000000008001e274       0x74 /usr/local/xenon/usr/lib/libxenon.a(fdt_ro.o)
                0x000000008001e274                fdt_get_property_by_offset
 .text.fdt_get_property_namelen
                0x000000008001e2e8       0xc8 /usr/local/xenon/usr/lib/libxenon.a(fdt_ro.o)
                0x000000008001e2e8                fdt_get_property_namelen
 .text.fdt_get_property
                0x000000008001e3b0       0x58 /usr/local/xenon/usr/lib/libxenon.a(fdt_ro.o)
                0x000000008001e3b0                fdt_get_property
 .text.fdt_getprop_namelen
                0x000000008001e408       0x34 /usr/local/xenon/usr/lib/libxenon.a(fdt_ro.o)
                0x000000008001e408                fdt_getprop_namelen
 .text.fdt_get_alias_namelen
                0x000000008001e43c       0x6c /usr/local/xenon/usr/lib/libxenon.a(fdt_ro.o)
                0x000000008001e43c                fdt_get_alias_namelen
 .text.fdt_path_offset
                0x000000008001e4a8      0x108 /usr/local/xenon/usr/lib/libxenon.a(fdt_ro.o)
                0x000000008001e4a8                fdt_path_offset
 .text.fdt32_to_cpu
                0x000000008001e5b0        0xc /usr/local/xenon/usr/lib/libxenon.a(fdt_rw.o)
 .text._fdt_blocks_misordered
                0x000000008001e5bc       0xa0 /usr/local/xenon/usr/lib/libxenon.a(fdt_rw.o)
 .text._fdt_rw_check_header
                0x000000008001e65c       0x84 /usr/local/xenon/usr/lib/libxenon.a(fdt_rw.o)
 .text._fdt_packblocks
                0x000000008001e6e0       0xcc /usr/local/xenon/usr/lib/libxenon.a(fdt_rw.o)
 .text._fdt_splice
                0x000000008001e7ac       0xa0 /usr/local/xenon/usr/lib/libxenon.a(fdt_rw.o)
 .text._fdt_splice_struct
                0x000000008001e84c       0x64 /usr/local/xenon/usr/lib/libxenon.a(fdt_rw.o)
 .text._fdt_splice_mem_rsv
                0x000000008001e8b0       0x70 /usr/local/xenon/usr/lib/libxenon.a(fdt_rw.o)
 .text.fdt_add_mem_rsv
                0x000000008001e920       0x98 /usr/local/xenon/usr/lib/libxenon.a(fdt_rw.o)
                0x000000008001e920                fdt_add_mem_rsv
 .text.fdt_setprop
                0x000000008001e9b8      0x1cc /usr/local/xenon/usr/lib/libxenon.a(fdt_rw.o)
                0x000000008001e9b8                fdt_setprop
 .text.fdt_open_into
                0x000000008001eb84      0x1bc /usr/local/xenon/usr/lib/libxenon.a(fdt_rw.o)
                0x000000008001eb84                fdt_open_into
 .text.fdt_pack
                0x000000008001ed40       0x7c /usr/local/xenon/usr/lib/libxenon.a(fdt_rw.o)
                0x000000008001ed40                fdt_pack
 .text.print_key
                0x000000008001edbc       0x7c /usr/local/xenon/usr/lib/libxenon.a(xb360.o)
                0x000000008001edbc                print_key
 .text.cpu_get_key
                0x000000008001ee38       0x7c /usr/local/xenon/usr/lib/libxenon.a(xb360.o)
                0x000000008001ee38                cpu_get_key
 .text.kv_get_key
                0x000000008001eeb4       0x74 /usr/local/xenon/usr/lib/libxenon.a(xb360.o)
                0x000000008001eeb4                kv_get_key
 .text.updateXeLL
                0x000000008001ef28      0x35c /usr/local/xenon/usr/lib/libxenon.a(xb360.o)
                0x000000008001ef28                updateXeLL
 .text.xenon_get_DVE
                0x000000008001f284       0x38 /usr/local/xenon/usr/lib/libxenon.a(xb360.o)
                0x000000008001f284                xenon_get_DVE
 .text.xenon_get_PCIBridgeRevisionID
                0x000000008001f2bc       0x2c /usr/local/xenon/usr/lib/libxenon.a(xb360.o)
                0x000000008001f2bc                xenon_get_PCIBridgeRevisionID
 .text.xenon_get_XenosID
                0x000000008001f2e8       0x28 /usr/local/xenon/usr/lib/libxenon.a(xb360.o)
                0x000000008001f2e8                xenon_get_XenosID
 .text.xenon_get_console_type
                0x000000008001f310       0xcc /usr/local/xenon/usr/lib/libxenon.a(xb360.o)
                0x000000008001f310                xenon_get_console_type
 .text.xenon_logical_nand_data_ok
                0x000000008001f3dc       0x1c /usr/local/xenon/usr/lib/libxenon.a(xb360.o)
                0x000000008001f3dc                xenon_logical_nand_data_ok
 .text.xenon_get_logical_nand_data
                0x000000008001f3f8       0x50 /usr/local/xenon/usr/lib/libxenon.a(xb360.o)
                0x000000008001f3f8                xenon_get_logical_nand_data
 .text.get_virtual_cpukey
                0x000000008001f448       0x88 /usr/local/xenon/usr/lib/libxenon.a(xb360.o)
                0x000000008001f448                get_virtual_cpukey
 .text.xenon_get_kv_size
                0x000000008001f4d0       0x40 /usr/local/xenon/usr/lib/libxenon.a(xb360.o)
                0x000000008001f4d0                xenon_get_kv_size
 .text.xenon_get_kv_offset
                0x000000008001f510       0x40 /usr/local/xenon/usr/lib/libxenon.a(xb360.o)
                0x000000008001f510                xenon_get_kv_offset
 .text.kv_read  0x000000008001f550      0x1a0 /usr/local/xenon/usr/lib/libxenon.a(xb360.o)
                0x000000008001f550                kv_read
 .text.kv_get_dvd_key
                0x000000008001f6f0      0x128 /usr/local/xenon/usr/lib/libxenon.a(xb360.o)
                0x000000008001f6f0                kv_get_dvd_key
 .text.print_cpu_dvd_keys
                0x000000008001f818       0xcc /usr/local/xenon/usr/lib/libxenon.a(xb360.o)
                0x000000008001f818                print_cpu_dvd_keys
 .text.kfree    0x000000008001f8e4       0xb8 /usr/local/xenon/usr/lib/libxenon.a(lib_malloc.o)
                0x000000008001f8e4                kfree
 .text.lib_outofmemory
                0x000000008001f99c        0xc /usr/local/xenon/usr/lib/libxenon.a(lib_malloc.o)
                0x000000008001f99c                lib_outofmemory
 .text.kmalloc  0x000000008001f9a8      0x144 /usr/local/xenon/usr/lib/libxenon.a(lib_malloc.o)
                0x000000008001f9a8                kmalloc
 .text.kmem_init
                0x000000008001faec       0x70 /usr/local/xenon/usr/lib/libxenon.a(lib_malloc.o)
                0x000000008001faec                kmem_init
 .text.read32   0x000000008001fb5c        0x8 /usr/local/xenon/usr/lib/libxenon.a(io.o)
                0x000000008001fb5c                read32
 .text.read32n  0x000000008001fb64        0x8 /usr/local/xenon/usr/lib/libxenon.a(io.o)
                0x000000008001fb64                read32n
 .text.write32  0x000000008001fb6c        0x8 /usr/local/xenon/usr/lib/libxenon.a(io.o)
                0x000000008001fb6c                write32
 .text.write32n
                0x000000008001fb74        0x8 /usr/local/xenon/usr/lib/libxenon.a(io.o)
                0x000000008001fb74                write32n
 .text.dummy_attach
                0x000000008001fb7c        0x8 /usr/local/xenon/usr/lib/libxenon.a(dummy.o)
 .text.dummy_detach
                0x000000008001fb84        0x8 /usr/local/xenon/usr/lib/libxenon.a(dummy.o)
 .text._ohci_allocept
                0x000000008001fb8c       0x64 /usr/local/xenon/usr/lib/libxenon.a(ohci.o)
 .text._ohci_allocxfer
                0x000000008001fbf0       0x5c /usr/local/xenon/usr/lib/libxenon.a(ohci.o)
 .text.ohci_delete
                0x000000008001fc4c        0x4 /usr/local/xenon/usr/lib/libxenon.a(ohci.o)
 .text.ohci_ept_setaddr
                0x000000008001fc50       0x38 /usr/local/xenon/usr/lib/libxenon.a(ohci.o)
 .text.ohci_ept_setmps
                0x000000008001fc88       0x44 /usr/local/xenon/usr/lib/libxenon.a(ohci.o)
 .text._ohci_queueept
                0x000000008001fccc       0x5c /usr/local/xenon/usr/lib/libxenon.a(ohci.o)
 .text.ohci_ept_create
                0x000000008001fd28      0x148 /usr/local/xenon/usr/lib/libxenon.a(ohci.o)
 .text.ohci_ept_cleartoggle
                0x000000008001fe70       0x48 /usr/local/xenon/usr/lib/libxenon.a(ohci.o)
 .text.ohci_stop
                0x000000008001feb8       0x14 /usr/local/xenon/usr/lib/libxenon.a(ohci.o)
 .text.ohci_ept_delete
                0x000000008001fecc      0x1fc /usr/local/xenon/usr/lib/libxenon.a(ohci.o)
 .text.ohci_start
                0x00000000800200c8      0x1a4 /usr/local/xenon/usr/lib/libxenon.a(ohci.o)
 .text.ohci_roothub_strdscr
                0x000000008002026c       0x6c /usr/local/xenon/usr/lib/libxenon.a(ohci.o)
 .text.ohci_intr
                0x00000000800202d8      0x20c /usr/local/xenon/usr/lib/libxenon.a(ohci.o)
 .text._ohci_dma_alloc
                0x00000000800204e4       0x50 /usr/local/xenon/usr/lib/libxenon.a(ohci.o)
 .text.ohci_create
                0x0000000080020534      0x2b4 /usr/local/xenon/usr/lib/libxenon.a(ohci.o)
 .text.ohci_xfer
                0x00000000800207e8      0x7e0 /usr/local/xenon/usr/lib/libxenon.a(ohci.o)
 .text.getstringmaybe
                0x0000000080020fc8       0x70 /usr/local/xenon/usr/lib/libxenon.a(usbdebug.o)
 .text.usb_dbg_dumpportstatus
                0x0000000080021038      0x27c /usr/local/xenon/usr/lib/libxenon.a(usbdebug.o)
                0x0000000080021038                usb_dbg_dumpportstatus
 .text.usb_dbg_dumpdescriptors
                0x00000000800212b4      0x680 /usr/local/xenon/usr/lib/libxenon.a(usbdebug.o)
                0x00000000800212b4                usb_dbg_dumpdescriptors
 .text.ehci_maligned
                0x0000000080021934       0x9c /usr/local/xenon/usr/lib/libxenon.a(usb_os.o)
                0x0000000080021934                ehci_maligned
 .text.ehci_virt_to_dma
                0x00000000800219d0        0x8 /usr/local/xenon/usr/lib/libxenon.a(usb_os.o)
                0x00000000800219d0                ehci_virt_to_dma
 .text.ehci_dma_map_to
                0x00000000800219d8       0x28 /usr/local/xenon/usr/lib/libxenon.a(usb_os.o)
                0x00000000800219d8                ehci_dma_map_to
 .text.ehci_dma_map_from
                0x0000000080021a00       0x28 /usr/local/xenon/usr/lib/libxenon.a(usb_os.o)
                0x0000000080021a00                ehci_dma_map_from
 .text.ehci_dma_map_bidir
                0x0000000080021a28       0x28 /usr/local/xenon/usr/lib/libxenon.a(usb_os.o)
                0x0000000080021a28                ehci_dma_map_bidir
 .text.ehci_dma_unmap_to
                0x0000000080021a50        0x8 /usr/local/xenon/usr/lib/libxenon.a(usb_os.o)
                0x0000000080021a50                ehci_dma_unmap_to
 .text.ehci_dma_unmap_from
                0x0000000080021a58        0x8 /usr/local/xenon/usr/lib/libxenon.a(usb_os.o)
                0x0000000080021a58                ehci_dma_unmap_from
 .text.ehci_dma_unmap_bidir
                0x0000000080021a60        0x8 /usr/local/xenon/usr/lib/libxenon.a(usb_os.o)
                0x0000000080021a60                ehci_dma_unmap_bidir
 .text.ehci_usleep
                0x0000000080021a68        0x4 /usr/local/xenon/usr/lib/libxenon.a(usb_os.o)
                0x0000000080021a68                ehci_usleep
 .text.ehci_msleep
                0x0000000080021a6c        0x4 /usr/local/xenon/usr/lib/libxenon.a(usb_os.o)
                0x0000000080021a6c                ehci_msleep
 .text.USB_Alloc
                0x0000000080021a70        0x4 /usr/local/xenon/usr/lib/libxenon.a(usb_os.o)
                0x0000000080021a70                USB_Alloc
 .text.USB_Free
                0x0000000080021a74        0x4 /usr/local/xenon/usr/lib/libxenon.a(usb_os.o)
                0x0000000080021a74                USB_Free
 .text.xenon_gpio_control