Archive member included because of file (symbol)

/usr/local/xenon/usr/lib/libxenon.a(argv.o)
                              /usr/local/xenon/lib/gcc/xenon/4.7.1/../../../../xenon/lib/../lib/crt1.o (__check_argv)
/usr/local/xenon/usr/lib/libxenon.a(startup_from_xell.o)
                              (_start)
/usr/local/xenon/usr/lib/libxenon.a(console.o)
                              kbootconf.o (console_color)
/usr/local/xenon/usr/lib/libxenon.a(ata.o)
                              main.o (xenon_ata_init)
/usr/local/xenon/usr/lib/libxenon.a(iso9660.o)
                              mount.o (ISO9660_Mount)
/usr/local/xenon/usr/lib/libxenon.a(input.o)
                              kbootconf.o (get_controller_data)
/usr/local/xenon/usr/lib/libxenon.a(newlib.o)
                              /usr/local/xenon/usr/lib/libxenon.a(console.o) (stdout_hook)
/usr/local/xenon/usr/lib/libxenon.a(xenon_syscalls.o)
                              /usr/local/xenon/usr/lib/libxenon.a(newlib.o) (__syscalls)
/usr/local/xenon/usr/lib/libxenon.a(atomic.o)
                              /usr/local/xenon/usr/lib/libxenon.a(startup_from_xell.o) (atomic_clearset)
/usr/local/xenon/usr/lib/libxenon.a(cache.o)
                              /usr/local/xenon/usr/lib/libxenon.a(ata.o) (memdcbt)
/usr/local/xenon/usr/lib/libxenon.a(except.o)
                              /usr/local/xenon/usr/lib/libxenon.a(startup_from_xell.o) (secondary_lock)
/usr/local/xenon/usr/lib/libxenon.a(c_except.o)
                              /usr/local/xenon/usr/lib/libxenon.a(except.o) (crashdump)
/usr/local/xenon/usr/lib/libxenon.a(vm.o)
                              /usr/local/xenon/usr/lib/libxenon.a(except.o) (vm_segfault_handler)
/usr/local/xenon/usr/lib/libxenon.a(time.o)
                              /usr/local/xenon/usr/lib/libxenon.a(ata.o) (mdelay)
/usr/local/xenon/usr/lib/libxenon.a(usbctrl.o)
                              /usr/local/xenon/usr/lib/libxenon.a(input.o) (usbctrl_set_rumble)
/usr/local/xenon/usr/lib/libxenon.a(usbd.o)
                              /usr/local/xenon/usr/lib/libxenon.a(usbctrl.o) (usb_open_pipe)
/usr/local/xenon/usr/lib/libxenon.a(usbdevs.o)
                              /usr/local/xenon/usr/lib/libxenon.a(usbd.o) (usb_find_driver)
/usr/local/xenon/usr/lib/libxenon.a(usbhid.o)
                              /usr/local/xenon/usr/lib/libxenon.a(usbdevs.o) (usbhid_driver)
/usr/local/xenon/usr/lib/libxenon.a(usbhub.o)
                              /usr/local/xenon/usr/lib/libxenon.a(usbd.o) (usb_scan)
/usr/local/xenon/usr/lib/libxenon.a(usbmain.o)
                              /usr/local/xenon/usr/lib/libxenon.a(xenon_syscalls.o) (usb_shutdown)
/usr/local/xenon/usr/lib/libxenon.a(tinyehci.o)
                              /usr/local/xenon/usr/lib/libxenon.a(usbmain.o) (USBStorage_Init)
/usr/local/xenon/usr/lib/libxenon.a(debug.o)
                              /usr/local/xenon/usr/lib/libxenon.a(xenon_syscalls.o) (data_breakpoint)
/usr/local/xenon/usr/lib/libxenon.a(xenon_smc.o)
                              /usr/local/xenon/usr/lib/libxenon.a(xenon_syscalls.o) (xenon_smc_send_message)
/usr/local/xenon/usr/lib/libxenon.a(xenon_power.o)
                              main.o (xenon_run_thread_task)
/usr/local/xenon/usr/lib/libxenon.a(xenon_secotp.o)
                              main.o (xenon_secotp_read_line)
/usr/local/xenon/usr/lib/libxenon.a(sound.o)
                              main.o (xenon_sound_init)
/usr/local/xenon/usr/lib/libxenon.a(xenon_uart.o)
                              /usr/local/xenon/usr/lib/libxenon.a(newlib.o) (putch)
/usr/local/xenon/usr/lib/libxenon.a(xenon_sfcx.o)
                              httpd_flash.o (sfcx_read_page)
/usr/local/xenon/usr/lib/libxenon.a(xenon_config.o)
                              main.o (xenon_config_init)
/usr/local/xenon/usr/lib/libxenon.a(xenos.o)
                              main.o (xenos_init)
/usr/local/xenon/usr/lib/libxenon.a(xenos_edid.o)
                              /usr/local/xenon/usr/lib/libxenon.a(xenos.o) (xenos_get_edid)
/usr/local/xenon/usr/lib/libxenon.a(mem.o)
                              httpd.o (mem_free)
/usr/local/xenon/usr/lib/libxenon.a(netif.o)
                              kbootconf.o (netif_set_ipaddr)
/usr/local/xenon/usr/lib/libxenon.a(pbuf.o)
                              tftp.o (pbuf_free)
/usr/local/xenon/usr/lib/libxenon.a(stats.o)
                              /usr/local/xenon/usr/lib/libxenon.a(mem.o) (lwip_stats)
/usr/local/xenon/usr/lib/libxenon.a(tcp.o)
                              httpd.o (tcp_bind)
/usr/local/xenon/usr/lib/libxenon.a(ip_addr.o)
                              tftp.o (ipaddr_aton)
/usr/local/xenon/usr/lib/libxenon.a(ip.o)
                              /usr/local/xenon/usr/lib/libxenon.a(tcp.o) (ip_route)
/usr/local/xenon/usr/lib/libxenon.a(ip_frag.o)
                              /usr/local/xenon/usr/lib/libxenon.a(ip.o) (ip_reass)
/usr/local/xenon/usr/lib/libxenon.a(tcp_out.o)
                              httpd.o (tcp_write)
[...]
Memory Configuration

Name             Origin             Length             Attributes
*default*        0x0000000000000000 0xffffffffffffffff

Linker script and memory map

LOAD /usr/local/xenon/lib/gcc/xenon/4.7.1/../../../../xenon/lib/../lib/crt1.o
LOAD /usr/local/xenon/lib/gcc/xenon/4.7.1/../../../../xenon/lib/../lib/crti.o
LOAD /usr/local/xenon/lib/gcc/xenon/4.7.1/32/crtbegin.o
LOAD file.o
LOAD log.o
LOAD main.o
LOAD mount.o
LOAD tftp.o
LOAD httpd.o
LOAD httpd_flash.o
LOAD httpd_fuse.o
LOAD httpd_index.o
LOAD httpd_keyvault.o
LOAD kbootconf.o
LOAD puff.o
LOAD device_tree_include.o
LOAD /usr/local/xenon/usr/lib/libxenon.a
LOAD /usr/local/xenon/usr/lib/libfat.a
LOAD /usr/local/xenon/usr/lib/libext2fs.a
LOAD /usr/local/xenon/usr/lib/libntfs.a
LOAD /usr/local/xenon/usr/lib/libxtaf.a
LOAD /usr/local/xenon/xenon/lib/32/libm.a
LOAD /usr/local/xenon/lib/gcc/xenon/4.7.1/32/libgcc.a
LOAD /usr/local/xenon/xenon/lib/32/libc.a
LOAD /usr/local/xenon/lib/gcc/xenon/4.7.1/32/libgcc.a
LOAD /usr/local/xenon/lib/gcc/xenon/4.7.1/32/crtend.o
LOAD /usr/local/xenon/lib/gcc/xenon/4.7.1/../../../../xenon/lib/../lib/crtn.o
                0x0000000080000000                . = 0x80000000

.text           0x0000000080000000    0x5cbf0
 *(.except*)
 .except        0x0000000080000000     0x1e30 /usr/local/xenon/usr/lib/libxenon.a(except.o)
                0x0000000080000000                secondary_lock
                0x0000000080000000                exc_base
                0x0000000080000004                secondary_alive
 *(.pagetable)
 .pagetable     0x0000000080001e30       0x40 /usr/local/xenon/usr/lib/libxenon.a(vm.o)
                0x0000000080001e30                pagetable
                0x0000000080001e70                pagetable_end = .
 *(.init*)
 *(.fini*)
 *(.text*)
 .text.call_ctors
                0x0000000080001e70       0x48 /usr/local/xenon/lib/gcc/xenon/4.7.1/../../../../xenon/lib/../lib/crt1.o
                0x0000000080001e70                call_ctors
 .text.c_register_frame
                0x0000000080001eb8        0xc /usr/local/xenon/lib/gcc/xenon/4.7.1/../../../../xenon/lib/../lib/crt1.o
                0x0000000080001eb8                c_register_frame
 .text.__crtmain
                0x0000000080001ec4       0x2c /usr/local/xenon/lib/gcc/xenon/4.7.1/../../../../xenon/lib/../lib/crt1.o
                0x0000000080001ec4                __crtmain
 .text.wait_and_cleanup_line
                0x0000000080001ef0       0x74 file.o
                0x0000000080001ef0                wait_and_cleanup_line
 .text.launch_file
                0x0000000080001f64      0x170 file.o
                0x0000000080001f64                launch_file
 .text.try_load_file
                0x00000000800020d4      0x12c file.o
                0x00000000800020d4                try_load_file
 .text.fileloop
                0x0000000080002200       0xf0 file.o
                0x0000000080002200                fileloop
 .text.tftp_loop
                0x00000000800022f0      0x124 file.o
                0x00000000800022f0                tftp_loop
 .text.log_hook
                0x0000000080002414       0x60 log.o
 .text.LogInit  0x0000000080002474       0x7c log.o
                0x0000000080002474                LogInit
 .text.LogDeInit
                0x00000000800024f0       0x10 log.o
                0x00000000800024f0                LogDeInit
 .text.reset_timebase_task
                0x0000000080002500       0x14 main.o
                0x0000000080002500                reset_timebase_task
 .text.do_asciiart
                0x0000000080002514       0x4c main.o
                0x0000000080002514                do_asciiart
 .text.dumpana  0x0000000080002560       0x74 main.o
                0x0000000080002560                dumpana
 .text.synchronize_timebases
                0x00000000800025d4       0xa0 main.o
                0x00000000800025d4                synchronize_timebases
 .text.startup.main
                0x0000000080002674      0x240 main.o
                0x0000000080002674                main
 .text.AddPartition
                0x00000000800028b4      0x2ec mount.o
 .text.FindPartitions
                0x0000000080002ba0      0x470 mount.o
 .text.mount_usb
                0x0000000080003010       0x30 mount.o
                0x0000000080003010                mount_usb
 .text.mount_all_devices
                0x0000000080003040       0xac mount.o
                0x0000000080003040                mount_all_devices
 .text.mftb     0x00000000800030ec       0x1c tftp.o
 .text.send_ack
                0x0000000080003108       0xa4 tftp.o
                0x0000000080003108                send_ack
 .text.tftp_recv
                0x00000000800031ac      0x318 tftp.o
 .text.do_tftp  0x00000000800034c4      0x420 tftp.o
                0x00000000800034c4                do_tftp
 .text.boot_tftp
                0x00000000800038e4       0xf0 tftp.o
                0x00000000800038e4                boot_tftp
 .text.boot_server_name
                0x00000000800039d4       0x94 tftp.o
                0x00000000800039d4                boot_server_name
 .text.boot_file_name
                0x0000000080003a68        0xc tftp.o
                0x0000000080003a68                boot_file_name
 .text.response_static_finish
                0x0000000080003a74        0xc httpd.o
 .text.response_mem_finish
                0x0000000080003a80        0xc httpd.o
 .text.conn_err
                0x0000000080003a8c        0x4 httpd.o
 .text.close_conn
                0x0000000080003a90       0x8c httpd.o
 .text.response_static_process_request.isra.1
                0x0000000080003b1c       0x54 httpd.o
 .text.response_err404_process_request
                0x0000000080003b70       0x3c httpd.o
 .text.response_err400_process_request
                0x0000000080003bac       0x4c httpd.o
 .text.response_log_process_request
                0x0000000080003bf8       0xc8 httpd.o
 .text.response_mem_process_request
                0x0000000080003cc0       0xa0 httpd.o
 .text.response_shutdown_process_request
                0x0000000080003d60       0xa4 httpd.o
 .text.response_reboot_process_request
                0x0000000080003e04       0xa4 httpd.o
 .text.httpd_init
                0x0000000080003ea8       0x34 httpd.o
                0x0000000080003ea8                httpd_init
 .text.http_accept
                0x0000000080003edc       0xec httpd.o
 .text.httpd_available_sendbuffer
                0x0000000080003fc8       0x30 httpd.o
                0x0000000080003fc8                httpd_available_sendbuffer
 .text.httpd_put_sendbuffer
                0x0000000080003ff8       0xa4 httpd.o
                0x0000000080003ff8                httpd_put_sendbuffer
 .text.response_static_do_data
                0x000000008000409c       0x9c httpd.o
 .text.response_mem_do_data
                0x0000000080004138       0xa8 httpd.o
 .text.httpd_put_sendbuffer_string
                0x00000000800041e0       0x44 httpd.o
                0x00000000800041e0                httpd_put_sendbuffer_string
 .text.httpd_get_descr
                0x0000000080004224       0x50 httpd.o
                0x0000000080004224                httpd_get_descr
 .text.httpd_start_response
                0x0000000080004274       0x2c httpd.o
                0x0000000080004274                httpd_start_response
 .text.httpd_do_std_header
                0x00000000800042a0       0x90 httpd.o
                0x00000000800042a0                httpd_do_std_header
 .text.response_mem_do_header
                0x0000000080004330      0x110 httpd.o
 .text.httpd_handle_server
                0x0000000080004440      0x1c0 httpd.o
 .text.send_data
                0x0000000080004600       0xec httpd.o
 .text.http_poll
                0x00000000800046ec       0x88 httpd.o
 .text.http_sent
                0x0000000080004774       0x60 httpd.o
 .text.httpd_receive
                0x00000000800047d4      0x2e0 httpd.o
                0x00000000800047d4                httpd_receive
 .text.http_recv
                0x0000000080004ab4       0x94 httpd.o
 .text.httpd_start
                0x0000000080004b48       0x5c httpd.o
                0x0000000080004b48                httpd_start
 .text.response_flash_process_request
                0x0000000080004ba4       0xd8 httpd_flash.o
                0x0000000080004ba4                response_flash_process_request
 .text.response_flash_do_header
                0x0000000080004c7c      0x168 httpd_flash.o
                0x0000000080004c7c                response_flash_do_header
 .text.response_flash_do_data
                0x0000000080004de4      0x160 httpd_flash.o
                0x0000000080004de4                response_flash_do_data
 .text.response_flash_finish
                0x0000000080004f44        0xc httpd_flash.o
                0x0000000080004f44                response_flash_finish
 .text.fuse_strcat
                0x0000000080004f50       0x34 httpd_fuse.o
                0x0000000080004f50                fuse_strcat
 .text.response_fuse_process_request
                0x0000000080004f84      0x20c httpd_fuse.o
                0x0000000080004f84                response_fuse_process_request
 .text.response_fuse_do_header
                0x0000000080005190      0x140 httpd_fuse.o
                0x0000000080005190                response_fuse_do_header
 .text.response_fuse_do_data
                0x00000000800052d0       0xb8 httpd_fuse.o
                0x00000000800052d0                response_fuse_do_data
 .text.response_fuse_finish
                0x0000000080005388       0x3c httpd_fuse.o
                0x0000000080005388                response_fuse_finish
 .text.response_index_process_request
                0x00000000800053c4      0x128 httpd_index.o
                0x00000000800053c4                response_index_process_request
 .text.response_index_do_header
                0x00000000800054ec       0xf8 httpd_index.o
                0x00000000800054ec                response_index_do_header
 .text.response_index_do_data
                0x00000000800055e4      0x144 httpd_index.o
                0x00000000800055e4                response_index_do_data
 .text.response_index_finish
                0x0000000080005728        0xc httpd_index.o
                0x0000000080005728                response_index_finish
 .text.response_keyvault_process_request
                0x0000000080005734      0x2e0 httpd_keyvault.o
                0x0000000080005734                response_keyvault_process_request
 .text.response_keyvault_do_header
                0x0000000080005a14      0x154 httpd_keyvault.o
                0x0000000080005a14                response_keyvault_do_header
 .text.response_keyvault_do_data
                0x0000000080005b68       0xbc httpd_keyvault.o
                0x0000000080005b68                response_keyvault_do_data
 .text.response_keyvault_finish
                0x0000000080005c24       0x44 httpd_keyvault.o
                0x0000000080005c24                response_keyvault_finish
 .text.strip    0x0000000080005c68       0x6c kbootconf.o
                0x0000000080005c68                strip
 .text.split    0x0000000080005cd4       0x6c kbootconf.o
                0x0000000080005cd4                split
 .text.kboot_loadfile
                0x0000000080005d40       0x70 kbootconf.o
                0x0000000080005d40                kboot_loadfile
 .text.kboot_set_config
                0x0000000080005db0      0x1d0 kbootconf.o
                0x0000000080005db0                kboot_set_config
 .text.kbootconf_parse
                0x0000000080005f80      0x690 kbootconf.o
                0x0000000080005f80                kbootconf_parse
 .text.user_prompt
                0x0000000080006610      0x2d4 kbootconf.o
                0x0000000080006610                user_prompt
 .text.try_kbootconf
                0x00000000800068e4      0x2cc kbootconf.o
                0x00000000800068e4                try_kbootconf
 .text.construct
                0x0000000080006bb0      0x140 puff.o
 .text.decode   0x0000000080006cf0      0x100 puff.o
 .text.bits     0x0000000080006df0       0x80 puff.o
 .text.codes    0x0000000080006e70      0x17c puff.o
 .text.puff     0x0000000080006fec      0x580 puff.o
                0x0000000080006fec                puff
 .text.__check_argv
                0x000000008000756c       0x28 /usr/local/xenon/usr/lib/libxenon.a(argv.o)
                0x000000008000756c                __check_argv
 *fill*         0x0000000080007594       0x6c 00
 .text          0x0000000080007600      0x2f4 /usr/local/xenon/usr/lib/libxenon.a(startup_from_xell.o)
                0x0000000080007600                _start
                0x00000000800077f8                wait
                0x0000000080007880                return_to_xell
 .text.console_pset32
                0x00000000800078f4       0x54 /usr/local/xenon/usr/lib/libxenon.a(console.o)
 .text.console_clrscr
                0x0000000080007948       0x7c /usr/local/xenon/usr/lib/libxenon.a(console.o)
                0x0000000080007948                console_clrscr
 .text.console_clrline
                0x00000000800079c4       0x70 /usr/local/xenon/usr/lib/libxenon.a(console.o)
                0x00000000800079c4                console_clrline
 .text.console_newline
                0x0000000080007a34       0xe8 /usr/local/xenon/usr/lib/libxenon.a(console.o)
                0x0000000080007a34                console_newline
 .text.console_putch
                0x0000000080007b1c      0x15c /usr/local/xenon/usr/lib/libxenon.a(console.o)
                0x0000000080007b1c                console_putch
 .text.console_stdout_hook
                0x0000000080007c78       0x4c /usr/local/xenon/usr/lib/libxenon.a(console.o)
 .text.console_init
                0x0000000080007cc4      0x14c /usr/local/xenon/usr/lib/libxenon.a(console.o)
                0x0000000080007cc4                console_init
 .text.console_set_colors
                0x0000000080007e10       0x14 /usr/local/xenon/usr/lib/libxenon.a(console.o)
                0x0000000080007e10                console_set_colors
 .text.xenon_ata_wait_ready
                0x0000000080007e24       0x1c /usr/local/xenon/usr/lib/libxenon.a(ata.o)
 .text.xenon_ata_pio_write
                0x0000000080007e40       0x64 /usr/local/xenon/usr/lib/libxenon.a(ata.o)
 .text.xenon_atapi_packet
                0x0000000080007ea4       0x84 /usr/local/xenon/usr/lib/libxenon.a(ata.o)
 .text.atapi_inserted
                0x0000000080007f28       0x18 /usr/local/xenon/usr/lib/libxenon.a(ata.o)
 .text.ata_startup
                0x0000000080007f40        0x8 /usr/local/xenon/usr/lib/libxenon.a(ata.o)
 .text.ata_inserted
                0x0000000080007f48       0x18 /usr/local/xenon/usr/lib/libxenon.a(ata.o)
 .text.ata_clearstatus
                0x0000000080007f60        0x8 /usr/local/xenon/usr/lib/libxenon.a(ata.o)
 .text.ata_shutdown
                0x0000000080007f68        0x8 /usr/local/xenon/usr/lib/libxenon.a(ata.o)
 .text.ata_sectors
                0x0000000080007f70        0xc /usr/local/xenon/usr/lib/libxenon.a(ata.o)
 .text.atapi_sectors
                0x0000000080007f7c        0xc /usr/local/xenon/usr/lib/libxenon.a(ata.o)
 .text.xenon_ata_dma_read
                0x0000000080007f88      0x1a8 /usr/local/xenon/usr/lib/libxenon.a(ata.o)
 .text.xenon_ata_setlba.constprop.9
                0x0000000080008130       0x38 /usr/local/xenon/usr/lib/libxenon.a(ata.o)
 .text.xenon_ata_setaddress.constprop.8
                0x0000000080008168      0x160 /usr/local/xenon/usr/lib/libxenon.a(ata.o)
 .text.ata_readsectors
                0x00000000800082c8       0x84 /usr/local/xenon/usr/lib/libxenon.a(ata.o)
 .text.ata_writesectors
                0x000000008000834c       0x94 /usr/local/xenon/usr/lib/libxenon.a(ata.o)
 .text.xenon_ata_pio_read
                0x00000000800083e0       0xcc /usr/local/xenon/usr/lib/libxenon.a(ata.o)
 .text.xenon_ata_identify
                0x00000000800084ac      0x2a0 /usr/local/xenon/usr/lib/libxenon.a(ata.o)
 .text.xenon_atapi_request_sense
                0x000000008000874c       0xa4 /usr/local/xenon/usr/lib/libxenon.a(ata.o)
                0x000000008000874c                xenon_atapi_request_sense
 .text.atapi_readsectors
                0x00000000800087f0       0xe8 /usr/local/xenon/usr/lib/libxenon.a(ata.o)
 .text.xenon_ata_init1
                0x00000000800088d8      0x108 /usr/local/xenon/usr/lib/libxenon.a(ata.o)
                0x00000000800088d8                xenon_ata_init1
 .text.xenon_ata_init
                0x00000000800089e0       0xa8 /usr/local/xenon/usr/lib/libxenon.a(ata.o)
                0x00000000800089e0                xenon_ata_init
 .text.htohl_32
                0x0000000080008a88       0x2c /usr/local/xenon/usr/lib/libxenon.a(iso9660.o)
 .text.bgrad_cache
                0x0000000080008ab4       0x48 /usr/local/xenon/usr/lib/libxenon.a(iso9660.o)
 .text._ISO9660_seek_r
                0x0000000080008afc       0x9c /usr/local/xenon/usr/lib/libxenon.a(iso9660.o)
 .text._ISO9660_chdir_r
                0x0000000080008b98        0x8 /usr/local/xenon/usr/lib/libxenon.a(iso9660.o)
 .text._ISO9660_diropen_r
                0x0000000080008ba0        0x8 /usr/local/xenon/usr/lib/libxenon.a(iso9660.o)
 .text._ISO9660_dirreset_r
                0x0000000080008ba8        0x8 /usr/local/xenon/usr/lib/libxenon.a(iso9660.o)
 .text._ISO9660_dirnext_r
                0x0000000080008bb0        0x8 /usr/local/xenon/usr/lib/libxenon.a(iso9660.o)
 .text._ISO9660_dirclose_r
                0x0000000080008bb8        0x8 /usr/local/xenon/usr/lib/libxenon.a(iso9660.o)
 .text._ISO9660_statvfs_r
                0x0000000080008bc0       0x3c /usr/local/xenon/usr/lib/libxenon.a(iso9660.o)
 .text.bclear_cache
                0x0000000080008bfc       0x60 /usr/local/xenon/usr/lib/libxenon.a(iso9660.o)
 .text.check_dev_name.constprop.1
                0x0000000080008c5c       0x7c /usr/local/xenon/usr/lib/libxenon.a(iso9660.o)
 .text._ISO9660_close_r
                0x0000000080008cd8       0x28 /usr/local/xenon/usr/lib/libxenon.a(iso9660.o)
 .text._ISO9660_fstat_r
                0x0000000080008d00       0x64 /usr/local/xenon/usr/lib/libxenon.a(iso9660.o)
 .text.iso_reset
                0x0000000080008d64       0x84 /usr/local/xenon/usr/lib/libxenon.a(iso9660.o)
                0x0000000080008d64                iso_reset
 .text.bread_cache
                0x0000000080008de8       0xd8 /usr/local/xenon/usr/lib/libxenon.a(iso9660.o)
 .text._ISO9660_read_r
                0x0000000080008ec0      0x160 /usr/local/xenon/usr/lib/libxenon.a(iso9660.o)
 .text.find_object
                0x0000000080009020      0x3a0 /usr/local/xenon/usr/lib/libxenon.a(iso9660.o)
 .text.iso_open
                0x00000000800093c0      0x370 /usr/local/xenon/usr/lib/libxenon.a(iso9660.o)
 .text._ISO9660_stat_r
                0x0000000080009730       0xa4 /usr/local/xenon/usr/lib/libxenon.a(iso9660.o)
 .text._ISO9660_open_r
                0x00000000800097d4       0x34 /usr/local/xenon/usr/lib/libxenon.a(iso9660.o)
 .text.fs_iso9660_init
                0x0000000080009808       0xbc /usr/local/xenon/usr/lib/libxenon.a(iso9660.o)
                0x0000000080009808                fs_iso9660_init
 .text.ISO9660_Mount
                0x00000000800098c4      0x100 /usr/local/xenon/usr/lib/libxenon.a(iso9660.o)
                0x00000000800098c4                ISO9660_Mount
 .text.ISO9660_GetVolumeLabel
                0x00000000800099c4       0x38 /usr/local/xenon/usr/lib/libxenon.a(iso9660.o)
                0x00000000800099c4                ISO9660_GetVolumeLabel
 .text.get_controller_data
                0x00000000800099fc       0x60 /usr/local/xenon/usr/lib/libxenon.a(input.o)
                0x00000000800099fc                get_controller_data
 .text.set_controller_data
                0x0000000080009a5c       0x54 /usr/local/xenon/usr/lib/libxenon.a(input.o)
                0x0000000080009a5c                set_controller_data
 .text.vfs_console_write
                0x0000000080009ab0       0x90 /usr/local/xenon/usr/lib/libxenon.a(newlib.o)
                0x0000000080009ab0                vfs_console_write
 .text.__malloc_lock
                0x0000000080009b40       0x18 /usr/local/xenon/usr/lib/libxenon.a(newlib.o)
                0x0000000080009b40                __malloc_lock
 .text.__malloc_unlock
                0x0000000080009b58       0x18 /usr/local/xenon/usr/lib/libxenon.a(newlib.o)
                0x0000000080009b58                __malloc_unlock
 .text._exit    0x0000000080009b70       0x28 /usr/local/xenon/usr/lib/libxenon.a(newlib.o)
                0x0000000080009b70                _exit
 .text.sbrk     0x0000000080009b98       0x34 /usr/local/xenon/usr/lib/libxenon.a(newlib.o)
                0x0000000080009b98                sbrk
 .text.abort    0x0000000080009bcc       0x2c /usr/local/xenon/usr/lib/libxenon.a(newlib.o)
                0x0000000080009bcc                abort
 .text.execve   0x0000000080009bf8       0x18 /usr/local/xenon/usr/lib/libxenon.a(newlib.o)
                0x0000000080009bf8                execve
 .text.fork     0x0000000080009c10       0x18 /usr/local/xenon/usr/lib/libxenon.a(newlib.o)
                0x0000000080009c10                fork
 .text.getpid   0x0000000080009c28       0x18 /usr/local/xenon/usr/lib/libxenon.a(newlib.o)
                0x0000000080009c28                getpid
 .text.gettimeofday
                0x0000000080009c40       0x3c /usr/local/xenon/usr/lib/libxenon.a(newlib.o)
                0x0000000080009c40                gettimeofday
 .text.isatty   0x0000000080009c7c        0x8 /usr/local/xenon/usr/lib/libxenon.a(newlib.o)
                0x0000000080009c7c                isatty
 .text.__release_handle
                0x0000000080009c84       0x4c /usr/local/xenon/usr/lib/libxenon.a(newlib.o)
                0x0000000080009c84                __release_handle
 .text.__alloc_handle
                0x0000000080009cd0       0x68 /usr/local/xenon/usr/lib/libxenon.a(newlib.o)
                0x0000000080009cd0                __alloc_handle
 .text.__get_handle
                0x0000000080009d38       0x28 /usr/local/xenon/usr/lib/libxenon.a(newlib.o)
                0x0000000080009d38                __get_handle
 .text.setDefaultDevice
                0x0000000080009d60       0x18 /usr/local/xenon/usr/lib/libxenon.a(newlib.o)
                0x0000000080009d60                setDefaultDevice
 .text.FindDevice
                0x0000000080009d78       0xd0 /usr/local/xenon/usr/lib/libxenon.a(newlib.o)
                0x0000000080009d78                FindDevice
 .text.RemoveDevice
                0x0000000080009e48       0x4c /usr/local/xenon/usr/lib/libxenon.a(newlib.o)
                0x0000000080009e48                RemoveDevice
 .text.AddDevice
                0x0000000080009e94       0xb0 /usr/local/xenon/usr/lib/libxenon.a(newlib.o)
                0x0000000080009e94                AddDevice
 .text.GetDeviceOpTab
                0x0000000080009f44       0x40 /usr/local/xenon/usr/lib/libxenon.a(newlib.o)
                0x0000000080009f44                GetDeviceOpTab
 .text.open     0x0000000080009f84       0xd4 /usr/local/xenon/usr/lib/libxenon.a(newlib.o)
                0x0000000080009f84                open
 .text.read     0x000000008000a058       0xa4 /usr/local/xenon/usr/lib/libxenon.a(newlib.o)
                0x000000008000a058                read
 .text.write    0x000000008000a0fc       0xb0 /usr/local/xenon/usr/lib/libxenon.a(newlib.o)
                0x000000008000a0fc                write
 .text.fstat    0x000000008000a1ac       0xa0 /usr/local/xenon/usr/lib/libxenon.a(newlib.o)
                0x000000008000a1ac                fstat
 .text.stat     0x000000008000a24c       0x8c /usr/local/xenon/usr/lib/libxenon.a(newlib.o)
                0x000000008000a24c                stat
 .text.lseek    0x000000008000a2d8       0xa4 /usr/local/xenon/usr/lib/libxenon.a(newlib.o)
                0x000000008000a2d8                lseek
 .text.close    0x000000008000a37c       0x88 /usr/local/xenon/usr/lib/libxenon.a(newlib.o)
                0x000000008000a37c                close
 .text._concatenate_path
                0x000000008000a404      0x1b4 /usr/local/xenon/usr/lib/libxenon.a(newlib.o)
                0x000000008000a404                _concatenate_path
 .text.chdir    0x000000008000a5b8      0x138 /usr/local/xenon/usr/lib/libxenon.a(newlib.o)
                0x000000008000a5b8                chdir
 .text.xenon_sbrk
                0x000000008000a6f0       0x2c /usr/local/xenon/usr/lib/libxenon.a(xenon_syscalls.o)
 .text.xenon_gettimeofday
                0x000000008000a71c       0xa4 /usr/local/xenon/usr/lib/libxenon.a(xenon_syscalls.o)
 .text.xenon_malloc_unlock
                0x000000008000a7c0       0xc8 /usr/local/xenon/usr/lib/libxenon.a(xenon_syscalls.o)
 .text.xenon_malloc_lock
                0x000000008000a888       0xf4 /usr/local/xenon/usr/lib/libxenon.a(xenon_syscalls.o)
 .text.shutdown_drivers
                0x000000008000a97c       0x30 /usr/local/xenon/usr/lib/libxenon.a(xenon_syscalls.o)
                0x000000008000a97c                shutdown_drivers
 .text.try_return_to_xell
                0x000000008000a9ac       0x64 /usr/local/xenon/usr/lib/libxenon.a(xenon_syscalls.o)
                0x000000008000a9ac                try_return_to_xell
 .text.xenon_exit
                0x000000008000aa10      0x154 /usr/local/xenon/usr/lib/libxenon.a(xenon_syscalls.o)
 .text          0x000000008000ab64       0x94 /usr/local/xenon/usr/lib/libxenon.a(atomic.o)
                0x000000008000ab64                atomic_inc
                0x000000008000ab78                atomic_dec
                0x000000008000ab8c                atomic_clearset
                0x000000008000aba4                lock
                0x000000008000abe0                unlock
 .text          0x000000008000abf8       0xa8 /usr/local/xenon/usr/lib/libxenon.a(cache.o)
                0x000000008000abf8                memdcbt
                0x000000008000ac20                memdcbst
                0x000000008000ac48                memdcbf
                0x000000008000ac70                memicbi
 .text.flush_console
                0x000000008000aca0       0x4c /usr/local/xenon/usr/lib/libxenon.a(c_except.o)
 .text.crashdump
                0x000000008000acec      0x2f4 /usr/local/xenon/usr/lib/libxenon.a(c_except.o)
                0x000000008000acec                crashdump
 .text.tdelay   0x000000008000afe0       0x48 /usr/local/xenon/usr/lib/libxenon.a(time.o)
 .text.udelay   0x000000008000b028       0x24 /usr/local/xenon/usr/lib/libxenon.a(time.o)
                0x000000008000b028                udelay
 .text.mdelay   0x000000008000b04c       0x18 /usr/local/xenon/usr/lib/libxenon.a(time.o)
                0x000000008000b04c                mdelay
 .text.delay    0x000000008000b064       0x18 /usr/local/xenon/usr/lib/libxenon.a(time.o)
                0x000000008000b064                delay
 .text.usbctrl_queue_intreq
                0x000000008000b07c       0x50 /usr/local/xenon/usr/lib/libxenon.a(usbctrl.o)
 .text.usbctrl_set_led_callback
                0x000000008000b0cc       0x3c /usr/local/xenon/usr/lib/libxenon.a(usbctrl.o)
 .text.usbctrl_set_rol
                0x000000008000b108       0x2c /usr/local/xenon/usr/lib/libxenon.a(usbctrl.o)
                0x000000008000b108                usbctrl_set_rol
 .text.usbctrl_detach
                0x000000008000b134       0x8c /usr/local/xenon/usr/lib/libxenon.a(usbctrl.o)
 .text.usbctrl_set_leds
                0x000000008000b1c0      0x12c /usr/local/xenon/usr/lib/libxenon.a(usbctrl.o)
                0x000000008000b1c0                usbctrl_set_leds
 .text.usbctrl_ireq_callback
                0x000000008000b2ec      0x268 /usr/local/xenon/usr/lib/libxenon.a(usbctrl.o)
 .text.usbctrl_poll
                0x000000008000b554       0xb0 /usr/local/xenon/usr/lib/libxenon.a(usbctrl.o)
                0x000000008000b554                usbctrl_poll
 .text.usbctrl_attach
                0x000000008000b604      0x340 /usr/local/xenon/usr/lib/libxenon.a(usbctrl.o)
 .text.usb_create_pipe
                0x000000008000b944       0xd8 /usr/local/xenon/usr/lib/libxenon.a(usbd.o)
                0x000000008000b944                usb_create_pipe
 .text.usb_open_pipe
                0x000000008000ba1c       0x84 /usr/local/xenon/usr/lib/libxenon.a(usbd.o)
                0x000000008000ba1c                usb_open_pipe
 .text.usb_destroy_all_pipes
                0x000000008000baa0       0x74 /usr/local/xenon/usr/lib/libxenon.a(usbd.o)
                0x000000008000baa0                usb_destroy_all_pipes
 .text.usb_destroy_device
                0x000000008000bb14       0x54 /usr/local/xenon/usr/lib/libxenon.a(usbd.o)
                0x000000008000bb14                usb_destroy_device
 .text.usb_create_device
                0x000000008000bb68       0x80 /usr/local/xenon/usr/lib/libxenon.a(usbd.o)
                0x000000008000bb68                usb_create_device
 .text.usb_make_request
                0x000000008000bbe8       0x90 /usr/local/xenon/usr/lib/libxenon.a(usbd.o)
                0x000000008000bbe8                usb_make_request
 .text.usb_poll
                0x000000008000bc78       0x10 /usr/local/xenon/usr/lib/libxenon.a(usbd.o)
                0x000000008000bc78                usb_poll
 .text.usb_daemon
                0x000000008000bc88       0x1c /usr/local/xenon/usr/lib/libxenon.a(usbd.o)
                0x000000008000bc88                usb_daemon
 .text.usb_free_request
                0x000000008000bca4       0x28 /usr/local/xenon/usr/lib/libxenon.a(usbd.o)
                0x000000008000bca4                usb_free_request
 .text.usb_delay_ms
                0x000000008000bccc        0x8 /usr/local/xenon/usr/lib/libxenon.a(usbd.o)
                0x000000008000bccc                usb_delay_ms
 .text.usb_queue_request
                0x000000008000bcd4       0x34 /usr/local/xenon/usr/lib/libxenon.a(usbd.o)
                0x000000008000bcd4                usb_queue_request
 .text.usb_wait_request
                0x000000008000bd08       0x40 /usr/local/xenon/usr/lib/libxenon.a(usbd.o)
                0x000000008000bd08                usb_wait_request
 .text.usb_sync_request
                0x000000008000bd48       0x34 /usr/local/xenon/usr/lib/libxenon.a(usbd.o)
                0x000000008000bd48                usb_sync_request
 .text.usb_new_address
                0x000000008000bd7c       0x34 /usr/local/xenon/usr/lib/libxenon.a(usbd.o)
                0x000000008000bd7c                usb_new_address
 .text.usb_set_ep0mps
                0x000000008000bdb0       0x58 /usr/local/xenon/usr/lib/libxenon.a(usbd.o)
                0x000000008000bdb0                usb_set_ep0mps
 .text.usb_clear_stall
                0x000000008000be08      0x100 /usr/local/xenon/usr/lib/libxenon.a(usbd.o)
                0x000000008000be08                usb_clear_stall
 .text.usb_std_request
                0x000000008000bf08      0x234 /usr/local/xenon/usr/lib/libxenon.a(usbd.o)
                0x000000008000bf08                usb_std_request
 .text.usb_simple_request
                0x000000008000c13c       0x18 /usr/local/xenon/usr/lib/libxenon.a(usbd.o)
                0x000000008000c13c                usb_simple_request
 .text.usb_set_address
                0x000000008000c154       0x9c /usr/local/xenon/usr/lib/libxenon.a(usbd.o)
                0x000000008000c154                usb_set_address
 .text.usb_set_configuration
                0x000000008000c1f0       0x14 /usr/local/xenon/usr/lib/libxenon.a(usbd.o)
                0x000000008000c1f0                usb_set_configuration
 .text.usb_get_descriptor
                0x000000008000c204       0x24 /usr/local/xenon/usr/lib/libxenon.a(usbd.o)
                0x000000008000c204                usb_get_descriptor
 .text.usb_get_string
                0x000000008000c228      0x100 /usr/local/xenon/usr/lib/libxenon.a(usbd.o)
                0x000000008000c228                usb_get_string
 .text.usb_get_device_descriptor
                0x000000008000c328       0x90 /usr/local/xenon/usr/lib/libxenon.a(usbd.o)
                0x000000008000c328                usb_get_device_descriptor
 .text.usb_get_config_descriptor
                0x000000008000c3b8       0x8c /usr/local/xenon/usr/lib/libxenon.a(usbd.o)
                0x000000008000c3b8                usb_get_config_descriptor
 .text.usb_get_device_status
                0x000000008000c444       0x1c /usr/local/xenon/usr/lib/libxenon.a(usbd.o)
                0x000000008000c444                usb_get_device_status
 .text.usb_complete_request
                0x000000008000c460       0x20 /usr/local/xenon/usr/lib/libxenon.a(usbd.o)
                0x000000008000c460                usb_complete_request
 .text.usb_initroot
                0x000000008000c480      0x150 /usr/local/xenon/usr/lib/libxenon.a(usbd.o)
                0x000000008000c480                usb_initroot
 .text.usb_find_cfg_descr
                0x000000008000c5d0       0x54 /usr/local/xenon/usr/lib/libxenon.a(usbd.o)
                0x000000008000c5d0                usb_find_cfg_descr
 .text.usb_find_driver
                0x000000008000c624      0x158 /usr/local/xenon/usr/lib/libxenon.a(usbdevs.o)
                0x000000008000c624                usb_find_driver
 .text.usbhid_detach
                0x000000008000c77c        0x8 /usr/local/xenon/usr/lib/libxenon.a(usbhid.o)
 .text.usbhid_attach
                0x000000008000c784      0x168 /usr/local/xenon/usr/lib/libxenon.a(usbhid.o)
 .text.usbhid_kbd_scan1.isra.0.part.1
                0x000000008000c8ec       0x78 /usr/local/xenon/usr/lib/libxenon.a(usbhid.o)
 .text.usbhid_ireq_callback
                0x000000008000c964      0x1a0 /usr/local/xenon/usr/lib/libxenon.a(usbhid.o)
 .text.usbhub_markdetached1
                0x000000008000cb04       0x14 /usr/local/xenon/usr/lib/libxenon.a(usbhub.o)
 .text.usbhub_get_port_status
                0x000000008000cb18       0x1c /usr/local/xenon/usr/lib/libxenon.a(usbhub.o)
 .text.usbhub_ireq_callback
                0x000000008000cb34       0x8c /usr/local/xenon/usr/lib/libxenon.a(usbhub.o)
 .text.usbhub_map_tree1
                0x000000008000cbc0       0x7c /usr/local/xenon/usr/lib/libxenon.a(usbhub.o)
 .text.usbhub_detach
                0x000000008000cc3c      0x13c /usr/local/xenon/usr/lib/libxenon.a(usbhub.o)
 .text.usbhub_attach
                0x000000008000cd78      0x1a4 /usr/local/xenon/usr/lib/libxenon.a(usbhub.o)
 .text.usbhub_map_tree
                0x000000008000cf1c       0x18 /usr/local/xenon/usr/lib/libxenon.a(usbhub.o)
                0x000000008000cf1c                usbhub_map_tree
 .text.usbhub_map_from_device
                0x000000008000cf34       0x14 /usr/local/xenon/usr/lib/libxenon.a(usbhub.o)
                0x000000008000cf34                usbhub_map_from_device
 .text.usbhub_scan1
                0x000000008000cf48      0x564 /usr/local/xenon/usr/lib/libxenon.a(usbhub.o)
 .text.usb_scan
                0x000000008000d4ac       0x10 /usr/local/xenon/usr/lib/libxenon.a(usbhub.o)
                0x000000008000d4ac                usb_scan
 .text.usb_init_one_ohci
                0x000000008000d4bc       0xcc /usr/local/xenon/usr/lib/libxenon.a(usbmain.o)
 .text.usb_shutdown
                0x000000008000d588       0xbc /usr/local/xenon/usr/lib/libxenon.a(usbmain.o)
                0x000000008000d588                usb_shutdown
 .text.usb_init
                0x000000008000d644      0x108 /usr/local/xenon/usr/lib/libxenon.a(usbmain.o)
                0x000000008000d644                usb_init
 .text.usb_do_poll
                0x000000008000d74c       0xa8 /usr/local/xenon/usr/lib/libxenon.a(usbmain.o)
                0x000000008000d74c                usb_do_poll
 .text.USBStorage_True
                0x000000008000d7f4        0x8 /usr/local/xenon/usr/lib/libxenon.a(tinyehci.o)
 .text.USBStorage_Inserted_0
                0x000000008000d7fc        0xc /usr/local/xenon/usr/lib/libxenon.a(tinyehci.o)
                0x000000008000d7fc                USBStorage_Inserted_0
 .text.USBStorage_Inserted_1
                0x000000008000d808        0xc /usr/local/xenon/usr/lib/libxenon.a(tinyehci.o)
                0x000000008000d808                USBStorage_Inserted_1
 .text.USBStorage_Inserted_2
                0x000000008000d814        0xc /usr/local/xenon/usr/lib/libxenon.a(tinyehci.o)
                0x000000008000d814                USBStorage_Inserted_2
 .text.qtd_fill
                0x000000008000d820       0xc0 /usr/local/xenon/usr/lib/libxenon.a(tinyehci.o)
 .text.ehci_qtd_alloc
                0x000000008000d8e0       0x7c /usr/local/xenon/usr/lib/libxenon.a(tinyehci.o)
 .text.handshake.isra.5
                0x000000008000d95c      0x180 /usr/local/xenon/usr/lib/libxenon.a(tinyehci.o)
 .text.ehci_mem_init
                0x000000008000dadc       0xf8 /usr/local/xenon/usr/lib/libxenon.a(tinyehci.o)
                0x000000008000dadc                ehci_mem_init
 .text.qh_urb_transaction
                0x000000008000dbd4      0x1bc /usr/local/xenon/usr/lib/libxenon.a(tinyehci.o)
                0x000000008000dbd4                qh_urb_transaction
 .text.ehci_do_urb
                0x000000008000dd90      0x3cc /usr/local/xenon/usr/lib/libxenon.a(tinyehci.o)
                0x000000008000dd90                ehci_do_urb
 .text.ehci_control_message
                0x000000008000e15c       0x84 /usr/local/xenon/usr/lib/libxenon.a(tinyehci.o)
                0x000000008000e15c                ehci_control_message
 .text.ehci_bulk_message
                0x000000008000e1e0       0x48 /usr/local/xenon/usr/lib/libxenon.a(tinyehci.o)
                0x000000008000e1e0                ehci_bulk_message
 .text.__send_cbw
                0x000000008000e228      0x110 /usr/local/xenon/usr/lib/libxenon.a(tinyehci.o)
 .text.ehci_reset_port_old
                0x000000008000e338      0x19c /usr/local/xenon/usr/lib/libxenon.a(tinyehci.o)
                0x000000008000e338                ehci_reset_port_old
 .text.ehci_adquire_port
                0x000000008000e4d4       0x94 /usr/local/xenon/usr/lib/libxenon.a(tinyehci.o)
                0x000000008000e4d4                ehci_adquire_port
 .text.ehci_reset_usb_port
                0x000000008000e568      0x170 /usr/local/xenon/usr/lib/libxenon.a(tinyehci.o)
                0x000000008000e568                ehci_reset_usb_port
 .text.ehci_reset_port2
                0x000000008000e6d8       0x6c /usr/local/xenon/usr/lib/libxenon.a(tinyehci.o)
                0x000000008000e6d8                ehci_reset_port2
 .text.USB_FreeDescriptors
                0x000000008000e744       0xc8 /usr/local/xenon/usr/lib/libxenon.a(tinyehci.o)
                0x000000008000e744                USB_FreeDescriptors
 .text.USB_GetDescriptors
                0x000000008000e80c      0x34c /usr/local/xenon/usr/lib/libxenon.a(tinyehci.o)
                0x000000008000e80c                USB_GetDescriptors
 .text.USB_GetConfiguration
                0x000000008000eb58       0x80 /usr/local/xenon/usr/lib/libxenon.a(tinyehci.o)
                0x000000008000eb58                USB_GetConfiguration
 .text.USB_SetConfiguration
                0x000000008000ebd8       0x1c /usr/local/xenon/usr/lib/libxenon.a(tinyehci.o)
                0x000000008000ebd8                USB_SetConfiguration
 .text.USB_SetAlternativeInterface
                0x000000008000ebf4       0x28 /usr/local/xenon/usr/lib/libxenon.a(tinyehci.o)
                0x000000008000ebf4                USB_SetAlternativeInterface
 .text.USB_ClearHalt
                0x000000008000ec1c       0x1c /usr/local/xenon/usr/lib/libxenon.a(tinyehci.o)
                0x000000008000ec1c                USB_ClearHalt
 .text.ehci_init_port
                0x000000008000ec38      0x140 /usr/local/xenon/usr/lib/libxenon.a(tinyehci.o)
                0x000000008000ec38                ehci_init_port
 .text.ehci_reset_port
                0x000000008000ed78       0x50 /usr/local/xenon/usr/lib/libxenon.a(tinyehci.o)
                0x000000008000ed78                ehci_reset_port
 .text.ehci_discover
                0x000000008000edc8       0x54 /usr/local/xenon/usr/lib/libxenon.a(tinyehci.o)
                0x000000008000edc8                ehci_discover
 .text.EHCI_do_one
                0x000000008000ee1c      0x144 /usr/local/xenon/usr/lib/libxenon.a(tinyehci.o)
 .text.ehci_reset_device
                0x000000008000ef60        0x8 /usr/local/xenon/usr/lib/libxenon.a(tinyehci.o)
                0x000000008000ef60                ehci_reset_device
 .text.find_ehci_data
                0x000000008000ef68       0x3c /usr/local/xenon/usr/lib/libxenon.a(tinyehci.o)
                0x000000008000ef68                find_ehci_data
 .text.USBStorage_Close
                0x000000008000efa4       0x44 /usr/local/xenon/usr/lib/libxenon.a(tinyehci.o)
                0x000000008000efa4                USBStorage_Close
 .text.USBStorage_ReadCapacity
                0x000000008000efe8       0xbc /usr/local/xenon/usr/lib/libxenon.a(tinyehci.o)
                0x000000008000efe8                USBStorage_ReadCapacity
 .text.USBStorage_MountLUN
                0x000000008000f0a4      0x1d8 /usr/local/xenon/usr/lib/libxenon.a(tinyehci.o)
                0x000000008000f0a4                USBStorage_MountLUN
 .text.__usbstorage_reset.isra.9
                0x000000008000f27c      0x1ac /usr/local/xenon/usr/lib/libxenon.a(tinyehci.o)
 .text.USBStorage_Open
                0x000000008000f428      0x378 /usr/local/xenon/usr/lib/libxenon.a(tinyehci.o)
                0x000000008000f428                USBStorage_Open
 .text.__cycle.constprop.14
                0x000000008000f7a0      0x284 /usr/local/xenon/usr/lib/libxenon.a(tinyehci.o)
 .text.USBStorage_Inquiry
                0x000000008000fa24       0xa4 /usr/local/xenon/usr/lib/libxenon.a(tinyehci.o)
                0x000000008000fa24                USBStorage_Inquiry
 .text.USBStorage_Read
                0x000000008000fac8      0x160 /usr/local/xenon/usr/lib/libxenon.a(tinyehci.o)
                0x000000008000fac8                USBStorage_Read
 .text.USBStorage_Write
                0x000000008000fc28      0x160 /usr/local/xenon/usr/lib/libxenon.a(tinyehci.o)
                0x000000008000fc28                USBStorage_Write
 .text.USBStorage_Try_Device
                0x000000008000fd88      0x164 /usr/local/xenon/usr/lib/libxenon.a(tinyehci.o)
                0x000000008000fd88                USBStorage_Try_Device
 .text.USBStorage_Init
                0x000000008000feec      0x234 /usr/local/xenon/usr/lib/libxenon.a(tinyehci.o)
                0x000000008000feec                USBStorage_Init
 .text.USBStorage_Get_Capacity
                0x0000000080010120       0x7c /usr/local/xenon/usr/lib/libxenon.a(tinyehci.o)
                0x0000000080010120                USBStorage_Get_Capacity
 .text.USBStorage_devsectors_2
                0x000000008001019c       0x28 /usr/local/xenon/usr/lib/libxenon.a(tinyehci.o)
                0x000000008001019c                USBStorage_devsectors_2
 .text.USBStorage_devsectors_1
                0x00000000800101c4       0x28 /usr/local/xenon/usr/lib/libxenon.a(tinyehci.o)
                0x00000000800101c4                USBStorage_devsectors_1
 .text.USBStorage_devsectors_0
                0x00000000800101ec       0x28 /usr/local/xenon/usr/lib/libxenon.a(tinyehci.o)
                0x00000000800101ec                USBStorage_devsectors_0
 .text.unplug_procedure
                0x0000000080010214       0xec /usr/local/xenon/usr/lib/libxenon.a(tinyehci.o)
                0x0000000080010214                unplug_procedure
 .text.USBStorage_Read_Sectors
                0x0000000080010300      0x110 /usr/local/xenon/usr/lib/libxenon.a(tinyehci.o)
                0x0000000080010300                USBStorage_Read_Sectors
 .text.USBStorage_Read_Sectors_2
                0x0000000080010410       0x1c /usr/local/xenon/usr/lib/libxenon.a(tinyehci.o)
                0x0000000080010410                USBStorage_Read_Sectors_2
 .text.USBStorage_Read_Sectors_1
                0x000000008001042c       0x1c /usr/local/xenon/usr/lib/libxenon.a(tinyehci.o)
                0x000000008001042c                USBStorage_Read_Sectors_1
 .text.USBStorage_Read_Sectors_0
                0x0000000080010448       0x1c /usr/local/xenon/usr/lib/libxenon.a(tinyehci.o)
                0x0000000080010448                USBStorage_Read_Sectors_0
 .text.USBStorage_Write_Sectors
                0x0000000080010464      0x110 /usr/local/xenon/usr/lib/libxenon.a(tinyehci.o)
                0x0000000080010464                USBStorage_Write_Sectors
 .text.USBStorage_Write_Sectors_2
                0x0000000080010574       0x1c /usr/local/xenon/usr/lib/libxenon.a(tinyehci.o)
                0x0000000080010574                USBStorage_Write_Sectors_2
 .text.USBStorage_Write_Sectors_1
                0x0000000080010590       0x1c /usr/local/xenon/usr/lib/libxenon.a(tinyehci.o)
                0x0000000080010590                USBStorage_Write_Sectors_1
 .text.USBStorage_Write_Sectors_0
                0x00000000800105ac       0x1c /usr/local/xenon/usr/lib/libxenon.a(tinyehci.o)
                0x00000000800105ac                USBStorage_Write_Sectors_0
 .text.EHCI_Init
                0x00000000800105c8       0x50 /usr/local/xenon/usr/lib/libxenon.a(tinyehci.o)
                0x00000000800105c8                EHCI_Init
 .text.data_breakpoint
                0x0000000080010618       0x38 /usr/local/xenon/usr/lib/libxenon.a(debug.o)
                0x0000000080010618                data_breakpoint
 .text.uprintf  0x0000000080010650       0x94 /usr/local/xenon/usr/lib/libxenon.a(xenon_smc.o)
                0x0000000080010650                uprintf
 .text.xenon_smc_send_message
                0x00000000800106e4       0xa0 /usr/local/xenon/usr/lib/libxenon.a(xenon_smc.o)
                0x00000000800106e4                xenon_smc_send_message
 .text.xenon_smc_receive_message
                0x0000000080010784       0x84 /usr/local/xenon/usr/lib/libxenon.a(xenon_smc.o)
                0x0000000080010784                xenon_smc_receive_message
 .text.xenon_smc_get_ir
                0x0000000080010808       0x14 /usr/local/xenon/usr/lib/libxenon.a(xenon_smc.o)
                0x0000000080010808                xenon_smc_get_ir
 .text.xenon_smc_handle_bulk
                0x000000008001081c       0x74 /usr/local/xenon/usr/lib/libxenon.a(xenon_smc.o)
                0x000000008001081c                xenon_smc_handle_bulk
 .text.xenon_smc_poll
                0x0000000080010890       0x5c /usr/local/xenon/usr/lib/libxenon.a(xenon_smc.o)
                0x0000000080010890                xenon_smc_poll
 .text.xenon_smc_receive_response
                0x00000000800108ec       0x48 /usr/local/xenon/usr/lib/libxenon.a(xenon_smc.o)
                0x00000000800108ec                xenon_smc_receive_response
 .text.xenon_smc_ana_write
                0x0000000080010934       0xa0 /usr/local/xenon/usr/lib/libxenon.a(xenon_smc.o)
                0x0000000080010934                xenon_smc_ana_write
 .text.xenon_smc_ana_read
                0x00000000800109d4       0xc0 /usr/local/xenon/usr/lib/libxenon.a(xenon_smc.o)
                0x00000000800109d4                xenon_smc_ana_read
 .text.xenon_smc_i2c_ddc_lock
                0x0000000080010a94       0x7c /usr/local/xenon/usr/lib/libxenon.a(xenon_smc.o)
                0x0000000080010a94                xenon_smc_i2c_ddc_lock
 .text.xenon_smc_i2c_write
                0x0000000080010b10       0xac /usr/local/xenon/usr/lib/libxenon.a(xenon_smc.o)
                0x0000000080010b10                xenon_smc_i2c_write
 .text.xenon_smc_i2c_read
                0x0000000080010bbc       0xc4 /usr/local/xenon/usr/lib/libxenon.a(xenon_smc.o)
                0x0000000080010bbc                xenon_smc_i2c_read
 .text.xenon_smc_power_shutdown
                0x0000000080010c80       0x40 /usr/local/xenon/usr/lib/libxenon.a(xenon_smc.o)
                0x0000000080010c80                xenon_smc_power_shutdown
 .text.xenon_smc_power_reboot
                0x0000000080010cc0       0x48 /usr/local/xenon/usr/lib/libxenon.a(xenon_smc.o)
                0x0000000080010cc0                xenon_smc_power_reboot
 .text.xenon_smc_start_bootanim
                0x0000000080010d08       0x4c /usr/local/xenon/usr/lib/libxenon.a(xenon_smc.o)
                0x0000000080010d08                xenon_smc_start_bootanim
 .text.xenon_smc_read_avpack
                0x0000000080010d54       0x48 /usr/local/xenon/usr/lib/libxenon.a(xenon_smc.o)
                0x0000000080010d54                xenon_smc_read_avpack
 .text.xenon_smc_set_fan_algorithm
                0x0000000080010d9c       0x3c /usr/local/xenon/usr/lib/libxenon.a(xenon_smc.o)
                0x0000000080010d9c                xenon_smc_set_fan_algorithm
 .text.wakeup_cpus
                0x0000000080010dd8       0xb8 /usr/local/xenon/usr/lib/libxenon.a(xenon_power.o)
                0x0000000080010dd8                wakeup_cpus
 .text.prepare_sleep
                0x0000000080010e90       0x70 /usr/local/xenon/usr/lib/libxenon.a(xenon_power.o)
                0x0000000080010e90                prepare_sleep
 .text.xenon_thread_sleep
                0x0000000080010f00       0x5c /usr/local/xenon/usr/lib/libxenon.a(xenon_power.o)
                0x0000000080010f00                xenon_thread_sleep
 .text.xenon_set_speed
                0x0000000080010f5c      0x354 /usr/local/xenon/usr/lib/libxenon.a(xenon_power.o)
                0x0000000080010f5c                xenon_set_speed
 .text.xenon_run_thread_task
                0x00000000800112b0       0x3c /usr/local/xenon/usr/lib/libxenon.a(xenon_power.o)
                0x00000000800112b0                xenon_run_thread_task
 .text.xenon_is_thread_task_running
                0x00000000800112ec       0x20 /usr/local/xenon/usr/lib/libxenon.a(xenon_power.o)
                0x00000000800112ec                xenon_is_thread_task_running
 .text.xenon_thread_startup
                0x000000008001130c       0x4c /usr/local/xenon/usr/lib/libxenon.a(xenon_power.o)
                0x000000008001130c                xenon_thread_startup
 .text.xenon_set_single_thread_mode
                0x0000000080011358       0x94 /usr/local/xenon/usr/lib/libxenon.a(xenon_power.o)
                0x0000000080011358                xenon_set_single_thread_mode
 .text.xenon_make_it_faster
                0x00000000800113ec       0xf8 /usr/local/xenon/usr/lib/libxenon.a(xenon_power.o)
                0x00000000800113ec                xenon_make_it_faster
 .text.xenon_secotp_read_line
                0x00000000800114e4       0x24 /usr/local/xenon/usr/lib/libxenon.a(xenon_secotp.o)
                0x00000000800114e4                xenon_secotp_read_line
 .text.xenon_sound_init
                0x0000000080011508      0x1d4 /usr/local/xenon/usr/lib/libxenon.a(sound.o)
                0x0000000080011508                xenon_sound_init
 .text.putch    0x00000000800116dc       0x58 /usr/local/xenon/usr/lib/libxenon.a(xenon_uart.o)
                0x00000000800116dc                putch
 .text.kbhit    0x0000000080011734       0x24 /usr/local/xenon/usr/lib/libxenon.a(xenon_uart.o)
                0x0000000080011734                kbhit
 .text.getch    0x0000000080011758       0x38 /usr/local/xenon/usr/lib/libxenon.a(xenon_uart.o)
                0x0000000080011758                getch
 .text.uart_puts
                0x0000000080011790       0x34 /usr/local/xenon/usr/lib/libxenon.a(xenon_uart.o)
                0x0000000080011790                uart_puts
 .text.sfcx_readreg
                0x00000000800117c4       0x10 /usr/local/xenon/usr/lib/libxenon.a(xenon_sfcx.o)
                0x00000000800117c4                sfcx_readreg
 .text.sfcx_read_page
                0x00000000800117d4      0x148 /usr/local/xenon/usr/lib/libxenon.a(xenon_sfcx.o)
                0x00000000800117d4                sfcx_read_page
 .text.sfcx_write_page
                0x000000008001191c      0x138 /usr/local/xenon/usr/lib/libxenon.a(xenon_sfcx.o)
                0x000000008001191c                sfcx_write_page
 .text.sfcx_read_block
                0x0000000080011a54       0x88 /usr/local/xenon/usr/lib/libxenon.a(xenon_sfcx.o)
                0x0000000080011a54                sfcx_read_block
 .text.sfcx_write_block
                0x0000000080011adc       0x6c /usr/local/xenon/usr/lib/libxenon.a(xenon_sfcx.o)
                0x0000000080011adc                sfcx_write_block
 .text.sfcx_erase_block
                0x0000000080011b48       0xc8 /usr/local/xenon/usr/lib/libxenon.a(xenon_sfcx.o)
                0x0000000080011b48                sfcx_erase_block
 .text.sfcx_calcecc_ex
                0x0000000080011c10       0x98 /usr/local/xenon/usr/lib/libxenon.a(xenon_sfcx.o)
                0x0000000080011c10                sfcx_calcecc_ex
 .text.sfcx_calcecc
                0x0000000080011ca8       0x14 /usr/local/xenon/usr/lib/libxenon.a(xenon_sfcx.o)
                0x0000000080011ca8                sfcx_calcecc
 .text.sfcx_is_pagevalid
                0x0000000080011cbc       0x54 /usr/local/xenon/usr/lib/libxenon.a(xenon_sfcx.o)
                0x0000000080011cbc                sfcx_is_pagevalid
 .text.sfcx_is_pageerased
                0x0000000080011d10       0x4c /usr/local/xenon/usr/lib/libxenon.a(xenon_sfcx.o)
                0x0000000080011d10                sfcx_is_pageerased
 .text.rawflash_checkImage_meta
                0x0000000080011d5c      0x174 /usr/local/xenon/usr/lib/libxenon.a(xenon_sfcx.o)
                0x0000000080011d5c                rawflash_checkImage_meta
 .text.rawflash_checkImage_ecd_page
                0x0000000080011ed0       0x74 /usr/local/xenon/usr/lib/libxenon.a(xenon_sfcx.o)
                0x0000000080011ed0                rawflash_checkImage_ecd_page
 .text.rawflash_checkImage_ecd
                0x0000000080011f44       0x78 /usr/local/xenon/usr/lib/libxenon.a(xenon_sfcx.o)
                0x0000000080011f44                rawflash_checkImage_ecd
 .text.rawflash_writeImage
                0x0000000080011fbc      0x1b4 /usr/local/xenon/usr/lib/libxenon.a(xenon_sfcx.o)
                0x0000000080011fbc                rawflash_writeImage
 .text.sfcx_init
                0x0000000080012170      0x2d8 /usr/local/xenon/usr/lib/libxenon.a(xenon_sfcx.o)
                0x0000000080012170                sfcx_init
 .text.rawflash_checkImage
                0x0000000080012448       0xc8 /usr/local/xenon/usr/lib/libxenon.a(xenon_sfcx.o)
                0x0000000080012448                rawflash_checkImage
 .text.try_rawflash
                0x0000000080012510      0x190 /usr/local/xenon/usr/lib/libxenon.a(xenon_sfcx.o)
                0x0000000080012510                try_rawflash
 .text.xenon_config_init
                0x00000000800126a0       0xa8 /usr/local/xenon/usr/lib/libxenon.a(xenon_config.o)
                0x00000000800126a0                xenon_config_init
 .text.xenon_config_get_avregion
                0x0000000080012748       0xa0 /usr/local/xenon/usr/lib/libxenon.a(xenon_config.o)
                0x0000000080012748                xenon_config_get_avregion
 .text.xenon_config_get_mac_addr
                0x00000000800127e8       0xb4 /usr/local/xenon/usr/lib/libxenon.a(xenon_config.o)
                0x00000000800127e8                xenon_config_get_mac_addr
 .text.xenon_config_get_vid_delta
                0x000000008001289c       0x3c /usr/local/xenon/usr/lib/libxenon.a(xenon_config.o)
                0x000000008001289c                xenon_config_get_vid_delta
 .text.xenos_write32
                0x00000000800128d8        0x8 /usr/local/xenon/usr/lib/libxenon.a(xenos.o)
                0x00000000800128d8                xenos_write32
 .text.xenos_read32
                0x00000000800128e0        0x8 /usr/local/xenon/usr/lib/libxenon.a(xenos.o)
                0x00000000800128e0                xenos_read32
 .text.xenos_ana_write
                0x00000000800128e8       0xc0 /usr/local/xenon/usr/lib/libxenon.a(xenos.o)
 .text.xenos_init_ana_new
                0x00000000800129a8      0x584 /usr/local/xenon/usr/lib/libxenon.a(xenos.o)
                0x00000000800129a8                xenos_init_ana_new
 .text.xenos_init_phase0
                0x0000000080012f2c       0xa0 /usr/local/xenon/usr/lib/libxenon.a(xenos.o)
                0x0000000080012f2c                xenos_init_phase0
 .text.xenos_init_phase1
                0x0000000080012fcc      0x448 /usr/local/xenon/usr/lib/libxenon.a(xenos.o)
                0x0000000080012fcc                xenos_init_phase1
 .text.xenos_ana_preinit
                0x0000000080013414       0xe4 /usr/local/xenon/usr/lib/libxenon.a(xenos.o)
                0x0000000080013414                xenos_ana_preinit
 .text.xenos_set_mode_f1
                0x00000000800134f8      0x190 /usr/local/xenon/usr/lib/libxenon.a(xenos.o)
                0x00000000800134f8                xenos_set_mode_f1
 .text.xenos_set_mode_f2
                0x0000000080013688      0x3dc /usr/local/xenon/usr/lib/libxenon.a(xenos.o)
                0x0000000080013688                xenos_set_mode_f2
 .text.xenos_set_mode
                0x0000000080013a64      0x400 /usr/local/xenon/usr/lib/libxenon.a(xenos.o)
                0x0000000080013a64                xenos_set_mode
 .text.xenos_hdmi_vga_mode_fix
                0x0000000080013e64       0x44 /usr/local/xenon/usr/lib/libxenon.a(xenos.o)
                0x0000000080013e64                xenos_hdmi_vga_mode_fix
 .text.xenos_autoset_mode
                0x0000000080013ea8      0x15c /usr/local/xenon/usr/lib/libxenon.a(xenos.o)
                0x0000000080013ea8                xenos_autoset_mode
 .text.xenos_init
                0x0000000080014004      0x154 /usr/local/xenon/usr/lib/libxenon.a(xenos.o)
                0x0000000080014004                xenos_init
 .text.xenos_is_overscan
                0x0000000080014158       0x38 /usr/local/xenon/usr/lib/libxenon.a(xenos.o)
                0x0000000080014158                xenos_is_overscan
 .text.xenos_is_initialized
                0x0000000080014190       0x18 /usr/local/xenon/usr/lib/libxenon.a(xenos.o)
                0x0000000080014190                xenos_is_initialized
 .text.xenos_do_probe_ddc_edid
                0x00000000800141a8      0x19c /usr/local/xenon/usr/lib/libxenon.a(xenos_edid.o)
                0x00000000800141a8                xenos_do_probe_ddc_edid
 .text.xenos_ddc_read_edid
                0x0000000080014344      0x16c /usr/local/xenon/usr/lib/libxenon.a(xenos_edid.o)
 .text.xenos_get_edid
                0x00000000800144b0       0xa8 /usr/local/xenon/usr/lib/libxenon.a(xenos_edid.o)
                0x00000000800144b0                xenos_get_edid
 .text.xenos_detect_hdmi_monitor
                0x0000000080014558       0xdc /usr/local/xenon/usr/lib/libxenon.a(xenos_edid.o)
                0x0000000080014558                xenos_detect_hdmi_monitor
 .text.mem_init
                0x0000000080014634       0x5c /usr/local/xenon/usr/lib/libxenon.a(mem.o)
                0x0000000080014634                mem_init
 .text.mem_free
                0x0000000080014690      0x204 /usr/local/xenon/usr/lib/libxenon.a(mem.o)
                0x0000000080014690                mem_free
 .text.mem_trim
                0x0000000080014894      0x180 /usr/local/xenon/usr/lib/libxenon.a(mem.o)
                0x0000000080014894                mem_trim
 .text.mem_malloc
                0x0000000080014a14      0x244 /usr/local/xenon/usr/lib/libxenon.a(mem.o)
                0x0000000080014a14                mem_malloc
 .text.netif_init
                0x0000000080014c58        0x4 /usr/local/xenon/usr/lib/libxenon.a(netif.o)
                0x0000000080014c58                netif_init
 .text.netif_set_ipaddr
                0x0000000080014c5c       0xa8 /usr/local/xenon/usr/lib/libxenon.a(netif.o)
                0x0000000080014c5c                netif_set_ipaddr
 .text.netif_set_addr
                0x0000000080014d04       0x5c /usr/local/xenon/usr/lib/libxenon.a(netif.o)
                0x0000000080014d04                netif_set_addr
 .text.netif_add
                0x0000000080014d60       0xb8 /usr/local/xenon/usr/lib/libxenon.a(netif.o)
                0x0000000080014d60                netif_add
 .text.netif_set_gw
                0x0000000080014e18       0x1c /usr/local/xenon/usr/lib/libxenon.a(netif.o)
                0x0000000080014e18                netif_set_gw
 .text.netif_set_netmask
                0x0000000080014e34       0x1c /usr/local/xenon/usr/lib/libxenon.a(netif.o)
                0x0000000080014e34                netif_set_netmask
 .text.netif_set_default
                0x0000000080014e50        0xc /usr/local/xenon/usr/lib/libxenon.a(netif.o)
                0x0000000080014e50                netif_set_default
 .text.netif_set_up
                0x0000000080014e5c       0x78 /usr/local/xenon/usr/lib/libxenon.a(netif.o)
                0x0000000080014e5c                netif_set_up
 .text.netif_set_down
                0x0000000080014ed4       0x2c /usr/local/xenon/usr/lib/libxenon.a(netif.o)
                0x0000000080014ed4                netif_set_down
 .text.pbuf_alloced_custom
                0x0000000080014f00       0xe0 /usr/local/xenon/usr/lib/libxenon.a(pbuf.o)
                0x0000000080014f00                pbuf_alloced_custom
 .text.pbuf_header
                0x0000000080014fe0      0x12c /usr/local/xenon/usr/lib/libxenon.a(pbuf.o)
                0x0000000080014fe0                pbuf_header
 .text.pbuf_free
                0x000000008001510c      0x14c /usr/local/xenon/usr/lib/libxenon.a(pbuf.o)
                0x000000008001510c                pbuf_free
 .text.pbuf_realloc
                0x0000000080015258      0x194 /usr/local/xenon/usr/lib/libxenon.a(pbuf.o)
                0x0000000080015258                pbuf_realloc
 .text.pbuf_alloc
                0x00000000800153ec      0x2f4 /usr/local/xenon/usr/lib/libxenon.a(pbuf.o)
                0x00000000800153ec                pbuf_alloc
 .text.pbuf_clen
                0x00000000800156e0       0x24 /usr/local/xenon/usr/lib/libxenon.a(pbuf.o)
                0x00000000800156e0                pbuf_clen
 .text.pbuf_ref
                0x0000000080015704       0x18 /usr/local/xenon/usr/lib/libxenon.a(pbuf.o)
                0x0000000080015704                pbuf_ref
 .text.pbuf_cat
                0x000000008001571c       0xac /usr/local/xenon/usr/lib/libxenon.a(pbuf.o)
                0x000000008001571c                pbuf_cat
 .text.pbuf_chain
                0x00000000800157c8       0x34 /usr/local/xenon/usr/lib/libxenon.a(pbuf.o)
                0x00000000800157c8                pbuf_chain
 .text.pbuf_copy
                0x00000000800157fc      0x1e4 /usr/local/xenon/usr/lib/libxenon.a(pbuf.o)
                0x00000000800157fc                pbuf_copy
 .text.pbuf_copy_partial
                0x00000000800159e0      0x104 /usr/local/xenon/usr/lib/libxenon.a(pbuf.o)
                0x00000000800159e0                pbuf_copy_partial
 .text.stats_init
                0x0000000080015ae4        0x4 /usr/local/xenon/usr/lib/libxenon.a(stats.o)
                0x0000000080015ae4                stats_init
 .text.tcp_accept_null
                0x0000000080015ae8        0x8 /usr/local/xenon/usr/lib/libxenon.a(tcp.o)
 .text.tcp_new_port
                0x0000000080015af0       0x74 /usr/local/xenon/usr/lib/libxenon.a(tcp.o)
 .text.tcp_bind
                0x0000000080015b64      0x100 /usr/local/xenon/usr/lib/libxenon.a(tcp.o)
                0x0000000080015b64                tcp_bind
 .text.tcp_listen_with_backlog
                0x0000000080015c64      0x140 /usr/local/xenon/usr/lib/libxenon.a(tcp.o)
                0x0000000080015c64                tcp_listen_with_backlog
 .text.tcp_update_rcv_ann_wnd
                0x0000000080015da4       0x90 /usr/local/xenon/usr/lib/libxenon.a(tcp.o)
                0x0000000080015da4                tcp_update_rcv_ann_wnd
 .text.tcp_recved
                0x0000000080015e34       0xac /usr/local/xenon/usr/lib/libxenon.a(tcp.o)
                0x0000000080015e34                tcp_recved
 .text.tcp_seg_free
                0x0000000080015ee0       0x50 /usr/local/xenon/usr/lib/libxenon.a(tcp.o)
                0x0000000080015ee0                tcp_seg_free
 .text.tcp_segs_free
                0x0000000080015f30       0x34 /usr/local/xenon/usr/lib/libxenon.a(tcp.o)
                0x0000000080015f30                tcp_segs_free
 .text.tcp_setprio
                0x0000000080015f64        0x8 /usr/local/xenon/usr/lib/libxenon.a(tcp.o)
                0x0000000080015f64                tcp_setprio
 .text.tcp_seg_copy
                0x0000000080015f6c       0x44 /usr/local/xenon/usr/lib/libxenon.a(tcp.o)
                0x0000000080015f6c                tcp_seg_copy
 .text.tcp_arg  0x0000000080015fb0        0x8 /usr/local/xenon/usr/lib/libxenon.a(tcp.o)
                0x0000000080015fb0                tcp_arg
 .text.tcp_recv
                0x0000000080015fb8        0x8 /usr/local/xenon/usr/lib/libxenon.a(tcp.o)
                0x0000000080015fb8                tcp_recv
 .text.tcp_sent
                0x0000000080015fc0        0x8 /usr/local/xenon/usr/lib/libxenon.a(tcp.o)
                0x0000000080015fc0                tcp_sent
 .text.tcp_err  0x0000000080015fc8        0x8 /usr/local/xenon/usr/lib/libxenon.a(tcp.o)
                0x0000000080015fc8                tcp_err
 .text.tcp_accept
                0x0000000080015fd0        0x8 /usr/local/xenon/usr/lib/libxenon.a(tcp.o)
                0x0000000080015fd0                tcp_accept
 .text.tcp_poll
                0x0000000080015fd8        0xc /usr/local/xenon/usr/lib/libxenon.a(tcp.o)
                0x0000000080015fd8                tcp_poll
 .text.tcp_pcb_purge
                0x0000000080015fe4       0x88 /usr/local/xenon/usr/lib/libxenon.a(tcp.o)
                0x0000000080015fe4                tcp_pcb_purge
 .text.tcp_slowtmr
                0x000000008001606c      0x564 /usr/local/xenon/usr/lib/libxenon.a(tcp.o)
                0x000000008001606c                tcp_slowtmr
 .text.tcp_pcb_remove
                0x00000000800165d0      0x154 /usr/local/xenon/usr/lib/libxenon.a(tcp.o)
                0x00000000800165d0                tcp_pcb_remove
 .text.tcp_abandon
                0x0000000080016724      0x128 /usr/local/xenon/usr/lib/libxenon.a(tcp.o)
                0x0000000080016724                tcp_abandon
 .text.tcp_abort
                0x000000008001684c        0x8 /usr/local/xenon/usr/lib/libxenon.a(tcp.o)
                0x000000008001684c                tcp_abort
 .text.tcp_close_shutdown
                0x0000000080016854      0x22c /usr/local/xenon/usr/lib/libxenon.a(tcp.o)
 .text.tcp_close
                0x0000000080016a80       0x20 /usr/local/xenon/usr/lib/libxenon.a(tcp.o)
                0x0000000080016a80                tcp_close
 .text.tcp_recv_null
                0x0000000080016aa0       0x5c /usr/local/xenon/usr/lib/libxenon.a(tcp.o)
                0x0000000080016aa0                tcp_recv_null
 .text.tcp_fasttmr
                0x0000000080016afc       0xc8 /usr/local/xenon/usr/lib/libxenon.a(tcp.o)
                0x0000000080016afc                tcp_fasttmr
 .text.tcp_tmr  0x0000000080016bc4       0x50 /usr/local/xenon/usr/lib/libxenon.a(tcp.o)
                0x0000000080016bc4                tcp_tmr
 .text.tcp_next_iss
                0x0000000080016c14       0x1c /usr/local/xenon/usr/lib/libxenon.a(tcp.o)
                0x0000000080016c14                tcp_next_iss
 .text.tcp_alloc
                0x0000000080016c30      0x1cc /usr/local/xenon/usr/lib/libxenon.a(tcp.o)
                0x0000000080016c30                tcp_alloc
 .text.tcp_new  0x0000000080016dfc        0x8 /usr/local/xenon/usr/lib/libxenon.a(tcp.o)
                0x0000000080016dfc                tcp_new
 .text.tcp_eff_send_mss
                0x0000000080016e04       0x5c /usr/local/xenon/usr/lib/libxenon.a(tcp.o)
                0x0000000080016e04                tcp_eff_send_mss
 .text.ip4_addr_isbroadcast
                0x0000000080016e60       0x68 /usr/local/xenon/usr/lib/libxenon.a(ip_addr.o)
                0x0000000080016e60                ip4_addr_isbroadcast
 .text.ipaddr_aton
                0x0000000080016ec8      0x22c /usr/local/xenon/usr/lib/libxenon.a(ip_addr.o)
                0x0000000080016ec8                ipaddr_aton
 .text.ipaddr_addr
                0x00000000800170f4       0x38 /usr/local/xenon/usr/lib/libxenon.a(ip_addr.o)
                0x00000000800170f4                ipaddr_addr
 .text.ipaddr_ntoa_r
                0x000000008001712c       0xf0 /usr/local/xenon/usr/lib/libxenon.a(ip_addr.o)
                0x000000008001712c                ipaddr_ntoa_r
 .text.ipaddr_ntoa
                0x000000008001721c       0x10 /usr/local/xenon/usr/lib/libxenon.a(ip_addr.o)
                0x000000008001721c                ipaddr_ntoa
 .text.ip_route
                0x000000008001722c       0x88 /usr/local/xenon/usr/lib/libxenon.a(ip.o)
                0x000000008001722c                ip_route
 .text.ip_input
                0x00000000800172b4      0x330 /usr/local/xenon/usr/lib/libxenon.a(ip.o)
                0x00000000800172b4                ip_input
 .text.ip_output_if
                0x00000000800175e4      0x1d8 /usr/local/xenon/usr/lib/libxenon.a(ip.o)
                0x00000000800175e4                ip_output_if
 .text.ip_output
                0x00000000800177bc       0xb4 /usr/local/xenon/usr/lib/libxenon.a(ip.o)
                0x00000000800177bc                ip_output
 .text.ip_reass_dequeue_datagram
                0x0000000080017870       0x68 /usr/local/xenon/usr/lib/libxenon.a(ip_frag.o)
 .text.ip_reass_free_complete_datagram
                0x00000000800178d8      0x178 /usr/local/xenon/usr/lib/libxenon.a(ip_frag.o)
 .text.ip_reass_remove_oldest_datagram
                0x0000000080017a50       0xd4 /usr/local/xenon/usr/lib/libxenon.a(ip_frag.o)
 .text.ipfrag_free_pbuf_custom
                0x0000000080017b24       0x68 /usr/local/xenon/usr/lib/libxenon.a(ip_frag.o)
 .text.ip_reass
                0x0000000080017b8c      0x4ec /usr/local/xenon/usr/lib/libxenon.a(ip_frag.o)
                0x0000000080017b8c                ip_reass
 .text.ip_frag  0x0000000080018078      0x238 /usr/local/xenon/usr/lib/libxenon.a(ip_frag.o)
                0x0000000080018078                ip_frag
 .text.tcp_pbuf_prealloc
                0x00000000800182b0       0xd8 /usr/local/xenon/usr/lib/libxenon.a(tcp_out.o)
 .text.tcp_create_segment
                0x0000000080018388      0x110 /usr/local/xenon/usr/lib/libxenon.a(tcp_out.o)
 .text.tcp_output_alloc_header.constprop.1
                0x0000000080018498       0xb0 /usr/local/xenon/usr/lib/libxenon.a(tcp_out.o)
 .text.tcp_write
                0x0000000080018548      0x6d4 /usr/local/xenon/usr/lib/libxenon.a(tcp_out.o)
                0x0000000080018548                tcp_write
 .text.tcp_enqueue_flags
                0x0000000080018c1c      0x258 /usr/local/xenon/usr/lib/libxenon.a(tcp_out.o)
                0x0000000080018c1c                tcp_enqueue_flags
 .text.tcp_send_fin
                0x0000000080018e74       0x4c /usr/local/xenon/usr/lib/libxenon.a(tcp_out.o)
                0x0000000080018e74                tcp_send_fin
 .text.tcp_send_empty_ack
                0x0000000080018ec0       0x90 /usr/local/xenon/usr/lib/libxenon.a(tcp_out.o)
                0x0000000080018ec0                tcp_send_empty_ack
 .text.tcp_output
                0x0000000080018f50      0x428 /usr/local/xenon/usr/lib/libxenon.a(tcp_out.o)
                0x0000000080018f50                tcp_output
 .text.tcp_rst  0x0000000080019378      0x124 /usr/local/xenon/usr/lib/libxenon.a(tcp_out.o)
                0x0000000080019378                tcp_rst
 .text.tcp_rexmit_rto
                0x000000008001949c       0x48 /usr/local/xenon/usr/lib/libxenon.a(tcp_out.o)
                0x000000008001949c                tcp_rexmit_rto
 .text.tcp_rexmit
                0x00000000800194e4       0x64 /usr/local/xenon/usr/lib/libxenon.a(tcp_out.o)
                0x00000000800194e4                tcp_rexmit
 .text.tcp_rexmit_fast
                0x0000000080019548       0x98 /usr/local/xenon/usr/lib/libxenon.a(tcp_out.o)
                0x0000000080019548                tcp_rexmit_fast
 .text.tcp_keepalive
                0x00000000800195e0       0xac /usr/local/xenon/usr/lib/libxenon.a(tcp_out.o)
                0x00000000800195e0                tcp_keepalive
 .text.tcp_zero_window_probe
                0x000000008001968c      0x12c /usr/local/xenon/usr/lib/libxenon.a(tcp_out.o)
                0x000000008001968c                tcp_zero_window_probe
 .text.udp_input
                0x00000000800197b8      0x388 /usr/local/xenon/usr/lib/libxenon.a(udp.o)
                0x00000000800197b8                udp_input
 .text.udp_bind
                0x0000000080019b40      0x134 /usr/local/xenon/usr/lib/libxenon.a(udp.o)
                0x0000000080019b40                udp_bind
 .text.udp_sendto_if
                0x0000000080019c74      0x1ac /usr/local/xenon/usr/lib/libxenon.a(udp.o)
                0x0000000080019c74                udp_sendto_if
 .text.udp_sendto
                0x0000000080019e20       0x78 /usr/local/xenon/usr/lib/libxenon.a(udp.o)
                0x0000000080019e20                udp_sendto
 .text.udp_connect
                0x0000000080019e98       0xa8 /usr/local/xenon/usr/lib/libxenon.a(udp.o)
                0x0000000080019e98                udp_connect
 .text.udp_recv
                0x0000000080019f40        0xc /usr/local/xenon/usr/lib/libxenon.a(udp.o)
                0x0000000080019f40                udp_recv
 .text.udp_remove
                0x0000000080019f4c       0x50 /usr/local/xenon/usr/lib/libxenon.a(udp.o)
                0x0000000080019f4c                udp_remove
 .text.udp_new  0x0000000080019f9c       0x44 /usr/local/xenon/usr/lib/libxenon.a(udp.o)
                0x0000000080019f9c                udp_new
 .text.etharp_send_ip
                0x0000000080019fe0       0x70 /usr/local/xenon/usr/lib/libxenon.a(etharp.o)
 .text.free_etharp_q
                0x000000008001a050       0xbc /usr/local/xenon/usr/lib/libxenon.a(etharp.o)
 .text.find_entry
                0x000000008001a10c      0x264 /usr/local/xenon/usr/lib/libxenon.a(etharp.o)
 .text.update_arp_entry
                0x000000008001a370      0x12c /usr/local/xenon/usr/lib/libxenon.a(etharp.o)
 .text.etharp_ip_input
                0x000000008001a49c       0x78 /usr/local/xenon/usr/lib/libxenon.a(etharp.o)
                0x000000008001a49c                etharp_ip_input
 .text.etharp_arp_input
                0x000000008001a514      0x218 /usr/local/xenon/usr/lib/libxenon.a(etharp.o)
                0x000000008001a514                etharp_arp_input
 .text.etharp_request
                0x000000008001a72c      0x174 /usr/local/xenon/usr/lib/libxenon.a(etharp.o)
                0x000000008001a72c                etharp_request
 .text.etharp_query
                0x000000008001a8a0      0x2b8 /usr/local/xenon/usr/lib/libxenon.a(etharp.o)
                0x000000008001a8a0                etharp_query
 .text.etharp_output
                0x000000008001ab58      0x180 /usr/local/xenon/usr/lib/libxenon.a(etharp.o)
                0x000000008001ab58                etharp_output
 .text.dhcp_set_state
                0x000000008001acd8       0x24 /usr/local/xenon/usr/lib/libxenon.a(dhcp.o)
 .text.dhcp_check
                0x000000008001acfc       0x54 /usr/local/xenon/usr/lib/libxenon.a(dhcp.o)
 .text.dhcp_bind
                0x000000008001ad50      0x190 /usr/local/xenon/usr/lib/libxenon.a(dhcp.o)
 .text.dhcp_option
                0x000000008001aee0       0x68 /usr/local/xenon/usr/lib/libxenon.a(dhcp.o)
 .text.dhcp_option_byte
                0x000000008001af48       0x50 /usr/local/xenon/usr/lib/libxenon.a(dhcp.o)
 .text.dhcp_option_trailer
                0x000000008001af98      0x104 /usr/local/xenon/usr/lib/libxenon.a(dhcp.o)
 .text.dhcp_option_short
                0x000000008001b09c       0x68 /usr/local/xenon/usr/lib/libxenon.a(dhcp.o)
 .text.dhcp_option_long
                0x000000008001b104       0x98 /usr/local/xenon/usr/lib/libxenon.a(dhcp.o)
 .text.dhcp_create_msg
                0x000000008001b19c      0x2b0 /usr/local/xenon/usr/lib/libxenon.a(dhcp.o)
 .text.dhcp_delete_msg
                0x000000008001b44c       0xac /usr/local/xenon/usr/lib/libxenon.a(dhcp.o)
 .text.dhcp_reboot
                0x000000008001b4f8       0xf8 /usr/local/xenon/usr/lib/libxenon.a(dhcp.o)
 .text.dhcp_discover
                0x000000008001b5f0      0x144 /usr/local/xenon/usr/lib/libxenon.a(dhcp.o)
 .text.dhcp_select
                0x000000008001b734      0x1dc /usr/local/xenon/usr/lib/libxenon.a(dhcp.o)
 .text.dhcp_rebind
                0x000000008001b910      0x150 /usr/local/xenon/usr/lib/libxenon.a(dhcp.o)
 .text.dhcp_recv
                0x000000008001ba60      0x8b4 /usr/local/xenon/usr/lib/libxenon.a(dhcp.o)
 .text.dhcp_arp_reply
                0x000000008001c314      0x100 /usr/local/xenon/usr/lib/libxenon.a(dhcp.o)
                0x000000008001c314                dhcp_arp_reply
 .text.dhcp_renew
                0x000000008001c414      0x14c /usr/local/xenon/usr/lib/libxenon.a(dhcp.o)
                0x000000008001c414                dhcp_renew
 .text.dhcp_coarse_tmr
                0x000000008001c560       0xb4 /usr/local/xenon/usr/lib/libxenon.a(dhcp.o)
                0x000000008001c560                dhcp_coarse_tmr
 .text.dhcp_release
                0x000000008001c614      0x114 /usr/local/xenon/usr/lib/libxenon.a(dhcp.o)
                0x000000008001c614                dhcp_release
 .text.dhcp_fine_tmr
                0x000000008001c728      0x12c /usr/local/xenon/usr/lib/libxenon.a(dhcp.o)
                0x000000008001c728                dhcp_fine_tmr
 .text.dhcp_stop
                0x000000008001c854       0xc0 /usr/local/xenon/usr/lib/libxenon.a(dhcp.o)
                0x000000008001c854                dhcp_stop
 .text.dhcp_start
                0x000000008001c914      0x198 /usr/local/xenon/usr/lib/libxenon.a(dhcp.o)
                0x000000008001c914                dhcp_start
 .text.raw_input
                0x000000008001caac       0xe8 /usr/local/xenon/usr/lib/libxenon.a(raw.o)
                0x000000008001caac                raw_input
 .text.tcp_timer_needed
                0x000000008001cb94        0x4 /usr/local/xenon/usr/lib/libxenon.a(timers.o)
                0x000000008001cb94                tcp_timer_needed
 .text.phy_read
                0x000000008001cb98       0x88 /usr/local/xenon/usr/lib/libxenon.a(enet.o)
 .text.enet_linkoutput
                0x000000008001cc20      0x124 /usr/local/xenon/usr/lib/libxenon.a(enet.o)
 .text.enet_init
                0x000000008001cd44      0x568 /usr/local/xenon/usr/lib/libxenon.a(enet.o)
                0x000000008001cd44                enet_init
 .text.enet_poll
                0x000000008001d2ac      0x26c /usr/local/xenon/usr/lib/libxenon.a(enet.o)
                0x000000008001d2ac                enet_poll
 .text.enet_quiesce
                0x000000008001d518       0x38 /usr/local/xenon/usr/lib/libxenon.a(enet.o)
                0x000000008001d518                enet_quiesce
 .text.mftb     0x000000008001d550       0x1c /usr/local/xenon/usr/lib/libxenon.a(network.o)
 .text.network_poll
                0x000000008001d56c       0xf0 /usr/local/xenon/usr/lib/libxenon.a(network.o)
                0x000000008001d56c                network_poll
 .text.network_init
                0x000000008001d65c      0x220 /usr/local/xenon/usr/lib/libxenon.a(network.o)
                0x000000008001d65c                network_init
 .text.network_print_config
                0x000000008001d87c       0x90 /usr/local/xenon/usr/lib/libxenon.a(network.o)
                0x000000008001d87c                network_print_config
 .text.elf_setArgcArgv
                0x000000008001d90c       0xf0 /usr/local/xenon/usr/lib/libxenon.a(elf.o)
                0x000000008001d90c                elf_setArgcArgv
 .text.elf_runFromMemory
                0x000000008001d9fc       0xd4 /usr/local/xenon/usr/lib/libxenon.a(elf.o)
                0x000000008001d9fc                elf_runFromMemory
 .text.kernel_prepare_initrd
                0x000000008001dad0       0x80 /usr/local/xenon/usr/lib/libxenon.a(elf.o)
                0x000000008001dad0                kernel_prepare_initrd
 .text.kernel_relocate_initrd
                0x000000008001db50       0x9c /usr/local/xenon/usr/lib/libxenon.a(elf.o)
                0x000000008001db50                kernel_relocate_initrd
 .text.elf_runWithDeviceTree
                0x000000008001dbec      0x250 /usr/local/xenon/usr/lib/libxenon.a(elf.o)
                0x000000008001dbec                elf_runWithDeviceTree
 .text.kernel_reset_initrd
                0x000000008001de3c       0x44 /usr/local/xenon/usr/lib/libxenon.a(elf.o)
                0x000000008001de3c                kernel_reset_initrd
 .text.kernel_build_cmdline
                0x000000008001de80       0xb4 /usr/local/xenon/usr/lib/libxenon.a(elf.o)
                0x000000008001de80                kernel_build_cmdline
 .text.fdt32_to_cpu
                0x000000008001df34        0xc /usr/local/xenon/usr/lib/libxenon.a(fdt_ro.o)
 .text.fdt64_to_cpu
                0x000000008001df40       0x14 /usr/local/xenon/usr/lib/libxenon.a(fdt_ro.o)
 .text._nextprop
                0x000000008001df54       0x6c /usr/local/xenon/usr/lib/libxenon.a(fdt_ro.o)
 .text.fdt_string
                0x000000008001dfc0       0x34 /usr/local/xenon/usr/lib/libxenon.a(fdt_ro.o)
                0x000000008001dfc0                fdt_string
 .text.fdt_num_mem_rsv
                0x000000008001dff4       0x5c /usr/local/xenon/usr/lib/libxenon.a(fdt_ro.o)
                0x000000008001dff4                fdt_num_mem_rsv
 .text.fdt_subnode_offset_namelen
                0x000000008001e050       0xf4 /usr/local/xenon/usr/lib/libxenon.a(fdt_ro.o)
                0x000000008001e050                fdt_subnode_offset_namelen
 .text.fdt_first_property_offset
                0x000000008001e144       0x44 /usr/local/xenon/usr/lib/libxenon.a(fdt_ro.o)
                0x000000008001e144                fdt_first_property_offset
 .text.fdt_next_property_offset
                0x000000008001e188       0x44 /usr/local/xenon/usr/lib/libxenon.a(fdt_ro.o)
                0x000000008001e188                fdt_next_property_offset
 .text.fdt_get_property_by_offset
                0x000000008001e1cc       0x74 /usr/local/xenon/usr/lib/libxenon.a(fdt_ro.o)
                0x000000008001e1cc                fdt_get_property_by_offset
 .text.fdt_get_property_namelen
                0x000000008001e240       0xc8 /usr/local/xenon/usr/lib/libxenon.a(fdt_ro.o)
                0x000000008001e240                fdt_get_property_namelen
 .text.fdt_get_property
                0x000000008001e308       0x58 /usr/local/xenon/usr/lib/libxenon.a(fdt_ro.o)
                0x000000008001e308                fdt_get_property
 .text.fdt_getprop_namelen
                0x000000008001e360       0x34 /usr/local/xenon/usr/lib/libxenon.a(fdt_ro.o)
                0x000000008001e360                fdt_getprop_namelen
 .text.fdt_get_alias_namelen
                0x000000008001e394       0x6c /usr/local/xenon/usr/lib/libxenon.a(fdt_ro.o)
                0x000000008001e394                fdt_get_alias_namelen
 .text.fdt_path_offset
                0x000000008001e400      0x108 /usr/local/xenon/usr/lib/libxenon.a(fdt_ro.o)
                0x000000008001e400                fdt_path_offset
 .text.fdt32_to_cpu
                0x000000008001e508        0xc /usr/local/xenon/usr/lib/libxenon.a(fdt_rw.o)
 .text._fdt_blocks_misordered
                0x000000008001e514       0xa0 /usr/local/xenon/usr/lib/libxenon.a(fdt_rw.o)
 .text._fdt_rw_check_header
                0x000000008001e5b4       0x84 /usr/local/xenon/usr/lib/libxenon.a(fdt_rw.o)
 .text._fdt_packblocks
                0x000000008001e638       0xcc /usr/local/xenon/usr/lib/libxenon.a(fdt_rw.o)
 .text._fdt_splice
                0x000000008001e704       0xa0 /usr/local/xenon/usr/lib/libxenon.a(fdt_rw.o)
 .text._fdt_splice_struct
                0x000000008001e7a4       0x64 /usr/local/xenon/usr/lib/libxenon.a(fdt_rw.o)
 .text._fdt_splice_mem_rsv
                0x000000008001e808       0x70 /usr/local/xenon/usr/lib/libxenon.a(fdt_rw.o)
 .text.fdt_add_mem_rsv
                0x000000008001e878       0x98 /usr/local/xenon/usr/lib/libxenon.a(fdt_rw.o)
                0x000000008001e878                fdt_add_mem_rsv
 .text.fdt_setprop
                0x000000008001e910      0x1cc /usr/local/xenon/usr/lib/libxenon.a(fdt_rw.o)
                0x000000008001e910                fdt_setprop
 .text.fdt_open_into
                0x000000008001eadc      0x1bc /usr/local/xenon/usr/lib/libxenon.a(fdt_rw.o)
                0x000000008001eadc                fdt_open_into
 .text.fdt_pack
                0x000000008001ec98       0x7c /usr/local/xenon/usr/lib/libxenon.a(fdt_rw.o)
                0x000000008001ec98                fdt_pack
 .text.print_key
                0x000000008001ed14       0x7c /usr/local/xenon/usr/lib/libxenon.a(xb360.o)
                0x000000008001ed14                print_key
 .text.cpu_get_key
                0x000000008001ed90       0x7c /usr/local/xenon/usr/lib/libxenon.a(xb360.o)
                0x000000008001ed90                cpu_get_key
 .text.kv_get_key
                0x000000008001ee0c       0x74 /usr/local/xenon/usr/lib/libxenon.a(xb360.o)
                0x000000008001ee0c                kv_get_key
 .text.updateXeLL
                0x000000008001ee80      0x35c /usr/local/xenon/usr/lib/libxenon.a(xb360.o)
                0x000000008001ee80                updateXeLL
 .text.xenon_get_DVE
                0x000000008001f1dc       0x38 /usr/local/xenon/usr/lib/libxenon.a(xb360.o)
                0x000000008001f1dc                xenon_get_DVE
 .text.xenon_get_PCIBridgeRevisionID
                0x000000008001f214       0x2c /usr/local/xenon/usr/lib/libxenon.a(xb360.o)
                0x000000008001f214                xenon_get_PCIBridgeRevisionID
 .text.xenon_get_XenosID
                0x000000008001f240       0x28 /usr/local/xenon/usr/lib/libxenon.a(xb360.o)
                0x000000008001f240                xenon_get_XenosID
 .text.xenon_get_console_type
                0x000000008001f268       0xcc /usr/local/xenon/usr/lib/libxenon.a(xb360.o)
                0x000000008001f268                xenon_get_console_type
 .text.xenon_logical_nand_data_ok
                0x000000008001f334       0x1c /usr/local/xenon/usr/lib/libxenon.a(xb360.o)
                0x000000008001f334                xenon_logical_nand_data_ok
 .text.xenon_get_logical_nand_data
                0x000000008001f350       0x50 /usr/local/xenon/usr/lib/libxenon.a(xb360.o)
                0x000000008001f350                xenon_get_logical_nand_data
 .text.get_virtual_cpukey
                0x000000008001f3a0       0x88 /usr/local/xenon/usr/lib/libxenon.a(xb360.o)
                0x000000008001f3a0                get_virtual_cpukey
 .text.xenon_get_kv_size
                0x000000008001f428       0x40 /usr/local/xenon/usr/lib/libxenon.a(xb360.o)
                0x000000008001f428                xenon_get_kv_size
 .text.xenon_get_kv_offset
                0x000000008001f468       0x40 /usr/local/xenon/usr/lib/libxenon.a(xb360.o)
                0x000000008001f468                xenon_get_kv_offset
 .text.kv_read  0x000000008001f4a8      0x1a0 /usr/local/xenon/usr/lib/libxenon.a(xb360.o)
                0x000000008001f4a8                kv_read
 .text.kv_get_dvd_key
                0x000000008001f648      0x128 /usr/local/xenon/usr/lib/libxenon.a(xb360.o)
                0x000000008001f648                kv_get_dvd_key
 .text.print_cpu_dvd_keys
                0x000000008001f770       0xcc /usr/local/xenon/usr/lib/libxenon.a(xb360.o)
                0x000000008001f770                print_cpu_dvd_keys
 .text.kfree    0x000000008001f83c       0xb8 /usr/local/xenon/usr/lib/libxenon.a(lib_malloc.o)
                0x000000008001f83c                kfree
 .text.lib_outofmemory
                0x000000008001f8f4        0xc /usr/local/xenon/usr/lib/libxenon.a(lib_malloc.o)
                0x000000008001f8f4                lib_outofmemory
 .text.kmalloc  0x000000008001f900      0x144 /usr/local/xenon/usr/lib/libxenon.a(lib_malloc.o)
                0x000000008001f900                kmalloc
 .text.kmem_init
                0x000000008001fa44       0x70 /usr/local/xenon/usr/lib/libxenon.a(lib_malloc.o)
                0x000000008001fa44                kmem_init
 .text.read32   0x000000008001fab4        0x8 /usr/local/xenon/usr/lib/libxenon.a(io.o)
                0x000000008001fab4                read32
 .text.read32n  0x000000008001fabc        0x8 /usr/local/xenon/usr/lib/libxenon.a(io.o)
                0x000000008001fabc                read32n
 .text.write32  0x000000008001fac4        0x8 /usr/local/xenon/usr/lib/libxenon.a(io.o)
                0x000000008001fac4                write32
 .text.write32n
                0x000000008001facc        0x8 /usr/local/xenon/usr/lib/libxenon.a(io.o)
                0x000000008001facc                write32n
 .text.dummy_attach
                0x000000008001fad4        0x8 /usr/local/xenon/usr/lib/libxenon.a(dummy.o)
 .text.dummy_detach
                0x000000008001fadc        0x8 /usr/local/xenon/usr/lib/libxenon.a(dummy.o)
 .text._ohci_allocept
                0x000000008001fae4       0x64 /usr/local/xenon/usr/lib/libxenon.a(ohci.o)
 .text._ohci_allocxfer
                0x000000008001fb48       0x5c /usr/local/xenon/usr/lib/libxenon.a(ohci.o)
 .text.ohci_delete
                0x000000008001fba4        0x4 /usr/local/xenon/usr/lib/libxenon.a(ohci.o)
 .text.ohci_ept_setaddr
                0x000000008001fba8       0x38 /usr/local/xenon/usr/lib/libxenon.a(ohci.o)
 .text.ohci_ept_setmps
                0x000000008001fbe0       0x44 /usr/local/xenon/usr/lib/libxenon.a(ohci.o)
 .text._ohci_queueept
                0x000000008001fc24       0x5c /usr/local/xenon/usr/lib/libxenon.a(ohci.o)
 .text.ohci_ept_create
                0x000000008001fc80      0x148 /usr/local/xenon/usr/lib/libxenon.a(ohci.o)
 .text.ohci_ept_cleartoggle
                0x000000008001fdc8       0x48 /usr/local/xenon/usr/lib/libxenon.a(ohci.o)
 .text.ohci_stop
                0x000000008001fe10       0x14 /usr/local/xenon/usr/lib/libxenon.a(ohci.o)
 .text.ohci_ept_delete
                0x000000008001fe24      0x1fc /usr/local/xenon/usr/lib/libxenon.a(ohci.o)
 .text.ohci_start
                0x0000000080020020      0x1a4 /usr/local/xenon/usr/lib/libxenon.a(ohci.o)
 .text.ohci_roothub_strdscr
                0x00000000800201c4       0x6c /usr/local/xenon/usr/lib/libxenon.a(ohci.o)
 .text.ohci_intr
                0x0000000080020230      0x20c /usr/local/xenon/usr/lib/libxenon.a(ohci.o)
 .text._ohci_dma_alloc
                0x000000008002043c       0x50 /usr/local/xenon/usr/lib/libxenon.a(ohci.o)
 .text.ohci_create
                0x000000008002048c      0x2b4 /usr/local/xenon/usr/lib/libxenon.a(ohci.o)
 .text.ohci_xfer
                0x0000000080020740      0x7e0 /usr/local/xenon/usr/lib/libxenon.a(ohci.o)
 .text.getstringmaybe
                0x0000000080020f20       0x70 /usr/local/xenon/usr/lib/libxenon.a(usbdebug.o)
 .text.usb_dbg_dumpportstatus
                0x0000000080020f90      0x27c /usr/local/xenon/usr/lib/libxenon.a(usbdebug.o)
                0x0000000080020f90                usb_dbg_dumpportstatus
 .text.usb_dbg_dumpdescriptors
                0x000000008002120c      0x680 /usr/local/xenon/usr/lib/libxenon.a(usbdebug.o)
                0x000000008002120c                usb_dbg_dumpdescriptors
 .text.ehci_maligned
                0x000000008002188c       0x9c /usr/local/xenon/usr/lib/libxenon.a(usb_os.o)
                0x000000008002188c                ehci_maligned
 .text.ehci_virt_to_dma
                0x0000000080021928        0x8 /usr/local/xenon/usr/lib/libxenon.a(usb_os.o)
                0x0000000080021928                ehci_virt_to_dma
 .text.ehci_dma_map_to
                0x0000000080021930       0x28 /usr/local/xenon/usr/lib/libxenon.a(usb_os.o)
                0x0000000080021930                ehci_dma_map_to
 .text.ehci_dma_map_from
                0x0000000080021958       0x28 /usr/local/xenon/usr/lib/libxenon.a(usb_os.o)
                0x0000000080021958                ehci_dma_map_from
 .text.ehci_dma_map_bidir
                0x0000000080021980       0x28 /usr/local/xenon/usr/lib/libxenon.a(usb_os.o)
                0x0000000080021980                ehci_dma_map_bidir
 .text.ehci_dma_unmap_to
                0x00000000800219a8        0x8 /usr/local/xenon/usr/lib/libxenon.a(usb_os.o)
                0x00000000800219a8                ehci_dma_unmap_to
 .text.ehci_dma_unmap_from
                0x00000000800219b0        0x8 /usr/local/xenon/usr/lib/libxenon.a(usb_os.o)
                0x00000000800219b0                ehci_dma_unmap_from
 .text.ehci_dma_unmap_bidir
                0x00000000800219b8        0x8 /usr/local/xenon/usr/lib/libxenon.a(usb_os.o)
                0x00000000800219b8                ehci_dma_unmap_bidir
 .text.ehci_usleep
                0x00000000800219c0        0x4 /usr/local/xenon/usr/lib/libxenon.a(usb_os.o)
                0x00000000800219c0                ehci_usleep
 .text.ehci_msleep
                0x00000000800219c4        0x4 /usr/local/xenon/usr/lib/libxenon.a(usb_os.o)
                0x00000000800219c4                ehci_msleep
 .text.USB_Alloc
                0x00000000800219c8        0x4 /usr/local/xenon/usr/lib/libxenon.a(usb_os.o)
                0x00000000800219c8                USB_Alloc
 .text.USB_Free
                0x00000000800219cc        0x4 /usr/local/xenon/usr/lib/libxenon.a(usb_os.o)
                0x00000000800219cc                USB_Free
 .text.xenon_gpio_control
                0x00000000800219d0       0x7c /usr/local/xenon/usr/lib/libxenon.a(xenon_gpio.o)
                0x00000000800219d0                xenon_gpio_control
 .text.xenon_gpio_set_oe